no change     /scratch/mkalla/miniconda3/condabin/conda
no change     /scratch/mkalla/miniconda3/bin/conda
no change     /scratch/mkalla/miniconda3/bin/conda-env
no change     /scratch/mkalla/miniconda3/bin/activate
no change     /scratch/mkalla/miniconda3/bin/deactivate
no change     /scratch/mkalla/miniconda3/etc/profile.d/conda.sh
no change     /scratch/mkalla/miniconda3/etc/fish/conf.d/conda.fish
no change     /scratch/mkalla/miniconda3/shell/condabin/Conda.psm1
no change     /scratch/mkalla/miniconda3/shell/condabin/conda-hook.ps1
no change     /scratch/mkalla/miniconda3/lib/python3.12/site-packages/xontrib/conda.xsh
no change     /scratch/mkalla/miniconda3/etc/profile.d/conda.csh
no change     /home/opis/mkalla/.bashrc
No action taken.
--- Job Slurm ID: 507755_25 ---
--- Volet: mlp | num_layers=30 | num_pd_layers=10 | mlp_hidden=50,25 | run_tag=ablation_mlp/run_set_507755 ---
[INFO] Exécution verrouillée sur le GPU : 0
[AVERTISSEMENT] Paramètre 'train' du YAML non reconnu par argparse.
[AVERTISSEMENT] Paramètre 'val' du YAML non reconnu par argparse.
[AVERTISSEMENT] Paramètre 'test' du YAML non reconnu par argparse.
[AVERTISSEMENT] Paramètre 'save_dir' du YAML non reconnu par argparse.
[AVERTISSEMENT] Paramètre 'train_batch_size' du YAML non reconnu par argparse.
[AVERTISSEMENT] Paramètre 'val_batch_size' du YAML non reconnu par argparse.
[AVERTISSEMENT] Paramètre 'test_batch_size' du YAML non reconnu par argparse.
[AVERTISSEMENT] Paramètre 'Loss' du YAML non reconnu par argparse.
[AVERTISSEMENT] Paramètre 'number_layers' du YAML non reconnu par argparse.
[AVERTISSEMENT] Paramètre 'number_pd_layers' du YAML non reconnu par argparse.
[AVERTISSEMENT] Paramètre 'resume' du YAML non reconnu par argparse.
=== Lancement : P3MG | Stratégie : UNROLLING | Mode : FULL ===
--- Préparation des DataLoaders ---
[INFO] Chargement des données depuis : ./Dataset/data_0
[INFO] Instanciation des MyDataset...
[INFO] Train: 800 | Val: 100 | Test: 100
[INFO] Résultats sauvegardés dans : runs/ablation/p3mg/ablation_mlp/run_set_507755/20260830-195230_full
[INFO] Modèle P3MG instancié.
--- [TRAIN] P3MG (UNROLLING) | Epochs: 30 | Loss: MSE ---
Ep 1/30 | Tr: 2.1938e-05 | Val: 1.6027e-05 | T: 355.3s
Ep 2/30 | Tr: 1.4516e-05 | Val: 1.3738e-05 | T: 354.6s
Ep 3/30 | Tr: 2.5727e-05 | Val: 2.1289e-05 | T: 352.9s
Ep 4/30 | Tr: 1.7852e-05 | Val: 1.5423e-05 | T: 352.7s
Ep 5/30 | Tr: 1.6615e-05 | Val: 1.5458e-05 | T: 356.4s
Ep 6/30 | Tr: 1.5947e-05 | Val: 1.5048e-05 | T: 355.3s
Ep 7/30 | Tr: 1.5496e-05 | Val: 1.4882e-05 | T: 354.7s
Ep 8/30 | Tr: 1.5200e-05 | Val: 1.4135e-05 | T: 353.2s
Ep 9/30 | Tr: 1.5140e-05 | Val: 1.4352e-05 | T: 353.8s
Ep 10/30 | Tr: 1.4809e-05 | Val: 1.4129e-05 | T: 355.8s
Ep 11/30 | Tr: 1.4604e-05 | Val: 1.3989e-05 | T: 356.0s
Ep 12/30 | Tr: 1.4489e-05 | Val: 1.3867e-05 | T: 353.5s
Ep 13/30 | Tr: 1.4674e-05 | Val: 1.4313e-05 | T: 356.1s
Ep 14/30 | Tr: 1.4790e-05 | Val: 1.4342e-05 | T: 354.1s
Ep 15/30 | Tr: 1.4672e-05 | Val: 1.4425e-05 | T: 352.8s
Ep 16/30 | Tr: 1.4587e-05 | Val: 1.4232e-05 | T: 356.6s
Ep 17/30 | Tr: 1.4553e-05 | Val: 1.4411e-05 | T: 358.1s
Ep 18/30 | Tr: 1.4679e-05 | Val: 1.4158e-05 | T: 355.9s
Ep 19/30 | Tr: 1.4580e-05 | Val: 1.4176e-05 | T: 354.5s
Ep 20/30 | Tr: 1.4494e-05 | Val: 1.4294e-05 | T: 354.1s
Ep 21/30 | Tr: 1.4446e-05 | Val: 1.3967e-05 | T: 354.1s
Ep 22/30 | Tr: 1.4331e-05 | Val: 1.3899e-05 | T: 355.3s
Ep 23/30 | Tr: 1.4326e-05 | Val: 1.3784e-05 | T: 354.8s
Ep 24/30 | Tr: 1.4260e-05 | Val: 1.3781e-05 | T: 357.6s
Ep 25/30 | Tr: 1.4215e-05 | Val: 1.3597e-05 | T: 356.4s
Ep 26/30 | Tr: 1.4177e-05 | Val: 1.3637e-05 | T: 356.5s
Ep 27/30 | Tr: 1.4127e-05 | Val: 1.3689e-05 | T: 355.5s
Ep 28/30 | Tr: 1.4097e-05 | Val: 1.3609e-05 | T: 353.9s
Ep 29/30 | Tr: 1.4071e-05 | Val: 1.3572e-05 | T: 353.7s
Ep 30/30 | Tr: 1.4231e-05 | Val: 1.3400e-05 | T: 354.6s
--- [TRAIN] Terminé en 179.53 min ---
--- [TEST] P3MG (UNROLLING) | Metric: MSE | Samples: 100 ---
[INFO] Chargement des poids depuis : runs/ablation/p3mg/ablation_mlp/run_set_507755/20260830-195230_full/checkpoints/best_model.pt
[RESULT] Mean MSE: 1.4822e-05 | Median: 1.4858e-05 | Std: 4.8527e-06 | Best: 3.9259e-06 | Worst: 3.0311e-05

=== Exécution Terminée ===
--- Tache 25 terminee (volet: mlp) ---
