no change     /scratch/mkalla/miniconda3/condabin/conda
no change     /scratch/mkalla/miniconda3/bin/conda
no change     /scratch/mkalla/miniconda3/bin/conda-env
no change     /scratch/mkalla/miniconda3/bin/activate
no change     /scratch/mkalla/miniconda3/bin/deactivate
no change     /scratch/mkalla/miniconda3/etc/profile.d/conda.sh
no change     /scratch/mkalla/miniconda3/etc/fish/conf.d/conda.fish
no change     /scratch/mkalla/miniconda3/shell/condabin/Conda.psm1
no change     /scratch/mkalla/miniconda3/shell/condabin/conda-hook.ps1
no change     /scratch/mkalla/miniconda3/lib/python3.12/site-packages/xontrib/conda.xsh
no change     /scratch/mkalla/miniconda3/etc/profile.d/conda.csh
no change     /home/opis/mkalla/.bashrc
No action taken.
--- Job Slurm ID: 505463_28 ---
--- Volet: mlp | num_layers=30 | num_pd_layers=10 | mlp_hidden=100,50,25,12,6 | run_tag=ablation_mlp/run_set_505463 ---
[INFO] Exécution verrouillée sur le GPU : 0
[AVERTISSEMENT] Paramètre 'train' du YAML non reconnu par argparse.
[AVERTISSEMENT] Paramètre 'val' du YAML non reconnu par argparse.
[AVERTISSEMENT] Paramètre 'test' du YAML non reconnu par argparse.
[AVERTISSEMENT] Paramètre 'save_dir' du YAML non reconnu par argparse.
[AVERTISSEMENT] Paramètre 'train_batch_size' du YAML non reconnu par argparse.
[AVERTISSEMENT] Paramètre 'val_batch_size' du YAML non reconnu par argparse.
[AVERTISSEMENT] Paramètre 'test_batch_size' du YAML non reconnu par argparse.
[AVERTISSEMENT] Paramètre 'Loss' du YAML non reconnu par argparse.
[AVERTISSEMENT] Paramètre 'number_layers' du YAML non reconnu par argparse.
[AVERTISSEMENT] Paramètre 'number_pd_layers' du YAML non reconnu par argparse.
[AVERTISSEMENT] Paramètre 'resume' du YAML non reconnu par argparse.
=== Lancement : P3MG | Stratégie : UNROLLING | Mode : FULL ===
--- Préparation des DataLoaders ---
[INFO] Chargement des données depuis : ./Dataset/data_0
[INFO] Instanciation des MyDataset...
[INFO] Train: 800 | Val: 100 | Test: 100
[INFO] Résultats sauvegardés dans : runs/ablation/p3mg/ablation_mlp/run_set_505463/20260830-121951_full
[INFO] Modèle P3MG instancié.
--- [TRAIN] P3MG (UNROLLING) | Epochs: 30 | Loss: MSE ---
Ep 1/30 | Tr: 2.3230e-05 | Val: 2.2529e-05 | T: 346.9s
Ep 2/30 | Tr: 2.0938e-05 | Val: 1.8555e-05 | T: 345.2s
Ep 3/30 | Tr: 1.9052e-05 | Val: 1.8250e-05 | T: 346.0s
Ep 4/30 | Tr: 1.9000e-05 | Val: 1.8235e-05 | T: 344.5s
Ep 5/30 | Tr: 1.8919e-05 | Val: 1.8256e-05 | T: 344.1s
Ep 6/30 | Tr: 1.8938e-05 | Val: 1.8211e-05 | T: 342.4s
Ep 7/30 | Tr: 1.8840e-05 | Val: 1.7956e-05 | T: 345.9s
Ep 8/30 | Tr: 1.8570e-05 | Val: 1.7809e-05 | T: 346.2s
Ep 9/30 | Tr: 1.8372e-05 | Val: 1.7561e-05 | T: 345.9s
Ep 10/30 | Tr: 1.8195e-05 | Val: 1.7481e-05 | T: 346.1s
Ep 11/30 | Tr: 1.8109e-05 | Val: 1.7395e-05 | T: 346.9s
Ep 12/30 | Tr: 1.8028e-05 | Val: 1.7366e-05 | T: 347.2s
Ep 13/30 | Tr: 1.7977e-05 | Val: 1.7337e-05 | T: 345.6s
Ep 14/30 | Tr: 1.7984e-05 | Val: 1.7325e-05 | T: 346.3s
Ep 15/30 | Tr: 1.8001e-05 | Val: 1.7312e-05 | T: 346.8s
Ep 16/30 | Tr: 1.7937e-05 | Val: 1.7268e-05 | T: 346.7s
Ep 17/30 | Tr: 1.7912e-05 | Val: 1.7288e-05 | T: 347.0s
Ep 18/30 | Tr: 1.7905e-05 | Val: 1.7203e-05 | T: 346.1s
Ep 19/30 | Tr: 1.7922e-05 | Val: 1.7288e-05 | T: 345.5s
Ep 20/30 | Tr: 1.7935e-05 | Val: 1.7327e-05 | T: 345.9s
Ep 21/30 | Tr: 1.7897e-05 | Val: 1.7242e-05 | T: 347.1s
Ep 22/30 | Tr: 1.7997e-05 | Val: 1.7411e-05 | T: 346.1s
Ep 23/30 | Tr: 1.7992e-05 | Val: 1.7154e-05 | T: 346.7s
Ep 24/30 | Tr: 1.7853e-05 | Val: 1.7428e-05 | T: 345.4s
Ep 25/30 | Tr: 1.7897e-05 | Val: 1.7144e-05 | T: 345.8s
Ep 26/30 | Tr: 1.7812e-05 | Val: 1.7116e-05 | T: 346.9s
Ep 27/30 | Tr: 1.7810e-05 | Val: 1.7109e-05 | T: 346.4s
Ep 28/30 | Tr: 1.7778e-05 | Val: 1.6857e-05 | T: 346.1s
Ep 29/30 | Tr: 1.7485e-05 | Val: 1.6741e-05 | T: 344.8s
Ep 30/30 | Tr: 1.7436e-05 | Val: 1.6659e-05 | T: 346.0s
--- [TRAIN] Terminé en 174.97 min ---
--- [TEST] P3MG (UNROLLING) | Metric: MSE | Samples: 100 ---
[INFO] Chargement des poids depuis : runs/ablation/p3mg/ablation_mlp/run_set_505463/20260830-121951_full/checkpoints/best_model.pt
[RESULT] Mean MSE: 1.8055e-05 | Median: 1.7851e-05 | Std: 3.6540e-06 | Best: 9.6298e-06 | Worst: 2.5999e-05

=== Exécution Terminée ===
--- Tache 28 terminee (volet: mlp) ---
