no change     /scratch/mkalla/miniconda3/condabin/conda
no change     /scratch/mkalla/miniconda3/bin/conda
no change     /scratch/mkalla/miniconda3/bin/conda-env
no change     /scratch/mkalla/miniconda3/bin/activate
no change     /scratch/mkalla/miniconda3/bin/deactivate
no change     /scratch/mkalla/miniconda3/etc/profile.d/conda.sh
no change     /scratch/mkalla/miniconda3/etc/fish/conf.d/conda.fish
no change     /scratch/mkalla/miniconda3/shell/condabin/Conda.psm1
no change     /scratch/mkalla/miniconda3/shell/condabin/conda-hook.ps1
no change     /scratch/mkalla/miniconda3/lib/python3.12/site-packages/xontrib/conda.xsh
no change     /scratch/mkalla/miniconda3/etc/profile.d/conda.csh
no change     /home/opis/mkalla/.bashrc
No action taken.
--- Job Slurm ID: 505463_6 ---
--- Volet: extern | num_layers=35 | num_pd_layers=10 | mlp_hidden= | run_tag=ablation_extern/run_set_505463 ---
[INFO] Exécution verrouillée sur le GPU : 0
[AVERTISSEMENT] Paramètre 'train' du YAML non reconnu par argparse.
[AVERTISSEMENT] Paramètre 'val' du YAML non reconnu par argparse.
[AVERTISSEMENT] Paramètre 'test' du YAML non reconnu par argparse.
[AVERTISSEMENT] Paramètre 'save_dir' du YAML non reconnu par argparse.
[AVERTISSEMENT] Paramètre 'train_batch_size' du YAML non reconnu par argparse.
[AVERTISSEMENT] Paramètre 'val_batch_size' du YAML non reconnu par argparse.
[AVERTISSEMENT] Paramètre 'test_batch_size' du YAML non reconnu par argparse.
[AVERTISSEMENT] Paramètre 'Loss' du YAML non reconnu par argparse.
[AVERTISSEMENT] Paramètre 'number_layers' du YAML non reconnu par argparse.
[AVERTISSEMENT] Paramètre 'number_pd_layers' du YAML non reconnu par argparse.
[AVERTISSEMENT] Paramètre 'resume' du YAML non reconnu par argparse.
=== Lancement : P3MG | Stratégie : UNROLLING | Mode : FULL ===
--- Préparation des DataLoaders ---
[INFO] Chargement des données depuis : ./Dataset/data_0
[INFO] Instanciation des MyDataset...
[INFO] Train: 800 | Val: 100 | Test: 100
[INFO] Résultats sauvegardés dans : runs/ablation/p3mg/ablation_extern/run_set_505463/20260828-134009_full
[INFO] Modèle P3MG instancié.
--- [TRAIN] P3MG (UNROLLING) | Epochs: 30 | Loss: MSE ---
Ep 1/30 | Tr: 2.3193e-05 | Val: 2.2503e-05 | T: 417.4s
Ep 2/30 | Tr: 2.2606e-05 | Val: 2.0000e-05 | T: 411.9s
Ep 3/30 | Tr: 1.6346e-05 | Val: 1.1838e-05 | T: 416.7s
Ep 4/30 | Tr: 1.2790e-05 | Val: 1.1673e-05 | T: 414.2s
Ep 5/30 | Tr: 1.2029e-05 | Val: 1.0443e-05 | T: 417.3s
Ep 6/30 | Tr: 2.1036e-05 | Val: 1.6634e-05 | T: 415.0s
Ep 7/30 | Tr: 1.7237e-05 | Val: 1.6416e-05 | T: 415.2s
Ep 8/30 | Tr: 1.6985e-05 | Val: 1.6233e-05 | T: 415.2s
Ep 9/30 | Tr: 1.6812e-05 | Val: 1.6058e-05 | T: 415.9s
Ep 10/30 | Tr: 1.6674e-05 | Val: 1.5996e-05 | T: 415.9s
Ep 11/30 | Tr: 1.6573e-05 | Val: 1.5926e-05 | T: 414.4s
Ep 12/30 | Tr: 1.6528e-05 | Val: 1.5916e-05 | T: 414.6s
Ep 13/30 | Tr: 1.6546e-05 | Val: 1.6935e-05 | T: 414.3s
Ep 14/30 | Tr: 1.6809e-05 | Val: 1.6043e-05 | T: 417.8s
Ep 15/30 | Tr: 1.6627e-05 | Val: 1.5958e-05 | T: 416.1s
Ep 16/30 | Tr: 1.6561e-05 | Val: 1.5913e-05 | T: 415.5s
Ep 17/30 | Tr: 1.6519e-05 | Val: 1.5872e-05 | T: 413.5s
Ep 18/30 | Tr: 1.6493e-05 | Val: 1.5868e-05 | T: 412.6s
Ep 19/30 | Tr: 1.6482e-05 | Val: 1.5845e-05 | T: 415.6s
Ep 20/30 | Tr: 1.6475e-05 | Val: 1.5834e-05 | T: 415.3s
Ep 21/30 | Tr: 1.6465e-05 | Val: 1.5978e-05 | T: 414.5s
Ep 22/30 | Tr: 1.6449e-05 | Val: 1.5980e-05 | T: 415.5s
Ep 23/30 | Tr: 1.6437e-05 | Val: 1.5988e-05 | T: 415.8s
Ep 24/30 | Tr: 1.6431e-05 | Val: 1.5992e-05 | T: 414.2s
Ep 25/30 | Tr: 1.6425e-05 | Val: 1.6003e-05 | T: 417.6s
Ep 26/30 | Tr: 1.6419e-05 | Val: 1.6006e-05 | T: 415.7s
Ep 27/30 | Tr: 1.6412e-05 | Val: 1.6062e-05 | T: 415.3s
Ep 28/30 | Tr: 1.6404e-05 | Val: 1.6035e-05 | T: 416.2s
Ep 29/30 | Tr: 1.6401e-05 | Val: 1.6036e-05 | T: 417.3s
Ep 30/30 | Tr: 1.6392e-05 | Val: 1.6036e-05 | T: 415.7s
--- [TRAIN] Terminé en 210.04 min ---
--- [TEST] P3MG (UNROLLING) | Metric: MSE | Samples: 100 ---
[INFO] Chargement des poids depuis : runs/ablation/p3mg/ablation_extern/run_set_505463/20260828-134009_full/checkpoints/best_model.pt
[RESULT] Mean MSE: 1.2502e-05 | Median: 1.2154e-05 | Std: 5.0348e-06 | Best: 2.8733e-06 | Worst: 3.0355e-05

=== Exécution Terminée ===
--- Tache 6 terminee (volet: extern) ---
