no change     /scratch/mkalla/miniconda3/condabin/conda
no change     /scratch/mkalla/miniconda3/bin/conda
no change     /scratch/mkalla/miniconda3/bin/conda-env
no change     /scratch/mkalla/miniconda3/bin/activate
no change     /scratch/mkalla/miniconda3/bin/deactivate
no change     /scratch/mkalla/miniconda3/etc/profile.d/conda.sh
no change     /scratch/mkalla/miniconda3/etc/fish/conf.d/conda.fish
no change     /scratch/mkalla/miniconda3/shell/condabin/Conda.psm1
no change     /scratch/mkalla/miniconda3/shell/condabin/conda-hook.ps1
no change     /scratch/mkalla/miniconda3/lib/python3.12/site-packages/xontrib/conda.xsh
no change     /scratch/mkalla/miniconda3/etc/profile.d/conda.csh
no change     /home/opis/mkalla/.bashrc
No action taken.
--- Job Slurm ID: 505463_19 ---
--- Volet: intern | num_layers=30 | num_pd_layers=40 | mlp_hidden= | run_tag=ablation_intern/run_set_505463 ---
[INFO] Exécution verrouillée sur le GPU : 0
[AVERTISSEMENT] Paramètre 'train' du YAML non reconnu par argparse.
[AVERTISSEMENT] Paramètre 'val' du YAML non reconnu par argparse.
[AVERTISSEMENT] Paramètre 'test' du YAML non reconnu par argparse.
[AVERTISSEMENT] Paramètre 'save_dir' du YAML non reconnu par argparse.
[AVERTISSEMENT] Paramètre 'train_batch_size' du YAML non reconnu par argparse.
[AVERTISSEMENT] Paramètre 'val_batch_size' du YAML non reconnu par argparse.
[AVERTISSEMENT] Paramètre 'test_batch_size' du YAML non reconnu par argparse.
[AVERTISSEMENT] Paramètre 'Loss' du YAML non reconnu par argparse.
[AVERTISSEMENT] Paramètre 'number_layers' du YAML non reconnu par argparse.
[AVERTISSEMENT] Paramètre 'number_pd_layers' du YAML non reconnu par argparse.
[AVERTISSEMENT] Paramètre 'resume' du YAML non reconnu par argparse.
=== Lancement : P3MG | Stratégie : UNROLLING | Mode : FULL ===
--- Préparation des DataLoaders ---
[INFO] Chargement des données depuis : ./Dataset/data_0
[INFO] Instanciation des MyDataset...
[INFO] Train: 800 | Val: 100 | Test: 100
[INFO] Résultats sauvegardés dans : runs/ablation/p3mg/ablation_intern/run_set_505463/20260829-085209_full
[INFO] Modèle P3MG instancié.
--- [TRAIN] P3MG (UNROLLING) | Epochs: 30 | Loss: MSE ---
Ep 1/30 | Tr: 2.3509e-05 | Val: 2.3167e-05 | T: 1191.2s
Ep 2/30 | Tr: 2.3516e-05 | Val: 2.2944e-05 | T: 1218.1s
Ep 3/30 | Tr: 2.3547e-05 | Val: 2.2856e-05 | T: 1159.8s
Ep 4/30 | Tr: 2.3389e-05 | Val: 2.2806e-05 | T: 1160.9s
Ep 5/30 | Tr: 2.2969e-05 | Val: 2.2146e-05 | T: 1161.1s
Ep 6/30 | Tr: 1.9148e-05 | Val: 1.6076e-05 | T: 1205.5s
Ep 7/30 | Tr: 1.6810e-05 | Val: 1.5744e-05 | T: 1235.0s
Ep 8/30 | Tr: 1.6569e-05 | Val: 1.5598e-05 | T: 1234.9s
Ep 9/30 | Tr: 1.6526e-05 | Val: 1.5666e-05 | T: 1233.6s
Ep 10/30 | Tr: 1.8410e-05 | Val: 1.7328e-05 | T: 1231.9s
Ep 11/30 | Tr: 1.6898e-05 | Val: 1.4656e-05 | T: 1232.3s
Ep 12/30 | Tr: 1.6531e-05 | Val: 1.9775e-05 | T: 1232.7s
Ep 13/30 | Tr: 1.7129e-05 | Val: 1.6054e-05 | T: 1235.8s
Ep 14/30 | Tr: 1.6684e-05 | Val: 1.5803e-05 | T: 1230.3s
Ep 15/30 | Tr: 1.6330e-05 | Val: 1.4905e-05 | T: 1231.9s
Ep 16/30 | Tr: 1.5640e-05 | Val: 1.4468e-05 | T: 1234.9s
Ep 17/30 | Tr: 1.5316e-05 | Val: 1.4440e-05 | T: 1234.2s
Ep 18/30 | Tr: 1.5194e-05 | Val: 1.4420e-05 | T: 1230.7s
Ep 19/30 | Tr: 1.5165e-05 | Val: 1.4292e-05 | T: 1230.9s
Ep 20/30 | Tr: 1.5180e-05 | Val: 1.4339e-05 | T: 1232.7s
Ep 21/30 | Tr: 1.5099e-05 | Val: 1.4256e-05 | T: 1235.7s
Ep 22/30 | Tr: 1.5116e-05 | Val: 1.4263e-05 | T: 1232.6s
Ep 23/30 | Tr: 1.5095e-05 | Val: 1.4255e-05 | T: 1232.4s
Ep 24/30 | Tr: 1.5155e-05 | Val: 1.4227e-05 | T: 1232.1s
Ep 25/30 | Tr: 1.5080e-05 | Val: 1.4264e-05 | T: 1232.4s
Ep 26/30 | Tr: 1.4995e-05 | Val: 1.4147e-05 | T: 1232.2s
Ep 27/30 | Tr: 1.4937e-05 | Val: 1.3884e-05 | T: 1234.3s
Ep 28/30 | Tr: 1.4600e-05 | Val: 1.3821e-05 | T: 1234.0s
Ep 29/30 | Tr: 1.4450e-05 | Val: 1.3695e-05 | T: 1232.2s
Ep 30/30 | Tr: 1.4420e-05 | Val: 1.4406e-05 | T: 1235.5s
--- [TRAIN] Terminé en 618.00 min ---
--- [TEST] P3MG (UNROLLING) | Metric: MSE | Samples: 100 ---
[INFO] Chargement des poids depuis : runs/ablation/p3mg/ablation_intern/run_set_505463/20260829-085209_full/checkpoints/best_model.pt
[RESULT] Mean MSE: 1.5584e-05 | Median: 1.5694e-05 | Std: 4.2900e-06 | Best: 4.3133e-06 | Worst: 2.7453e-05

=== Exécution Terminée ===
--- Tache 19 terminee (volet: intern) ---
