no change     /scratch/mkalla/miniconda3/condabin/conda
no change     /scratch/mkalla/miniconda3/bin/conda
no change     /scratch/mkalla/miniconda3/bin/conda-env
no change     /scratch/mkalla/miniconda3/bin/activate
no change     /scratch/mkalla/miniconda3/bin/deactivate
no change     /scratch/mkalla/miniconda3/etc/profile.d/conda.sh
no change     /scratch/mkalla/miniconda3/etc/fish/conf.d/conda.fish
no change     /scratch/mkalla/miniconda3/shell/condabin/Conda.psm1
no change     /scratch/mkalla/miniconda3/shell/condabin/conda-hook.ps1
no change     /scratch/mkalla/miniconda3/lib/python3.12/site-packages/xontrib/conda.xsh
no change     /scratch/mkalla/miniconda3/etc/profile.d/conda.csh
no change     /home/opis/mkalla/.bashrc
No action taken.
--- Job Slurm ID: 507755_27 ---
--- Volet: mlp | num_layers=30 | num_pd_layers=10 | mlp_hidden=100,50,25,12 | run_tag=ablation_mlp/run_set_507755 ---
[INFO] Exécution verrouillée sur le GPU : 0
[AVERTISSEMENT] Paramètre 'train' du YAML non reconnu par argparse.
[AVERTISSEMENT] Paramètre 'val' du YAML non reconnu par argparse.
[AVERTISSEMENT] Paramètre 'test' du YAML non reconnu par argparse.
[AVERTISSEMENT] Paramètre 'save_dir' du YAML non reconnu par argparse.
[AVERTISSEMENT] Paramètre 'train_batch_size' du YAML non reconnu par argparse.
[AVERTISSEMENT] Paramètre 'val_batch_size' du YAML non reconnu par argparse.
[AVERTISSEMENT] Paramètre 'test_batch_size' du YAML non reconnu par argparse.
[AVERTISSEMENT] Paramètre 'Loss' du YAML non reconnu par argparse.
[AVERTISSEMENT] Paramètre 'number_layers' du YAML non reconnu par argparse.
[AVERTISSEMENT] Paramètre 'number_pd_layers' du YAML non reconnu par argparse.
[AVERTISSEMENT] Paramètre 'resume' du YAML non reconnu par argparse.
=== Lancement : P3MG | Stratégie : UNROLLING | Mode : FULL ===
--- Préparation des DataLoaders ---
[INFO] Chargement des données depuis : ./Dataset/data_0
[INFO] Instanciation des MyDataset...
[INFO] Train: 800 | Val: 100 | Test: 100
[INFO] Résultats sauvegardés dans : runs/ablation/p3mg/ablation_mlp/run_set_507755/20260830-224435_full
[INFO] Modèle P3MG instancié.
--- [TRAIN] P3MG (UNROLLING) | Epochs: 30 | Loss: MSE ---
Ep 1/30 | Tr: 2.3235e-05 | Val: 2.2557e-05 | T: 327.3s
Ep 2/30 | Tr: 1.9632e-05 | Val: 1.3218e-05 | T: 325.0s
Ep 3/30 | Tr: 1.3912e-05 | Val: 1.4159e-05 | T: 327.9s
Ep 4/30 | Tr: 1.3539e-05 | Val: 1.1691e-05 | T: 327.6s
Ep 5/30 | Tr: 1.2853e-05 | Val: 1.2410e-05 | T: 327.7s
Ep 6/30 | Tr: 1.3307e-05 | Val: 2.1827e-05 | T: 327.9s
Ep 7/30 | Tr: 2.0871e-05 | Val: 1.7124e-05 | T: 327.9s
Ep 8/30 | Tr: 1.8847e-05 | Val: 1.5342e-05 | T: 328.1s
Ep 9/30 | Tr: 1.5942e-05 | Val: 1.5230e-05 | T: 328.2s
Ep 10/30 | Tr: 1.5427e-05 | Val: 1.4456e-05 | T: 328.2s
Ep 11/30 | Tr: 1.5084e-05 | Val: 1.4627e-05 | T: 326.7s
Ep 12/30 | Tr: 1.5050e-05 | Val: 1.4922e-05 | T: 327.6s
Ep 13/30 | Tr: 1.5124e-05 | Val: 1.4614e-05 | T: 328.1s
Ep 14/30 | Tr: 1.5052e-05 | Val: 1.4284e-05 | T: 327.2s
Ep 15/30 | Tr: 1.4963e-05 | Val: 1.4373e-05 | T: 327.8s
Ep 16/30 | Tr: 1.5006e-05 | Val: 1.4392e-05 | T: 328.5s
Ep 17/30 | Tr: 1.4998e-05 | Val: 1.4344e-05 | T: 325.4s
Ep 18/30 | Tr: 1.4932e-05 | Val: 1.4267e-05 | T: 328.0s
Ep 19/30 | Tr: 1.4888e-05 | Val: 1.4202e-05 | T: 328.0s
Ep 20/30 | Tr: 1.4871e-05 | Val: 1.4093e-05 | T: 327.3s
Ep 21/30 | Tr: 1.4855e-05 | Val: 1.4397e-05 | T: 326.7s
Ep 22/30 | Tr: 1.4848e-05 | Val: 1.4148e-05 | T: 323.9s
Ep 23/30 | Tr: 1.4813e-05 | Val: 1.4087e-05 | T: 328.0s
Ep 24/30 | Tr: 1.4806e-05 | Val: 1.4148e-05 | T: 328.4s
Ep 25/30 | Tr: 1.4791e-05 | Val: 1.4159e-05 | T: 328.3s
Ep 26/30 | Tr: 1.4794e-05 | Val: 1.4083e-05 | T: 328.2s
Ep 27/30 | Tr: 1.4783e-05 | Val: 1.4121e-05 | T: 328.7s
Ep 28/30 | Tr: 1.4809e-05 | Val: 1.4148e-05 | T: 327.1s
Ep 29/30 | Tr: 1.4770e-05 | Val: 1.4123e-05 | T: 327.5s
Ep 30/30 | Tr: 1.4766e-05 | Val: 1.4098e-05 | T: 327.4s
--- [TRAIN] Terminé en 165.67 min ---
--- [TEST] P3MG (UNROLLING) | Metric: MSE | Samples: 100 ---
[INFO] Chargement des poids depuis : runs/ablation/p3mg/ablation_mlp/run_set_507755/20260830-224435_full/checkpoints/best_model.pt
[RESULT] Mean MSE: 1.3438e-05 | Median: 1.3337e-05 | Std: 5.2425e-06 | Best: 3.0666e-06 | Worst: 3.0457e-05

=== Exécution Terminée ===
--- Tache 27 terminee (volet: mlp) ---
