no change     /scratch/mkalla/miniconda3/condabin/conda
no change     /scratch/mkalla/miniconda3/bin/conda
no change     /scratch/mkalla/miniconda3/bin/conda-env
no change     /scratch/mkalla/miniconda3/bin/activate
no change     /scratch/mkalla/miniconda3/bin/deactivate
no change     /scratch/mkalla/miniconda3/etc/profile.d/conda.sh
no change     /scratch/mkalla/miniconda3/etc/fish/conf.d/conda.fish
no change     /scratch/mkalla/miniconda3/shell/condabin/Conda.psm1
no change     /scratch/mkalla/miniconda3/shell/condabin/conda-hook.ps1
no change     /scratch/mkalla/miniconda3/lib/python3.12/site-packages/xontrib/conda.xsh
no change     /scratch/mkalla/miniconda3/etc/profile.d/conda.csh
no change     /home/opis/mkalla/.bashrc
No action taken.
--- Job Slurm ID: 507755_10 ---
--- Volet: extern | num_layers=55 | num_pd_layers=10 | mlp_hidden= | run_tag=ablation_extern/run_set_507755 ---
[INFO] Exécution verrouillée sur le GPU : 0
[AVERTISSEMENT] Paramètre 'train' du YAML non reconnu par argparse.
[AVERTISSEMENT] Paramètre 'val' du YAML non reconnu par argparse.
[AVERTISSEMENT] Paramètre 'test' du YAML non reconnu par argparse.
[AVERTISSEMENT] Paramètre 'save_dir' du YAML non reconnu par argparse.
[AVERTISSEMENT] Paramètre 'train_batch_size' du YAML non reconnu par argparse.
[AVERTISSEMENT] Paramètre 'val_batch_size' du YAML non reconnu par argparse.
[AVERTISSEMENT] Paramètre 'test_batch_size' du YAML non reconnu par argparse.
[AVERTISSEMENT] Paramètre 'Loss' du YAML non reconnu par argparse.
[AVERTISSEMENT] Paramètre 'number_layers' du YAML non reconnu par argparse.
[AVERTISSEMENT] Paramètre 'number_pd_layers' du YAML non reconnu par argparse.
[AVERTISSEMENT] Paramètre 'resume' du YAML non reconnu par argparse.
=== Lancement : P3MG | Stratégie : UNROLLING | Mode : FULL ===
--- Préparation des DataLoaders ---
[INFO] Chargement des données depuis : ./Dataset/data_0
[INFO] Instanciation des MyDataset...
[INFO] Train: 800 | Val: 100 | Test: 100
[INFO] Résultats sauvegardés dans : runs/ablation/p3mg/ablation_extern/run_set_507755/20260829-161259_full
[INFO] Modèle P3MG instancié.
--- [TRAIN] P3MG (UNROLLING) | Epochs: 30 | Loss: MSE ---
Ep 1/30 | Tr: 2.3074e-05 | Val: 2.0602e-05 | T: 305.3s
Ep 2/30 | Tr: 1.5872e-05 | Val: 1.2237e-05 | T: 307.1s
Ep 3/30 | Tr: 1.3416e-05 | Val: 1.2275e-05 | T: 305.1s
Ep 4/30 | Tr: 1.1818e-05 | Val: 9.9279e-06 | T: 307.7s
Ep 5/30 | Tr: 1.0297e-05 | Val: 9.0758e-06 | T: 308.6s
Ep 6/30 | Tr: 9.8398e-06 | Val: 8.6760e-06 | T: 307.0s
Ep 7/30 | Tr: 9.5654e-06 | Val: 8.6225e-06 | T: 306.2s
Ep 8/30 | Tr: 1.1972e-05 | Val: 1.1285e-05 | T: 306.1s
Ep 9/30 | Tr: 1.0482e-05 | Val: 8.8547e-06 | T: 305.6s
Ep 10/30 | Tr: 9.9074e-06 | Val: 8.7601e-06 | T: 305.8s
Ep 11/30 | Tr: 9.2851e-06 | Val: 8.1214e-06 | T: 306.5s
Ep 12/30 | Tr: 9.2750e-06 | Val: 8.6075e-06 | T: 306.5s
Ep 13/30 | Tr: 1.1771e-05 | Val: 1.0029e-05 | T: 305.6s
Ep 14/30 | Tr: 1.0290e-05 | Val: 8.8026e-06 | T: 305.9s
Ep 15/30 | Tr: 9.9405e-06 | Val: 8.3595e-06 | T: 308.1s
Ep 16/30 | Tr: 9.7916e-06 | Val: 9.0790e-06 | T: 308.2s
Ep 17/30 | Tr: 9.4251e-06 | Val: 8.1696e-06 | T: 308.6s
Ep 18/30 | Tr: 8.9306e-06 | Val: 7.9206e-06 | T: 308.4s
Ep 19/30 | Tr: 8.8336e-06 | Val: 7.9199e-06 | T: 307.8s
Ep 20/30 | Tr: 8.7450e-06 | Val: 8.1790e-06 | T: 308.1s
Ep 21/30 | Tr: 8.9709e-06 | Val: 7.9628e-06 | T: 308.3s
Ep 22/30 | Tr: 8.6264e-06 | Val: 7.5222e-06 | T: 309.2s
Ep 23/30 | Tr: 8.4214e-06 | Val: 7.5420e-06 | T: 306.5s
Ep 24/30 | Tr: 8.3405e-06 | Val: 7.4445e-06 | T: 306.5s
Ep 25/30 | Tr: 8.2553e-06 | Val: 7.3830e-06 | T: 306.2s
Ep 26/30 | Tr: 8.2358e-06 | Val: 7.4805e-06 | T: 306.5s
Ep 27/30 | Tr: 8.2069e-06 | Val: 7.4281e-06 | T: 305.8s
Ep 28/30 | Tr: 8.1704e-06 | Val: 7.3915e-06 | T: 306.4s
Ep 29/30 | Tr: 8.4358e-06 | Val: 7.5079e-06 | T: 305.2s
Ep 30/30 | Tr: 8.1784e-06 | Val: 7.3792e-06 | T: 306.5s
--- [TRAIN] Terminé en 155.11 min ---
--- [TEST] P3MG (UNROLLING) | Metric: MSE | Samples: 100 ---
[INFO] Chargement des poids depuis : runs/ablation/p3mg/ablation_extern/run_set_507755/20260829-161259_full/checkpoints/best_model.pt
[RESULT] Mean MSE: 9.3033e-06 | Median: 8.0146e-06 | Std: 5.3032e-06 | Best: 4.1512e-07 | Worst: 2.9914e-05

=== Exécution Terminée ===
--- Tache 10 terminee (volet: extern) ---
