no change     /scratch/mkalla/miniconda3/condabin/conda
no change     /scratch/mkalla/miniconda3/bin/conda
no change     /scratch/mkalla/miniconda3/bin/conda-env
no change     /scratch/mkalla/miniconda3/bin/activate
no change     /scratch/mkalla/miniconda3/bin/deactivate
no change     /scratch/mkalla/miniconda3/etc/profile.d/conda.sh
no change     /scratch/mkalla/miniconda3/etc/fish/conf.d/conda.fish
no change     /scratch/mkalla/miniconda3/shell/condabin/Conda.psm1
no change     /scratch/mkalla/miniconda3/shell/condabin/conda-hook.ps1
no change     /scratch/mkalla/miniconda3/lib/python3.12/site-packages/xontrib/conda.xsh
no change     /scratch/mkalla/miniconda3/etc/profile.d/conda.csh
no change     /home/opis/mkalla/.bashrc
No action taken.
--- Job Slurm ID: 507755_26 ---
--- Volet: mlp | num_layers=30 | num_pd_layers=10 | mlp_hidden=50,25,12 | run_tag=ablation_mlp/run_set_507755 ---
[INFO] Exécution verrouillée sur le GPU : 0
[AVERTISSEMENT] Paramètre 'train' du YAML non reconnu par argparse.
[AVERTISSEMENT] Paramètre 'val' du YAML non reconnu par argparse.
[AVERTISSEMENT] Paramètre 'test' du YAML non reconnu par argparse.
[AVERTISSEMENT] Paramètre 'save_dir' du YAML non reconnu par argparse.
[AVERTISSEMENT] Paramètre 'train_batch_size' du YAML non reconnu par argparse.
[AVERTISSEMENT] Paramètre 'val_batch_size' du YAML non reconnu par argparse.
[AVERTISSEMENT] Paramètre 'test_batch_size' du YAML non reconnu par argparse.
[AVERTISSEMENT] Paramètre 'Loss' du YAML non reconnu par argparse.
[AVERTISSEMENT] Paramètre 'number_layers' du YAML non reconnu par argparse.
[AVERTISSEMENT] Paramètre 'number_pd_layers' du YAML non reconnu par argparse.
[AVERTISSEMENT] Paramètre 'resume' du YAML non reconnu par argparse.
=== Lancement : P3MG | Stratégie : UNROLLING | Mode : FULL ===
--- Préparation des DataLoaders ---
[INFO] Chargement des données depuis : ./Dataset/data_0
[INFO] Instanciation des MyDataset...
[INFO] Train: 800 | Val: 100 | Test: 100
[INFO] Résultats sauvegardés dans : runs/ablation/p3mg/ablation_mlp/run_set_507755/20260830-195925_full
[INFO] Modèle P3MG instancié.
--- [TRAIN] P3MG (UNROLLING) | Epochs: 30 | Loss: MSE ---
Ep 1/30 | Tr: 2.3167e-05 | Val: 2.1453e-05 | T: 325.3s
Ep 2/30 | Tr: 1.6532e-05 | Val: 1.3223e-05 | T: 321.5s
Ep 3/30 | Tr: 1.3583e-05 | Val: 1.1701e-05 | T: 324.9s
Ep 4/30 | Tr: 1.2301e-05 | Val: 1.0399e-05 | T: 325.9s
Ep 5/30 | Tr: 1.2378e-05 | Val: 1.1285e-05 | T: 325.6s
Ep 6/30 | Tr: 1.2129e-05 | Val: 1.0304e-05 | T: 325.6s
Ep 7/30 | Tr: 1.2489e-05 | Val: 1.0513e-05 | T: 325.1s
Ep 8/30 | Tr: 1.2757e-05 | Val: 1.1560e-05 | T: 326.3s
Ep 9/30 | Tr: 1.1633e-05 | Val: 9.8131e-06 | T: 325.0s
Ep 10/30 | Tr: 1.0700e-05 | Val: 9.6503e-06 | T: 325.7s
Ep 11/30 | Tr: 1.3390e-05 | Val: 1.3007e-05 | T: 325.7s
Ep 12/30 | Tr: 1.3312e-05 | Val: 1.2235e-05 | T: 325.5s
Ep 13/30 | Tr: 1.3018e-05 | Val: 1.2070e-05 | T: 324.9s
Ep 14/30 | Tr: 1.2815e-05 | Val: 1.1746e-05 | T: 325.7s
Ep 15/30 | Tr: 1.2132e-05 | Val: 1.1034e-05 | T: 325.4s
Ep 16/30 | Tr: 1.2649e-05 | Val: 1.2070e-05 | T: 325.8s
Ep 17/30 | Tr: 1.3073e-05 | Val: 1.1550e-05 | T: 326.3s
Ep 18/30 | Tr: 1.1606e-05 | Val: 9.9507e-06 | T: 326.0s
Ep 19/30 | Tr: 1.0812e-05 | Val: 9.9063e-06 | T: 325.6s
Ep 20/30 | Tr: 1.0745e-05 | Val: 9.7743e-06 | T: 325.0s
Ep 21/30 | Tr: 1.0608e-05 | Val: 9.6385e-06 | T: 326.8s
Ep 22/30 | Tr: 1.0457e-05 | Val: 9.5233e-06 | T: 322.0s
Ep 23/30 | Tr: 1.0258e-05 | Val: 9.3538e-06 | T: 326.3s
Ep 24/30 | Tr: 1.0118e-05 | Val: 9.1325e-06 | T: 326.2s
Ep 25/30 | Tr: 1.0002e-05 | Val: 9.0839e-06 | T: 325.4s
Ep 26/30 | Tr: 9.9562e-06 | Val: 9.0635e-06 | T: 326.3s
Ep 27/30 | Tr: 9.9465e-06 | Val: 9.0491e-06 | T: 326.7s
Ep 28/30 | Tr: 9.9451e-06 | Val: 9.0758e-06 | T: 325.0s
Ep 29/30 | Tr: 9.9403e-06 | Val: 9.1195e-06 | T: 326.0s
Ep 30/30 | Tr: 9.9248e-06 | Val: 9.0536e-06 | T: 325.8s
--- [TRAIN] Terminé en 164.61 min ---
--- [TEST] P3MG (UNROLLING) | Metric: MSE | Samples: 100 ---
[INFO] Chargement des poids depuis : runs/ablation/p3mg/ablation_mlp/run_set_507755/20260830-195925_full/checkpoints/best_model.pt
[RESULT] Mean MSE: 1.0699e-05 | Median: 1.0073e-05 | Std: 4.8655e-06 | Best: 3.0992e-06 | Worst: 2.7158e-05

=== Exécution Terminée ===
--- Tache 26 terminee (volet: mlp) ---
