no change     /scratch/mkalla/miniconda3/condabin/conda
no change     /scratch/mkalla/miniconda3/bin/conda
no change     /scratch/mkalla/miniconda3/bin/conda-env
no change     /scratch/mkalla/miniconda3/bin/activate
no change     /scratch/mkalla/miniconda3/bin/deactivate
no change     /scratch/mkalla/miniconda3/etc/profile.d/conda.sh
no change     /scratch/mkalla/miniconda3/etc/fish/conf.d/conda.fish
no change     /scratch/mkalla/miniconda3/shell/condabin/Conda.psm1
no change     /scratch/mkalla/miniconda3/shell/condabin/conda-hook.ps1
no change     /scratch/mkalla/miniconda3/lib/python3.12/site-packages/xontrib/conda.xsh
no change     /scratch/mkalla/miniconda3/etc/profile.d/conda.csh
no change     /home/opis/mkalla/.bashrc
No action taken.
--- Job Slurm ID: 507755_22 ---
--- Volet: intern | num_layers=30 | num_pd_layers=55 | mlp_hidden= | run_tag=ablation_intern/run_set_507755 ---
[INFO] Exécution verrouillée sur le GPU : 0
[AVERTISSEMENT] Paramètre 'train' du YAML non reconnu par argparse.
[AVERTISSEMENT] Paramètre 'val' du YAML non reconnu par argparse.
[AVERTISSEMENT] Paramètre 'test' du YAML non reconnu par argparse.
[AVERTISSEMENT] Paramètre 'save_dir' du YAML non reconnu par argparse.
[AVERTISSEMENT] Paramètre 'train_batch_size' du YAML non reconnu par argparse.
[AVERTISSEMENT] Paramètre 'val_batch_size' du YAML non reconnu par argparse.
[AVERTISSEMENT] Paramètre 'test_batch_size' du YAML non reconnu par argparse.
[AVERTISSEMENT] Paramètre 'Loss' du YAML non reconnu par argparse.
[AVERTISSEMENT] Paramètre 'number_layers' du YAML non reconnu par argparse.
[AVERTISSEMENT] Paramètre 'number_pd_layers' du YAML non reconnu par argparse.
[AVERTISSEMENT] Paramètre 'resume' du YAML non reconnu par argparse.
=== Lancement : P3MG | Stratégie : UNROLLING | Mode : FULL ===
--- Préparation des DataLoaders ---
[INFO] Chargement des données depuis : ./Dataset/data_0
[INFO] Instanciation des MyDataset...
[INFO] Train: 800 | Val: 100 | Test: 100
[INFO] Résultats sauvegardés dans : runs/ablation/p3mg/ablation_intern/run_set_507755/20260830-093533_full
[INFO] Modèle P3MG instancié.
--- [TRAIN] P3MG (UNROLLING) | Epochs: 30 | Loss: MSE ---
Ep 1/30 | Tr: 2.2968e-05 | Val: 2.1969e-05 | T: 804.2s
Ep 2/30 | Tr: 2.0212e-05 | Val: 1.9331e-05 | T: 807.9s
Ep 3/30 | Tr: 2.2698e-05 | Val: 2.5181e-05 | T: 809.0s
[SPIKE] Ep 4: Val 1.9218e-04 >> 2.0x moyenne récente (2.2160e-05). Restauration de l'état stable et réduction du LR.
Ep 5/30 | Tr: 2.6651e-05 | Val: 2.3976e-05 | T: 806.8s
Ep 6/30 | Tr: 2.3291e-05 | Val: 2.1941e-05 | T: 808.0s
Ep 7/30 | Tr: 2.3147e-05 | Val: 2.0593e-05 | T: 807.1s
Ep 8/30 | Tr: 2.2678e-05 | Val: 2.1687e-05 | T: 808.4s
Ep 9/30 | Tr: 2.2638e-05 | Val: 2.1175e-05 | T: 808.1s
Ep 10/30 | Tr: 2.1648e-05 | Val: 2.2403e-05 | T: 809.4s
Ep 11/30 | Tr: 2.2318e-05 | Val: 2.1101e-05 | T: 807.6s
Ep 12/30 | Tr: 2.2660e-05 | Val: 2.0994e-05 | T: 807.7s
Ep 13/30 | Tr: 2.2103e-05 | Val: 2.3111e-05 | T: 809.1s
[SPIKE] Ep 14: Val 6.2137e-05 >> 2.0x moyenne récente (2.1757e-05). Restauration de l'état stable et réduction du LR.
Ep 15/30 | Tr: 2.1065e-05 | Val: 2.0084e-05 | T: 808.9s
Ep 16/30 | Tr: 2.0680e-05 | Val: 2.0009e-05 | T: 796.3s
Ep 17/30 | Tr: 2.0503e-05 | Val: 2.0002e-05 | T: 794.8s
Ep 18/30 | Tr: 2.0384e-05 | Val: 2.0054e-05 | T: 794.8s
Ep 19/30 | Tr: 2.0365e-05 | Val: 1.9917e-05 | T: 794.9s
Ep 20/30 | Tr: 2.0342e-05 | Val: 1.9921e-05 | T: 795.4s
Ep 21/30 | Tr: 2.0269e-05 | Val: 2.0052e-05 | T: 791.9s
Ep 22/30 | Tr: 2.0275e-05 | Val: 2.0016e-05 | T: 785.5s
Ep 23/30 | Tr: 2.0285e-05 | Val: 2.0023e-05 | T: 794.8s
Ep 24/30 | Tr: 2.0286e-05 | Val: 2.0021e-05 | T: 794.3s
Ep 25/30 | Tr: 2.0278e-05 | Val: 2.0006e-05 | T: 796.1s
Ep 26/30 | Tr: 2.0279e-05 | Val: 1.9987e-05 | T: 796.6s
Ep 27/30 | Tr: 2.0259e-05 | Val: 1.9966e-05 | T: 794.2s
Ep 28/30 | Tr: 2.0247e-05 | Val: 1.9960e-05 | T: 797.2s
Ep 29/30 | Tr: 2.0236e-05 | Val: 1.9948e-05 | T: 795.4s
Ep 30/30 | Tr: 2.0228e-05 | Val: 1.9937e-05 | T: 796.8s
--- [TRAIN] Terminé en 404.64 min ---
--- [TEST] P3MG (UNROLLING) | Metric: MSE | Samples: 100 ---
[INFO] Chargement des poids depuis : runs/ablation/p3mg/ablation_intern/run_set_507755/20260830-093533_full/checkpoints/best_model.pt
[RESULT] Mean MSE: 2.0726e-05 | Median: 2.0451e-05 | Std: 3.9432e-06 | Best: 9.3953e-06 | Worst: 3.0633e-05

=== Exécution Terminée ===
--- Tache 22 terminee (volet: intern) ---
