no change     /scratch/mkalla/miniconda3/condabin/conda
no change     /scratch/mkalla/miniconda3/bin/conda
no change     /scratch/mkalla/miniconda3/bin/conda-env
no change     /scratch/mkalla/miniconda3/bin/activate
no change     /scratch/mkalla/miniconda3/bin/deactivate
no change     /scratch/mkalla/miniconda3/etc/profile.d/conda.sh
no change     /scratch/mkalla/miniconda3/etc/fish/conf.d/conda.fish
no change     /scratch/mkalla/miniconda3/shell/condabin/Conda.psm1
no change     /scratch/mkalla/miniconda3/shell/condabin/conda-hook.ps1
no change     /scratch/mkalla/miniconda3/lib/python3.12/site-packages/xontrib/conda.xsh
no change     /scratch/mkalla/miniconda3/etc/profile.d/conda.csh
no change     /home/opis/mkalla/.bashrc
No action taken.
--- Job Slurm ID: 505463_5 ---
--- Volet: extern | num_layers=30 | num_pd_layers=10 | mlp_hidden= | run_tag=ablation_extern/run_set_505463 ---
[INFO] Exécution verrouillée sur le GPU : 0
[AVERTISSEMENT] Paramètre 'train' du YAML non reconnu par argparse.
[AVERTISSEMENT] Paramètre 'val' du YAML non reconnu par argparse.
[AVERTISSEMENT] Paramètre 'test' du YAML non reconnu par argparse.
[AVERTISSEMENT] Paramètre 'save_dir' du YAML non reconnu par argparse.
[AVERTISSEMENT] Paramètre 'train_batch_size' du YAML non reconnu par argparse.
[AVERTISSEMENT] Paramètre 'val_batch_size' du YAML non reconnu par argparse.
[AVERTISSEMENT] Paramètre 'test_batch_size' du YAML non reconnu par argparse.
[AVERTISSEMENT] Paramètre 'Loss' du YAML non reconnu par argparse.
[AVERTISSEMENT] Paramètre 'number_layers' du YAML non reconnu par argparse.
[AVERTISSEMENT] Paramètre 'number_pd_layers' du YAML non reconnu par argparse.
[AVERTISSEMENT] Paramètre 'resume' du YAML non reconnu par argparse.
=== Lancement : P3MG | Stratégie : UNROLLING | Mode : FULL ===
--- Préparation des DataLoaders ---
[INFO] Chargement des données depuis : ./Dataset/data_0
[INFO] Instanciation des MyDataset...
[INFO] Train: 800 | Val: 100 | Test: 100
[INFO] Résultats sauvegardés dans : runs/ablation/p3mg/ablation_extern/run_set_505463/20260828-125100_full
[INFO] Modèle P3MG instancié.
--- [TRAIN] P3MG (UNROLLING) | Epochs: 30 | Loss: MSE ---
Ep 1/30 | Tr: 2.3167e-05 | Val: 2.1453e-05 | T: 348.1s
Ep 2/30 | Tr: 1.6434e-05 | Val: 1.2023e-05 | T: 347.8s
Ep 3/30 | Tr: 1.3341e-05 | Val: 1.3642e-05 | T: 347.1s
Ep 4/30 | Tr: 1.7831e-05 | Val: 1.2381e-05 | T: 348.2s
Ep 5/30 | Tr: 1.3727e-05 | Val: 1.2356e-05 | T: 348.7s
Ep 6/30 | Tr: 1.2799e-05 | Val: 1.1398e-05 | T: 344.0s
Ep 7/30 | Tr: 1.2256e-05 | Val: 1.0881e-05 | T: 346.0s
Ep 8/30 | Tr: 1.1757e-05 | Val: 1.0574e-05 | T: 345.7s
Ep 9/30 | Tr: 1.2365e-05 | Val: 1.3594e-05 | T: 350.3s
Ep 10/30 | Tr: 1.2344e-05 | Val: 1.0475e-05 | T: 350.9s
Ep 11/30 | Tr: 1.0829e-05 | Val: 9.5025e-06 | T: 350.0s
Ep 12/30 | Tr: 1.0483e-05 | Val: 9.4002e-06 | T: 348.8s
Ep 13/30 | Tr: 1.0363e-05 | Val: 9.2689e-06 | T: 349.7s
Ep 14/30 | Tr: 1.0289e-05 | Val: 9.2197e-06 | T: 349.5s
Ep 15/30 | Tr: 1.0253e-05 | Val: 9.1353e-06 | T: 348.0s
Ep 16/30 | Tr: 1.0155e-05 | Val: 9.1334e-06 | T: 348.8s
Ep 17/30 | Tr: 1.0092e-05 | Val: 9.1376e-06 | T: 350.6s
Ep 18/30 | Tr: 1.0115e-05 | Val: 9.1015e-06 | T: 349.2s
Ep 19/30 | Tr: 1.0006e-05 | Val: 9.2290e-06 | T: 350.6s
Ep 20/30 | Tr: 1.0002e-05 | Val: 9.0182e-06 | T: 349.4s
Ep 21/30 | Tr: 9.9462e-06 | Val: 9.1970e-06 | T: 349.6s
Ep 22/30 | Tr: 9.9831e-06 | Val: 9.3359e-06 | T: 349.4s
Ep 23/30 | Tr: 9.9902e-06 | Val: 9.2627e-06 | T: 351.3s
Ep 24/30 | Tr: 9.9285e-06 | Val: 9.0033e-06 | T: 350.6s
Ep 25/30 | Tr: 9.9192e-06 | Val: 9.0759e-06 | T: 351.2s
Ep 26/30 | Tr: 9.9239e-06 | Val: 8.9374e-06 | T: 351.7s
Ep 27/30 | Tr: 9.8903e-06 | Val: 9.0569e-06 | T: 349.4s
Ep 28/30 | Tr: 9.9646e-06 | Val: 9.0347e-06 | T: 348.8s
Ep 29/30 | Tr: 9.9819e-06 | Val: 9.1149e-06 | T: 349.0s
Ep 30/30 | Tr: 9.9462e-06 | Val: 9.1795e-06 | T: 348.0s
--- [TRAIN] Terminé en 176.49 min ---
--- [TEST] P3MG (UNROLLING) | Metric: MSE | Samples: 100 ---
[INFO] Chargement des poids depuis : runs/ablation/p3mg/ablation_extern/run_set_505463/20260828-125100_full/checkpoints/best_model.pt
[RESULT] Mean MSE: 1.1097e-05 | Median: 1.0177e-05 | Std: 5.4506e-06 | Best: 2.4432e-06 | Worst: 2.9643e-05

=== Exécution Terminée ===
--- Tache 5 terminee (volet: extern) ---
