no change     /scratch/mkalla/miniconda3/condabin/conda
no change     /scratch/mkalla/miniconda3/bin/conda
no change     /scratch/mkalla/miniconda3/bin/conda-env
no change     /scratch/mkalla/miniconda3/bin/activate
no change     /scratch/mkalla/miniconda3/bin/deactivate
no change     /scratch/mkalla/miniconda3/etc/profile.d/conda.sh
no change     /scratch/mkalla/miniconda3/etc/fish/conf.d/conda.fish
no change     /scratch/mkalla/miniconda3/shell/condabin/Conda.psm1
no change     /scratch/mkalla/miniconda3/shell/condabin/conda-hook.ps1
no change     /scratch/mkalla/miniconda3/lib/python3.12/site-packages/xontrib/conda.xsh
no change     /scratch/mkalla/miniconda3/etc/profile.d/conda.csh
no change     /home/opis/mkalla/.bashrc
No action taken.
--- Job Slurm ID: 507755_19 ---
--- Volet: intern | num_layers=30 | num_pd_layers=40 | mlp_hidden= | run_tag=ablation_intern/run_set_507755 ---
[INFO] Exécution verrouillée sur le GPU : 0
[AVERTISSEMENT] Paramètre 'train' du YAML non reconnu par argparse.
[AVERTISSEMENT] Paramètre 'val' du YAML non reconnu par argparse.
[AVERTISSEMENT] Paramètre 'test' du YAML non reconnu par argparse.
[AVERTISSEMENT] Paramètre 'save_dir' du YAML non reconnu par argparse.
[AVERTISSEMENT] Paramètre 'train_batch_size' du YAML non reconnu par argparse.
[AVERTISSEMENT] Paramètre 'val_batch_size' du YAML non reconnu par argparse.
[AVERTISSEMENT] Paramètre 'test_batch_size' du YAML non reconnu par argparse.
[AVERTISSEMENT] Paramètre 'Loss' du YAML non reconnu par argparse.
[AVERTISSEMENT] Paramètre 'number_layers' du YAML non reconnu par argparse.
[AVERTISSEMENT] Paramètre 'number_pd_layers' du YAML non reconnu par argparse.
[AVERTISSEMENT] Paramètre 'resume' du YAML non reconnu par argparse.
=== Lancement : P3MG | Stratégie : UNROLLING | Mode : FULL ===
--- Préparation des DataLoaders ---
[INFO] Chargement des données depuis : ./Dataset/data_0
[INFO] Instanciation des MyDataset...
[INFO] Train: 800 | Val: 100 | Test: 100
[INFO] Résultats sauvegardés dans : runs/ablation/p3mg/ablation_intern/run_set_507755/20260830-043108_full
[INFO] Modèle P3MG instancié.
--- [TRAIN] P3MG (UNROLLING) | Epochs: 30 | Loss: MSE ---
Ep 1/30 | Tr: 2.2680e-05 | Val: 2.0178e-05 | T: 591.5s
Ep 2/30 | Tr: 1.8223e-05 | Val: 1.6431e-05 | T: 591.6s
Ep 3/30 | Tr: 1.6704e-05 | Val: 1.5650e-05 | T: 595.6s
Ep 4/30 | Tr: 1.6735e-05 | Val: 1.5847e-05 | T: 618.0s
Ep 5/30 | Tr: 1.6512e-05 | Val: 1.5601e-05 | T: 627.5s
Ep 6/30 | Tr: 1.6431e-05 | Val: 1.5465e-05 | T: 597.4s
Ep 7/30 | Tr: 1.7152e-05 | Val: 1.7288e-05 | T: 597.1s
Ep 8/30 | Tr: 1.7834e-05 | Val: 1.7079e-05 | T: 598.1s
Ep 9/30 | Tr: 1.6901e-05 | Val: 1.5538e-05 | T: 597.5s
Ep 10/30 | Tr: 1.6288e-05 | Val: 1.5700e-05 | T: 600.7s
Ep 11/30 | Tr: 1.6989e-05 | Val: 1.5328e-05 | T: 604.3s
Ep 12/30 | Tr: 1.6265e-05 | Val: 1.5272e-05 | T: 602.1s
Ep 13/30 | Tr: 1.6314e-05 | Val: 1.5492e-05 | T: 597.8s
Ep 14/30 | Tr: 1.5894e-05 | Val: 1.7817e-05 | T: 602.4s
[SPIKE] Ep 15: Val 1.1529e-04 >> 2.0x moyenne récente (1.5922e-05). Restauration de l'état stable et réduction du LR.
Ep 16/30 | Tr: 1.5727e-05 | Val: 1.4408e-05 | T: 609.1s
Ep 17/30 | Tr: 1.4883e-05 | Val: 1.3758e-05 | T: 612.8s
Ep 18/30 | Tr: 1.4444e-05 | Val: 1.3758e-05 | T: 625.8s
Ep 19/30 | Tr: 1.4450e-05 | Val: 1.3532e-05 | T: 637.5s
Ep 20/30 | Tr: 1.5356e-05 | Val: 1.4833e-05 | T: 620.2s
Ep 21/30 | Tr: 1.5064e-05 | Val: 1.4170e-05 | T: 600.7s
Ep 22/30 | Tr: 1.4923e-05 | Val: 1.4077e-05 | T: 595.7s
Ep 23/30 | Tr: 1.4831e-05 | Val: 1.4161e-05 | T: 594.4s
Ep 24/30 | Tr: 1.4781e-05 | Val: 1.4057e-05 | T: 593.2s
Ep 25/30 | Tr: 1.4705e-05 | Val: 1.3956e-05 | T: 594.1s
Ep 26/30 | Tr: 1.4674e-05 | Val: 1.4114e-05 | T: 593.5s
Ep 27/30 | Tr: 1.5225e-05 | Val: 1.4317e-05 | T: 594.4s
Ep 28/30 | Tr: 1.4752e-05 | Val: 1.3693e-05 | T: 595.8s
Ep 29/30 | Tr: 1.4359e-05 | Val: 1.3638e-05 | T: 593.3s
Ep 30/30 | Tr: 1.4298e-05 | Val: 1.3567e-05 | T: 592.8s
--- [TRAIN] Terminé en 303.83 min ---
--- [TEST] P3MG (UNROLLING) | Metric: MSE | Samples: 100 ---
[INFO] Chargement des poids depuis : runs/ablation/p3mg/ablation_intern/run_set_507755/20260830-043108_full/checkpoints/best_model.pt
[RESULT] Mean MSE: 1.4956e-05 | Median: 1.5254e-05 | Std: 4.7066e-06 | Best: 2.7988e-06 | Worst: 2.9435e-05

=== Exécution Terminée ===
--- Tache 19 terminee (volet: intern) ---
