no change     /scratch/mkalla/miniconda3/condabin/conda
no change     /scratch/mkalla/miniconda3/bin/conda
no change     /scratch/mkalla/miniconda3/bin/conda-env
no change     /scratch/mkalla/miniconda3/bin/activate
no change     /scratch/mkalla/miniconda3/bin/deactivate
no change     /scratch/mkalla/miniconda3/etc/profile.d/conda.sh
no change     /scratch/mkalla/miniconda3/etc/fish/conf.d/conda.fish
no change     /scratch/mkalla/miniconda3/shell/condabin/Conda.psm1
no change     /scratch/mkalla/miniconda3/shell/condabin/conda-hook.ps1
no change     /scratch/mkalla/miniconda3/lib/python3.12/site-packages/xontrib/conda.xsh
no change     /scratch/mkalla/miniconda3/etc/profile.d/conda.csh
no change     /home/opis/mkalla/.bashrc
No action taken.
--- Job Slurm ID: 507755_12 ---
--- Volet: intern | num_layers=30 | num_pd_layers=5 | mlp_hidden= | run_tag=ablation_intern/run_set_507755 ---
[INFO] Exécution verrouillée sur le GPU : 0
[AVERTISSEMENT] Paramètre 'train' du YAML non reconnu par argparse.
[AVERTISSEMENT] Paramètre 'val' du YAML non reconnu par argparse.
[AVERTISSEMENT] Paramètre 'test' du YAML non reconnu par argparse.
[AVERTISSEMENT] Paramètre 'save_dir' du YAML non reconnu par argparse.
[AVERTISSEMENT] Paramètre 'train_batch_size' du YAML non reconnu par argparse.
[AVERTISSEMENT] Paramètre 'val_batch_size' du YAML non reconnu par argparse.
[AVERTISSEMENT] Paramètre 'test_batch_size' du YAML non reconnu par argparse.
[AVERTISSEMENT] Paramètre 'Loss' du YAML non reconnu par argparse.
[AVERTISSEMENT] Paramètre 'number_layers' du YAML non reconnu par argparse.
[AVERTISSEMENT] Paramètre 'number_pd_layers' du YAML non reconnu par argparse.
[AVERTISSEMENT] Paramètre 'resume' du YAML non reconnu par argparse.
=== Lancement : P3MG | Stratégie : UNROLLING | Mode : FULL ===
--- Préparation des DataLoaders ---
[INFO] Chargement des données depuis : ./Dataset/data_0
[INFO] Instanciation des MyDataset...
[INFO] Train: 800 | Val: 100 | Test: 100
[INFO] Résultats sauvegardés dans : runs/ablation/p3mg/ablation_intern/run_set_507755/20260829-184830_full
[INFO] Modèle P3MG instancié.
--- [TRAIN] P3MG (UNROLLING) | Epochs: 30 | Loss: MSE ---
Ep 1/30 | Tr: 2.3372e-05 | Val: 2.2702e-05 | T: 94.7s
Ep 2/30 | Tr: 2.3213e-05 | Val: 2.2603e-05 | T: 94.4s
Ep 3/30 | Tr: 1.9381e-05 | Val: 1.7071e-05 | T: 94.4s
Ep 4/30 | Tr: 1.3679e-05 | Val: 1.3893e-05 | T: 94.5s
Ep 5/30 | Tr: 1.3049e-05 | Val: 1.0734e-05 | T: 94.3s
Ep 6/30 | Tr: 1.1605e-05 | Val: 1.0318e-05 | T: 94.8s
Ep 7/30 | Tr: 1.1206e-05 | Val: 1.0268e-05 | T: 94.6s
Ep 8/30 | Tr: 1.1061e-05 | Val: 1.0150e-05 | T: 94.5s
Ep 9/30 | Tr: 1.0974e-05 | Val: 1.0039e-05 | T: 94.4s
Ep 10/30 | Tr: 1.0715e-05 | Val: 9.6046e-06 | T: 94.1s
Ep 11/30 | Tr: 1.2301e-05 | Val: 1.0496e-05 | T: 94.5s
Ep 12/30 | Tr: 1.0525e-05 | Val: 9.3822e-06 | T: 94.4s
Ep 13/30 | Tr: 1.0276e-05 | Val: 9.5429e-06 | T: 94.3s
Ep 14/30 | Tr: 1.0288e-05 | Val: 9.3126e-06 | T: 94.6s
Ep 15/30 | Tr: 1.0311e-05 | Val: 9.7617e-06 | T: 94.5s
Ep 16/30 | Tr: 1.0302e-05 | Val: 9.2770e-06 | T: 94.5s
Ep 17/30 | Tr: 1.0127e-05 | Val: 9.3499e-06 | T: 95.1s
Ep 18/30 | Tr: 1.0045e-05 | Val: 9.1328e-06 | T: 94.4s
Ep 19/30 | Tr: 9.9204e-06 | Val: 9.0279e-06 | T: 94.7s
Ep 20/30 | Tr: 9.8121e-06 | Val: 9.1777e-06 | T: 94.6s
Ep 21/30 | Tr: 9.6815e-06 | Val: 8.5557e-06 | T: 94.7s
Ep 22/30 | Tr: 9.3193e-06 | Val: 8.4644e-06 | T: 94.6s
Ep 23/30 | Tr: 9.2242e-06 | Val: 8.3787e-06 | T: 94.5s
Ep 24/30 | Tr: 9.1717e-06 | Val: 8.4170e-06 | T: 94.8s
Ep 25/30 | Tr: 9.2033e-06 | Val: 8.3503e-06 | T: 94.7s
Ep 26/30 | Tr: 9.1769e-06 | Val: 8.2773e-06 | T: 94.7s
Ep 27/30 | Tr: 9.0758e-06 | Val: 8.2450e-06 | T: 94.4s
Ep 28/30 | Tr: 9.0884e-06 | Val: 8.3806e-06 | T: 94.4s
Ep 29/30 | Tr: 9.1102e-06 | Val: 8.4392e-06 | T: 94.3s
Ep 30/30 | Tr: 9.0709e-06 | Val: 8.1849e-06 | T: 94.2s
--- [TRAIN] Terminé en 47.86 min ---
--- [TEST] P3MG (UNROLLING) | Metric: MSE | Samples: 100 ---
[INFO] Chargement des poids depuis : runs/ablation/p3mg/ablation_intern/run_set_507755/20260829-184830_full/checkpoints/best_model.pt
[RESULT] Mean MSE: 9.7619e-06 | Median: 8.9838e-06 | Std: 4.8571e-06 | Best: 1.4005e-06 | Worst: 2.7181e-05

=== Exécution Terminée ===
--- Tache 12 terminee (volet: intern) ---
