no change     /scratch/mkalla/miniconda3/condabin/conda
no change     /scratch/mkalla/miniconda3/bin/conda
no change     /scratch/mkalla/miniconda3/bin/conda-env
no change     /scratch/mkalla/miniconda3/bin/activate
no change     /scratch/mkalla/miniconda3/bin/deactivate
no change     /scratch/mkalla/miniconda3/etc/profile.d/conda.sh
no change     /scratch/mkalla/miniconda3/etc/fish/conf.d/conda.fish
no change     /scratch/mkalla/miniconda3/shell/condabin/Conda.psm1
no change     /scratch/mkalla/miniconda3/shell/condabin/conda-hook.ps1
no change     /scratch/mkalla/miniconda3/lib/python3.12/site-packages/xontrib/conda.xsh
no change     /scratch/mkalla/miniconda3/etc/profile.d/conda.csh
no change     /home/opis/mkalla/.bashrc
No action taken.
--- Job Slurm ID: 507755_8 ---
--- Volet: extern | num_layers=45 | num_pd_layers=10 | mlp_hidden= | run_tag=ablation_extern/run_set_507755 ---
[INFO] Exécution verrouillée sur le GPU : 0
[AVERTISSEMENT] Paramètre 'train' du YAML non reconnu par argparse.
[AVERTISSEMENT] Paramètre 'val' du YAML non reconnu par argparse.
[AVERTISSEMENT] Paramètre 'test' du YAML non reconnu par argparse.
[AVERTISSEMENT] Paramètre 'save_dir' du YAML non reconnu par argparse.
[AVERTISSEMENT] Paramètre 'train_batch_size' du YAML non reconnu par argparse.
[AVERTISSEMENT] Paramètre 'val_batch_size' du YAML non reconnu par argparse.
[AVERTISSEMENT] Paramètre 'test_batch_size' du YAML non reconnu par argparse.
[AVERTISSEMENT] Paramètre 'Loss' du YAML non reconnu par argparse.
[AVERTISSEMENT] Paramètre 'number_layers' du YAML non reconnu par argparse.
[AVERTISSEMENT] Paramètre 'number_pd_layers' du YAML non reconnu par argparse.
[AVERTISSEMENT] Paramètre 'resume' du YAML non reconnu par argparse.
=== Lancement : P3MG | Stratégie : UNROLLING | Mode : FULL ===
--- Préparation des DataLoaders ---
[INFO] Chargement des données depuis : ./Dataset/data_0
[INFO] Instanciation des MyDataset...
[INFO] Train: 800 | Val: 100 | Test: 100
[INFO] Résultats sauvegardés dans : runs/ablation/p3mg/ablation_extern/run_set_507755/20260829-140544_full
[INFO] Modèle P3MG instancié.
--- [TRAIN] P3MG (UNROLLING) | Epochs: 30 | Loss: MSE ---
Ep 1/30 | Tr: 2.2608e-05 | Val: 1.8803e-05 | T: 248.9s
Ep 2/30 | Tr: 1.6957e-05 | Val: 1.4161e-05 | T: 248.6s
[SPIKE] Ep 3: Val 3.3963e-05 >> 2.0x moyenne récente (1.6482e-05). Restauration de l'état stable et réduction du LR.
Ep 4/30 | Tr: 1.4271e-05 | Val: 1.3014e-05 | T: 250.0s
Ep 5/30 | Tr: 1.4133e-05 | Val: 1.2886e-05 | T: 249.4s
Ep 6/30 | Tr: 1.3685e-05 | Val: 1.2616e-05 | T: 249.9s
Ep 7/30 | Tr: 1.3552e-05 | Val: 1.2550e-05 | T: 250.2s
Ep 8/30 | Tr: 1.3828e-05 | Val: 1.2349e-05 | T: 249.4s
Ep 9/30 | Tr: 1.3016e-05 | Val: 1.1508e-05 | T: 249.3s
Ep 10/30 | Tr: 1.2144e-05 | Val: 1.0849e-05 | T: 249.2s
Ep 11/30 | Tr: 1.1894e-05 | Val: 1.0860e-05 | T: 250.7s
Ep 12/30 | Tr: 1.1894e-05 | Val: 1.0664e-05 | T: 250.0s
Ep 13/30 | Tr: 1.3040e-05 | Val: 1.0871e-05 | T: 249.9s
Ep 14/30 | Tr: 1.1294e-05 | Val: 1.0068e-05 | T: 249.1s
Ep 15/30 | Tr: 1.0894e-05 | Val: 9.8700e-06 | T: 249.6s
Ep 16/30 | Tr: 1.0523e-05 | Val: 9.3734e-06 | T: 250.2s
Ep 17/30 | Tr: 1.0371e-05 | Val: 9.2630e-06 | T: 249.8s
Ep 18/30 | Tr: 1.0168e-05 | Val: 9.1834e-06 | T: 249.7s
Ep 19/30 | Tr: 9.9758e-06 | Val: 9.0618e-06 | T: 250.3s
Ep 20/30 | Tr: 9.8675e-06 | Val: 8.9946e-06 | T: 249.6s
Ep 21/30 | Tr: 9.9221e-06 | Val: 1.0391e-05 | T: 250.9s
Ep 22/30 | Tr: 1.0831e-05 | Val: 9.5509e-06 | T: 250.0s
Ep 23/30 | Tr: 1.0262e-05 | Val: 9.3769e-06 | T: 251.2s
Ep 24/30 | Tr: 1.0147e-05 | Val: 9.1160e-06 | T: 252.2s
Ep 25/30 | Tr: 9.8577e-06 | Val: 8.8246e-06 | T: 252.4s
Ep 26/30 | Tr: 1.0168e-05 | Val: 1.4638e-05 | T: 257.4s
[SPIKE] Ep 27: Val 7.2615e-05 >> 2.0x moyenne récente (1.0301e-05). Restauration de l'état stable et réduction du LR.
Ep 28/30 | Tr: 2.0176e-05 | Val: 1.8905e-05 | T: 255.3s
Ep 29/30 | Tr: 1.5862e-05 | Val: 1.2726e-05 | T: 255.2s
Ep 30/30 | Tr: 1.3571e-05 | Val: 1.2409e-05 | T: 256.0s
--- [TRAIN] Terminé en 126.80 min ---
--- [TEST] P3MG (UNROLLING) | Metric: MSE | Samples: 100 ---
[INFO] Chargement des poids depuis : runs/ablation/p3mg/ablation_extern/run_set_507755/20260829-140544_full/checkpoints/best_model.pt
[RESULT] Mean MSE: 1.0859e-05 | Median: 1.0039e-05 | Std: 5.4404e-06 | Best: 2.3592e-06 | Worst: 3.0704e-05

=== Exécution Terminée ===
--- Tache 8 terminee (volet: extern) ---
