no change     /scratch/mkalla/miniconda3/condabin/conda
no change     /scratch/mkalla/miniconda3/bin/conda
no change     /scratch/mkalla/miniconda3/bin/conda-env
no change     /scratch/mkalla/miniconda3/bin/activate
no change     /scratch/mkalla/miniconda3/bin/deactivate
no change     /scratch/mkalla/miniconda3/etc/profile.d/conda.sh
no change     /scratch/mkalla/miniconda3/etc/fish/conf.d/conda.fish
no change     /scratch/mkalla/miniconda3/shell/condabin/Conda.psm1
no change     /scratch/mkalla/miniconda3/shell/condabin/conda-hook.ps1
no change     /scratch/mkalla/miniconda3/lib/python3.12/site-packages/xontrib/conda.xsh
no change     /scratch/mkalla/miniconda3/etc/profile.d/conda.csh
no change     /home/opis/mkalla/.bashrc
No action taken.
--- Job Slurm ID: 507755_0 ---
--- Volet: extern | num_layers=5 | num_pd_layers=10 | mlp_hidden= | run_tag=ablation_extern/run_set_507755 ---
[INFO] Exécution verrouillée sur le GPU : 0
[AVERTISSEMENT] Paramètre 'train' du YAML non reconnu par argparse.
[AVERTISSEMENT] Paramètre 'val' du YAML non reconnu par argparse.
[AVERTISSEMENT] Paramètre 'test' du YAML non reconnu par argparse.
[AVERTISSEMENT] Paramètre 'save_dir' du YAML non reconnu par argparse.
[AVERTISSEMENT] Paramètre 'train_batch_size' du YAML non reconnu par argparse.
[AVERTISSEMENT] Paramètre 'val_batch_size' du YAML non reconnu par argparse.
[AVERTISSEMENT] Paramètre 'test_batch_size' du YAML non reconnu par argparse.
[AVERTISSEMENT] Paramètre 'Loss' du YAML non reconnu par argparse.
[AVERTISSEMENT] Paramètre 'number_layers' du YAML non reconnu par argparse.
[AVERTISSEMENT] Paramètre 'number_pd_layers' du YAML non reconnu par argparse.
[AVERTISSEMENT] Paramètre 'resume' du YAML non reconnu par argparse.
=== Lancement : P3MG | Stratégie : UNROLLING | Mode : FULL ===
--- Préparation des DataLoaders ---
[INFO] Chargement des données depuis : ./Dataset/data_0
[INFO] Instanciation des MyDataset...
[INFO] Train: 800 | Val: 100 | Test: 100
[INFO] Résultats sauvegardés dans : runs/ablation/p3mg/ablation_extern/run_set_507755/20260829-103926_full
[INFO] Modèle P3MG instancié.
--- [TRAIN] P3MG (UNROLLING) | Epochs: 30 | Loss: MSE ---
Ep 1/30 | Tr: 2.1468e-05 | Val: 1.8762e-05 | T: 57.8s
Ep 2/30 | Tr: 1.7410e-05 | Val: 1.6484e-05 | T: 57.6s
Ep 3/30 | Tr: 1.7038e-05 | Val: 1.6227e-05 | T: 57.4s
Ep 4/30 | Tr: 1.6964e-05 | Val: 1.6236e-05 | T: 57.0s
Ep 5/30 | Tr: 1.6891e-05 | Val: 1.6081e-05 | T: 57.4s
Ep 6/30 | Tr: 1.7032e-05 | Val: 1.6687e-05 | T: 57.7s
Ep 7/30 | Tr: 1.6910e-05 | Val: 1.6072e-05 | T: 57.5s
Ep 8/30 | Tr: 1.6870e-05 | Val: 1.6066e-05 | T: 57.8s
Ep 9/30 | Tr: 1.6834e-05 | Val: 1.6028e-05 | T: 57.8s
Ep 10/30 | Tr: 1.6877e-05 | Val: 1.6064e-05 | T: 57.7s
Ep 11/30 | Tr: 1.6928e-05 | Val: 1.6176e-05 | T: 57.6s
Ep 12/30 | Tr: 1.6927e-05 | Val: 1.6047e-05 | T: 57.8s
Ep 13/30 | Tr: 1.6891e-05 | Val: 1.6155e-05 | T: 57.5s
Ep 14/30 | Tr: 1.6954e-05 | Val: 1.6169e-05 | T: 57.6s
Ep 15/30 | Tr: 1.7026e-05 | Val: 1.6254e-05 | T: 57.6s
Ep 16/30 | Tr: 1.6783e-05 | Val: 1.5962e-05 | T: 57.5s
Ep 17/30 | Tr: 1.6738e-05 | Val: 1.5898e-05 | T: 57.9s
Ep 18/30 | Tr: 1.6732e-05 | Val: 1.5960e-05 | T: 57.5s
Ep 19/30 | Tr: 1.6769e-05 | Val: 1.6009e-05 | T: 57.2s
Ep 20/30 | Tr: 1.6697e-05 | Val: 1.5871e-05 | T: 57.7s
Ep 21/30 | Tr: 1.6688e-05 | Val: 1.5855e-05 | T: 57.5s
Ep 22/30 | Tr: 1.6718e-05 | Val: 1.5869e-05 | T: 57.5s
Ep 23/30 | Tr: 1.6680e-05 | Val: 1.5851e-05 | T: 57.7s
Ep 24/30 | Tr: 1.6719e-05 | Val: 1.6070e-05 | T: 57.4s
Ep 25/30 | Tr: 1.6713e-05 | Val: 1.5871e-05 | T: 57.5s
Ep 26/30 | Tr: 1.6586e-05 | Val: 1.5509e-05 | T: 57.7s
Ep 27/30 | Tr: 1.6230e-05 | Val: 1.5531e-05 | T: 57.6s
Ep 28/30 | Tr: 1.6179e-05 | Val: 1.5343e-05 | T: 57.6s
Ep 29/30 | Tr: 1.6150e-05 | Val: 1.5626e-05 | T: 57.3s
Ep 30/30 | Tr: 1.6157e-05 | Val: 1.5418e-05 | T: 57.4s
--- [TRAIN] Terminé en 29.17 min ---
--- [TEST] P3MG (UNROLLING) | Metric: MSE | Samples: 100 ---
[INFO] Chargement des poids depuis : runs/ablation/p3mg/ablation_extern/run_set_507755/20260829-103926_full/checkpoints/best_model.pt
[RESULT] Mean MSE: 1.6678e-05 | Median: 1.6609e-05 | Std: 4.3533e-06 | Best: 4.0872e-06 | Worst: 2.9149e-05

=== Exécution Terminée ===
--- Tache 0 terminee (volet: extern) ---
