no change     /scratch/mkalla/miniconda3/condabin/conda
no change     /scratch/mkalla/miniconda3/bin/conda
no change     /scratch/mkalla/miniconda3/bin/conda-env
no change     /scratch/mkalla/miniconda3/bin/activate
no change     /scratch/mkalla/miniconda3/bin/deactivate
no change     /scratch/mkalla/miniconda3/etc/profile.d/conda.sh
no change     /scratch/mkalla/miniconda3/etc/fish/conf.d/conda.fish
no change     /scratch/mkalla/miniconda3/shell/condabin/Conda.psm1
no change     /scratch/mkalla/miniconda3/shell/condabin/conda-hook.ps1
no change     /scratch/mkalla/miniconda3/lib/python3.12/site-packages/xontrib/conda.xsh
no change     /scratch/mkalla/miniconda3/etc/profile.d/conda.csh
no change     /home/opis/mkalla/.bashrc
No action taken.
--- Job Slurm ID: 554196 | Mode: compare (data_1, sous-ensemble cible) | Critere: SNR | run_set: run_set_554196 ---
[INFO] Exécution verrouillée sur le GPU : 0
[AVERTISSEMENT] Paramètre 'train' du YAML non reconnu par argparse.
[AVERTISSEMENT] Paramètre 'val' du YAML non reconnu par argparse.
[AVERTISSEMENT] Paramètre 'test' du YAML non reconnu par argparse.
[AVERTISSEMENT] Paramètre 'save_dir' du YAML non reconnu par argparse.
[AVERTISSEMENT] Paramètre 'train_batch_size' du YAML non reconnu par argparse.
[AVERTISSEMENT] Paramètre 'val_batch_size' du YAML non reconnu par argparse.
[AVERTISSEMENT] Paramètre 'test_batch_size' du YAML non reconnu par argparse.
[AVERTISSEMENT] Paramètre 'Loss' du YAML non reconnu par argparse.
[AVERTISSEMENT] Paramètre 'number_layers' du YAML non reconnu par argparse.
[AVERTISSEMENT] Paramètre 'number_pd_layers' du YAML non reconnu par argparse.
[AVERTISSEMENT] Paramètre 'resume' du YAML non reconnu par argparse.
=== Lancement : P3MG | Stratégie : UNROLLING | Mode : COMPARE ===
--- Préparation des DataLoaders ---
[INFO] Chargement des données depuis : ./Dataset/data_1
[INFO] Instanciation des MyDataset...
[INFO] Train: 800 | Val: 100 | Test: 100
[INFO] Résultats sauvegardés dans : runs/compare/run_set_554196/data_1/20260908-112810_compare
--- [COMPARE] Evaluation complete du jeu de test (100 signaux) | Data: data_1 ---
[COMPARE][unrolling][hq] Progression : 10/100 signaux evalues.
[COMPARE][unrolling][hq] Progression : 20/100 signaux evalues.
[COMPARE][unrolling][hq] Progression : 30/100 signaux evalues.
[COMPARE][unrolling][hq] Progression : 40/100 signaux evalues.
[COMPARE][unrolling][hq] Progression : 50/100 signaux evalues.
[COMPARE][unrolling][hq] Progression : 60/100 signaux evalues.
[COMPARE][unrolling][hq] Progression : 70/100 signaux evalues.
[COMPARE][unrolling][hq] Progression : 80/100 signaux evalues.
[COMPARE][unrolling][hq] Progression : 90/100 signaux evalues.
[COMPARE][unrolling][hq] Progression : 100/100 signaux evalues.
[COMPARE][unrolling][hq] MSE=1.4478e-05 SNR=-3.9559e+00 Temps=4.4010s (4.4010e-02s/signal) (poids: runs/hq/unrolling/data_1/20260907-162151_full/checkpoints/best_model.pt)
[COMPARE][unrolling][ista] Progression : 10/100 signaux evalues.
[COMPARE][unrolling][ista] Progression : 20/100 signaux evalues.
[COMPARE][unrolling][ista] Progression : 30/100 signaux evalues.
[COMPARE][unrolling][ista] Progression : 40/100 signaux evalues.
[COMPARE][unrolling][ista] Progression : 50/100 signaux evalues.
[COMPARE][unrolling][ista] Progression : 60/100 signaux evalues.
[COMPARE][unrolling][ista] Progression : 70/100 signaux evalues.
[COMPARE][unrolling][ista] Progression : 80/100 signaux evalues.
[COMPARE][unrolling][ista] Progression : 90/100 signaux evalues.
[COMPARE][unrolling][ista] Progression : 100/100 signaux evalues.
[COMPARE][unrolling][ista] MSE=1.9146e-05 SNR=-1.0290e+00 Temps=2.4771s (2.4771e-02s/signal) (poids: runs/ista/unrolling/data_1/20260907-163236_full/checkpoints/best_model.pt)
[COMPARE][unrolling][p3mg] Progression : 10/100 signaux evalues.
[COMPARE][unrolling][p3mg] Progression : 20/100 signaux evalues.
[COMPARE][unrolling][p3mg] Progression : 30/100 signaux evalues.
[COMPARE][unrolling][p3mg] Progression : 40/100 signaux evalues.
[COMPARE][unrolling][p3mg] Progression : 50/100 signaux evalues.
[COMPARE][unrolling][p3mg] Progression : 60/100 signaux evalues.
[COMPARE][unrolling][p3mg] Progression : 70/100 signaux evalues.
[COMPARE][unrolling][p3mg] Progression : 80/100 signaux evalues.
[COMPARE][unrolling][p3mg] Progression : 90/100 signaux evalues.
[COMPARE][unrolling][p3mg] Progression : 100/100 signaux evalues.
[COMPARE][unrolling][p3mg] MSE=9.0523e-06 SNR=-8.4913e+00 Temps=45.3836s (4.5384e-01s/signal) (poids: runs/p3mg/unrolling/data_1/20260907-163759_full/checkpoints/best_model.pt)
[COMPARE][random_search][pd] Debut evaluation : 100 signaux, 10000 iterations/signal.
[COMPARE][random_search][pd] Progression : 10/100 signaux evalues.
[COMPARE][random_search][pd] Progression : 20/100 signaux evalues.
[COMPARE][random_search][pd] Progression : 30/100 signaux evalues.
[COMPARE][random_search][pd] Progression : 40/100 signaux evalues.
[COMPARE][random_search][pd] Progression : 50/100 signaux evalues.
