no change     /scratch/mkalla/miniconda3/condabin/conda
no change     /scratch/mkalla/miniconda3/bin/conda
no change     /scratch/mkalla/miniconda3/bin/conda-env
no change     /scratch/mkalla/miniconda3/bin/activate
no change     /scratch/mkalla/miniconda3/bin/deactivate
no change     /scratch/mkalla/miniconda3/etc/profile.d/conda.sh
no change     /scratch/mkalla/miniconda3/etc/fish/conf.d/conda.fish
no change     /scratch/mkalla/miniconda3/shell/condabin/Conda.psm1
no change     /scratch/mkalla/miniconda3/shell/condabin/conda-hook.ps1
no change     /scratch/mkalla/miniconda3/lib/python3.12/site-packages/xontrib/conda.xsh
no change     /scratch/mkalla/miniconda3/etc/profile.d/conda.csh
no change     /home/opis/mkalla/.bashrc
No action taken.
--- Job Slurm ID: 505427 | Mode: compare | Critere: SNR | run_set: run_set_505427 ---
=== [COMPARE] Dataset: data_0 ===
[INFO] Exécution verrouillée sur le GPU : 0
[AVERTISSEMENT] Paramètre 'train' du YAML non reconnu par argparse.
[AVERTISSEMENT] Paramètre 'val' du YAML non reconnu par argparse.
[AVERTISSEMENT] Paramètre 'test' du YAML non reconnu par argparse.
[AVERTISSEMENT] Paramètre 'save_dir' du YAML non reconnu par argparse.
[AVERTISSEMENT] Paramètre 'train_batch_size' du YAML non reconnu par argparse.
[AVERTISSEMENT] Paramètre 'val_batch_size' du YAML non reconnu par argparse.
[AVERTISSEMENT] Paramètre 'test_batch_size' du YAML non reconnu par argparse.
[AVERTISSEMENT] Paramètre 'Loss' du YAML non reconnu par argparse.
[AVERTISSEMENT] Paramètre 'number_layers' du YAML non reconnu par argparse.
[AVERTISSEMENT] Paramètre 'number_pd_layers' du YAML non reconnu par argparse.
[AVERTISSEMENT] Paramètre 'resume' du YAML non reconnu par argparse.
=== Lancement : P3MG | Stratégie : UNROLLING | Mode : COMPARE ===
--- Préparation des DataLoaders ---
[INFO] Chargement des données depuis : ./Dataset/data_0
[INFO] Instanciation des MyDataset...
[INFO] Train: 800 | Val: 100 | Test: 100
[INFO] Résultats sauvegardés dans : runs/compare/run_set_505427/data_0/20260828-114900_compare
--- [COMPARE] Evaluation complete du jeu de test (100 signaux) | Data: data_0 ---
[COMPARE][unrolling][p3mg] Progression : 10/100 signaux evalues.
[COMPARE][unrolling][p3mg] Progression : 20/100 signaux evalues.
[COMPARE][unrolling][p3mg] Progression : 30/100 signaux evalues.
[COMPARE][unrolling][p3mg] Progression : 40/100 signaux evalues.
[COMPARE][unrolling][p3mg] Progression : 50/100 signaux evalues.
[COMPARE][unrolling][p3mg] Progression : 60/100 signaux evalues.
[COMPARE][unrolling][p3mg] Progression : 70/100 signaux evalues.
[COMPARE][unrolling][p3mg] Progression : 80/100 signaux evalues.
[COMPARE][unrolling][p3mg] Progression : 90/100 signaux evalues.
[COMPARE][unrolling][p3mg] Progression : 100/100 signaux evalues.
[COMPARE][unrolling][p3mg] MSE=9.8918e-06 SNR=-4.7461e+00 (poids: runs/p3mg/unrolling/data_0/20260826-154236_full/checkpoints/best_model.pt)
[COMPARE][unrolling][ista] Progression : 10/100 signaux evalues.
[COMPARE][unrolling][ista] Progression : 20/100 signaux evalues.
[COMPARE][unrolling][ista] Progression : 30/100 signaux evalues.
[COMPARE][unrolling][ista] Progression : 40/100 signaux evalues.
[COMPARE][unrolling][ista] Progression : 50/100 signaux evalues.
[COMPARE][unrolling][ista] Progression : 60/100 signaux evalues.
[COMPARE][unrolling][ista] Progression : 70/100 signaux evalues.
[COMPARE][unrolling][ista] Progression : 80/100 signaux evalues.
[COMPARE][unrolling][ista] Progression : 90/100 signaux evalues.
[COMPARE][unrolling][ista] Progression : 100/100 signaux evalues.
[COMPARE][unrolling][ista] MSE=2.3379e-05 SNR=-4.9579e-01 (poids: runs/ista/unrolling/data_0/20260827-141437_full/checkpoints/best_model.pt)
[COMPARE][unrolling][hq] Progression : 10/100 signaux evalues.
[COMPARE][unrolling][hq] Progression : 20/100 signaux evalues.
[COMPARE][unrolling][hq] Progression : 30/100 signaux evalues.
[COMPARE][unrolling][hq] Progression : 40/100 signaux evalues.
[COMPARE][unrolling][hq] Progression : 50/100 signaux evalues.
[COMPARE][unrolling][hq] Progression : 60/100 signaux evalues.
[COMPARE][unrolling][hq] Progression : 70/100 signaux evalues.
[COMPARE][unrolling][hq] Progression : 80/100 signaux evalues.
[COMPARE][unrolling][hq] Progression : 90/100 signaux evalues.
[COMPARE][unrolling][hq] Progression : 100/100 signaux evalues.
[COMPARE][unrolling][hq] MSE=1.8946e-05 SNR=-1.4813e+00 (poids: runs/hq/unrolling/data_0/20260826-162333_full/checkpoints/best_model.pt)
[COMPARE][unrolling][pd] Progression : 10/100 signaux evalues.
[COMPARE][unrolling][pd] Progression : 20/100 signaux evalues.
[COMPARE][unrolling][pd] Progression : 30/100 signaux evalues.
[COMPARE][unrolling][pd] Progression : 40/100 signaux evalues.
[COMPARE][unrolling][pd] Progression : 50/100 signaux evalues.
[COMPARE][unrolling][pd] Progression : 60/100 signaux evalues.
[COMPARE][unrolling][pd] Progression : 70/100 signaux evalues.
[COMPARE][unrolling][pd] Progression : 80/100 signaux evalues.
[COMPARE][unrolling][pd] Progression : 90/100 signaux evalues.
[COMPARE][unrolling][pd] Progression : 100/100 signaux evalues.
[COMPARE][unrolling][pd] MSE=1.9281e-05 SNR=-1.3645e+00 (poids: runs/pd/unrolling/data_0/20260826-163239_full/checkpoints/best_model.pt)
[COMPARE][unrolling][pmms] Progression : 10/100 signaux evalues.
[COMPARE][unrolling][pmms] Progression : 20/100 signaux evalues.
[COMPARE][unrolling][pmms] Progression : 30/100 signaux evalues.
[COMPARE][unrolling][pmms] Progression : 40/100 signaux evalues.
[COMPARE][unrolling][pmms] Progression : 50/100 signaux evalues.
[COMPARE][unrolling][pmms] Progression : 60/100 signaux evalues.
[COMPARE][unrolling][pmms] Progression : 70/100 signaux evalues.
[COMPARE][unrolling][pmms] Progression : 80/100 signaux evalues.
[COMPARE][unrolling][pmms] Progression : 90/100 signaux evalues.
[COMPARE][unrolling][pmms] Progression : 100/100 signaux evalues.
[COMPARE][unrolling][pmms] MSE=2.2360e-05 SNR=-6.9514e-01 (poids: runs/pmms/unrolling/data_0/20260826-154241_full/checkpoints/best_model.pt)
[COMPARE][random_search][p3mg] Debut evaluation : 100 signaux, 10000 iterations/signal.
[COMPARE][random_search][p3mg] Progression : 10/100 signaux evalues.
[COMPARE][random_search][p3mg] Progression : 20/100 signaux evalues.
[COMPARE][random_search][p3mg] Progression : 30/100 signaux evalues.
[COMPARE][random_search][p3mg] Progression : 40/100 signaux evalues.
[COMPARE][random_search][p3mg] Progression : 50/100 signaux evalues.
[COMPARE][random_search][p3mg] Progression : 60/100 signaux evalues.
[COMPARE][random_search][p3mg] Progression : 70/100 signaux evalues.
[COMPARE][random_search][p3mg] Progression : 80/100 signaux evalues.
[COMPARE][random_search][p3mg] Progression : 90/100 signaux evalues.
[COMPARE][random_search][p3mg] Progression : 100/100 signaux evalues.
[COMPARE][random_search][p3mg] MSE=1.5443e-05 SNR=-2.7103e+00 (params: runs/p3mg/random_search/data_0/20260827-142059_full/checkpoints/best_params.json)
[COMPARE][random_search][ista] Debut evaluation : 100 signaux, 10000 iterations/signal.
[COMPARE][random_search][ista] Progression : 10/100 signaux evalues.
[COMPARE][random_search][ista] Progression : 20/100 signaux evalues.
[COMPARE][random_search][ista] Progression : 30/100 signaux evalues.
[COMPARE][random_search][ista] Progression : 40/100 signaux evalues.
[COMPARE][random_search][ista] Progression : 50/100 signaux evalues.
[COMPARE][random_search][ista] Progression : 60/100 signaux evalues.
[COMPARE][random_search][ista] Progression : 70/100 signaux evalues.
[COMPARE][random_search][ista] Progression : 80/100 signaux evalues.
[COMPARE][random_search][ista] Progression : 90/100 signaux evalues.
[COMPARE][random_search][ista] Progression : 100/100 signaux evalues.
[COMPARE][random_search][ista] MSE=1.8251e-05 SNR=-1.6192e+00 (params: runs/ista/random_search/data_0/20260827-141518_full/checkpoints/best_params.json)
[COMPARE][random_search][hq] Debut evaluation : 100 signaux, 10000 iterations/signal.
[COMPARE][random_search][hq] Progression : 10/100 signaux evalues.
[COMPARE][random_search][hq] Progression : 20/100 signaux evalues.
[COMPARE][random_search][hq] Progression : 30/100 signaux evalues.
[COMPARE][random_search][hq] Progression : 40/100 signaux evalues.
[COMPARE][random_search][hq] Progression : 50/100 signaux evalues.
[COMPARE][random_search][hq] Progression : 60/100 signaux evalues.
[COMPARE][random_search][hq] Progression : 70/100 signaux evalues.
[COMPARE][random_search][hq] Progression : 80/100 signaux evalues.
[COMPARE][random_search][hq] Progression : 90/100 signaux evalues.
[COMPARE][random_search][hq] Progression : 100/100 signaux evalues.
[COMPARE][random_search][hq] MSE=6.5831e-05 SNR=-2.8950e-01 (params: runs/hq/random_search/data_0/20260826-163149_full/checkpoints/best_params.json)
[COMPARE][random_search][pd] Debut evaluation : 100 signaux, 10000 iterations/signal.
[COMPARE][random_search][pd] Progression : 10/100 signaux evalues.
[COMPARE][random_search][pd] Progression : 20/100 signaux evalues.
[COMPARE][random_search][pd] Progression : 30/100 signaux evalues.
[COMPARE][random_search][pd] Progression : 40/100 signaux evalues.
[COMPARE][random_search][pd] Progression : 50/100 signaux evalues.
[COMPARE][random_search][pd] Progression : 60/100 signaux evalues.
[COMPARE][random_search][pd] Progression : 70/100 signaux evalues.
[COMPARE][random_search][pd] Progression : 80/100 signaux evalues.
[COMPARE][random_search][pd] Progression : 90/100 signaux evalues.
[COMPARE][random_search][pd] Progression : 100/100 signaux evalues.
[COMPARE][random_search][pd] MSE=1.0736e-05 SNR=-4.4372e+00 (params: runs/pd/random_search/data_0/20260826-164331_full/checkpoints/best_params.json)
[COMPARE][random_search][pmms] Debut evaluation : 100 signaux, 10000 iterations/signal.
[COMPARE][random_search][pmms] Progression : 10/100 signaux evalues.
[COMPARE][random_search][pmms] Progression : 20/100 signaux evalues.
[COMPARE][random_search][pmms] Progression : 30/100 signaux evalues.
[COMPARE][random_search][pmms] Progression : 40/100 signaux evalues.
[COMPARE][random_search][pmms] Progression : 50/100 signaux evalues.
[COMPARE][random_search][pmms] Progression : 60/100 signaux evalues.
[COMPARE][random_search][pmms] Progression : 70/100 signaux evalues.
[COMPARE][random_search][pmms] Progression : 80/100 signaux evalues.
[COMPARE][random_search][pmms] Progression : 90/100 signaux evalues.
[COMPARE][random_search][pmms] Progression : 100/100 signaux evalues.
[COMPARE][random_search][pmms] MSE=2.1949e-05 SNR=-7.7862e-01 (params: runs/pmms/random_search/data_0/20260826-154236_full/checkpoints/best_params.json)
[COMPARE][deep_learning][fcae] Progression : 10/100 signaux evalues.
[COMPARE][deep_learning][fcae] Progression : 20/100 signaux evalues.
[COMPARE][deep_learning][fcae] Progression : 30/100 signaux evalues.
[COMPARE][deep_learning][fcae] Progression : 40/100 signaux evalues.
[COMPARE][deep_learning][fcae] Progression : 50/100 signaux evalues.
[COMPARE][deep_learning][fcae] Progression : 60/100 signaux evalues.
[COMPARE][deep_learning][fcae] Progression : 70/100 signaux evalues.
[COMPARE][deep_learning][fcae] Progression : 80/100 signaux evalues.
[COMPARE][deep_learning][fcae] Progression : 90/100 signaux evalues.
[COMPARE][deep_learning][fcae] Progression : 100/100 signaux evalues.
[COMPARE][deep_learning][fcae] MSE=1.5212e-05 SNR=-2.5436e+00 (poids: runs/fcae/unrolling/data_0/20260827-120142_full/checkpoints/best_model.pt)
[COMPARE][deep_learning][fctn] Progression : 10/100 signaux evalues.
[COMPARE][deep_learning][fctn] Progression : 20/100 signaux evalues.
[COMPARE][deep_learning][fctn] Progression : 30/100 signaux evalues.
[COMPARE][deep_learning][fctn] Progression : 40/100 signaux evalues.
[COMPARE][deep_learning][fctn] Progression : 50/100 signaux evalues.
[COMPARE][deep_learning][fctn] Progression : 60/100 signaux evalues.
[COMPARE][deep_learning][fctn] Progression : 70/100 signaux evalues.
[COMPARE][deep_learning][fctn] Progression : 80/100 signaux evalues.
[COMPARE][deep_learning][fctn] Progression : 90/100 signaux evalues.
[COMPARE][deep_learning][fctn] Progression : 100/100 signaux evalues.
[COMPARE][deep_learning][fctn] MSE=1.9310e-05 SNR=-1.3699e+00 (poids: runs/fctn/unrolling/data_0/20260827-120142_full/checkpoints/best_model.pt)
[COMPARE][deep_learning][fcun] Progression : 10/100 signaux evalues.
[COMPARE][deep_learning][fcun] Progression : 20/100 signaux evalues.
[COMPARE][deep_learning][fcun] Progression : 30/100 signaux evalues.
[COMPARE][deep_learning][fcun] Progression : 40/100 signaux evalues.
[COMPARE][deep_learning][fcun] Progression : 50/100 signaux evalues.
[COMPARE][deep_learning][fcun] Progression : 60/100 signaux evalues.
[COMPARE][deep_learning][fcun] Progression : 70/100 signaux evalues.
[COMPARE][deep_learning][fcun] Progression : 80/100 signaux evalues.
[COMPARE][deep_learning][fcun] Progression : 90/100 signaux evalues.
[COMPARE][deep_learning][fcun] Progression : 100/100 signaux evalues.
[COMPARE][deep_learning][fcun] MSE=1.0681e-05 SNR=-4.1312e+00 (poids: runs/fcun/unrolling/data_0/20260827-120142_full/checkpoints/best_model.pt)
[COMPARE][deep_learning][resu] Progression : 10/100 signaux evalues.
[COMPARE][deep_learning][resu] Progression : 20/100 signaux evalues.
[COMPARE][deep_learning][resu] Progression : 30/100 signaux evalues.
[COMPARE][deep_learning][resu] Progression : 40/100 signaux evalues.
[COMPARE][deep_learning][resu] Progression : 50/100 signaux evalues.
[COMPARE][deep_learning][resu] Progression : 60/100 signaux evalues.
[COMPARE][deep_learning][resu] Progression : 70/100 signaux evalues.
[COMPARE][deep_learning][resu] Progression : 80/100 signaux evalues.
[COMPARE][deep_learning][resu] Progression : 90/100 signaux evalues.
[COMPARE][deep_learning][resu] Progression : 100/100 signaux evalues.
[COMPARE][deep_learning][resu] MSE=2.6123e-05 SNR=-3.6658e-03 (poids: runs/resu/unrolling/data_0/20260827-120142_full/checkpoints/best_model.pt)
[COMPARE] Graphique sauvegarde : runs/compare/run_set_505427/data_0/20260828-114900_compare/plots/signals/compare_signal_81_p3mg_unrolling.png
[COMPARE] Graphique sauvegarde : runs/compare/run_set_505427/data_0/20260828-114900_compare/plots/signals/compare_signal_81_ista_unrolling.png
[COMPARE] Graphique sauvegarde : runs/compare/run_set_505427/data_0/20260828-114900_compare/plots/signals/compare_signal_81_hq_unrolling.png
[COMPARE] Graphique sauvegarde : runs/compare/run_set_505427/data_0/20260828-114900_compare/plots/signals/compare_signal_81_pd_unrolling.png
[COMPARE] Graphique sauvegarde : runs/compare/run_set_505427/data_0/20260828-114900_compare/plots/signals/compare_signal_81_pmms_unrolling.png
[COMPARE] Graphique sauvegarde : runs/compare/run_set_505427/data_0/20260828-114900_compare/plots/signals/compare_signal_81_p3mg_random_search.png
[COMPARE] Graphique sauvegarde : runs/compare/run_set_505427/data_0/20260828-114900_compare/plots/signals/compare_signal_81_ista_random_search.png
[COMPARE] Graphique sauvegarde : runs/compare/run_set_505427/data_0/20260828-114900_compare/plots/signals/compare_signal_81_hq_random_search.png
[COMPARE] Graphique sauvegarde : runs/compare/run_set_505427/data_0/20260828-114900_compare/plots/signals/compare_signal_81_pd_random_search.png
[COMPARE] Graphique sauvegarde : runs/compare/run_set_505427/data_0/20260828-114900_compare/plots/signals/compare_signal_81_pmms_random_search.png
[COMPARE] Graphique sauvegarde : runs/compare/run_set_505427/data_0/20260828-114900_compare/plots/signals/compare_signal_81_fcae_deep_learning.png
[COMPARE] Graphique sauvegarde : runs/compare/run_set_505427/data_0/20260828-114900_compare/plots/signals/compare_signal_81_fctn_deep_learning.png
[COMPARE] Graphique sauvegarde : runs/compare/run_set_505427/data_0/20260828-114900_compare/plots/signals/compare_signal_81_fcun_deep_learning.png
[COMPARE] Graphique sauvegarde : runs/compare/run_set_505427/data_0/20260828-114900_compare/plots/signals/compare_signal_81_resu_deep_learning.png
[COMPARE] Graphique recapitulatif sauvegarde : runs/compare/run_set_505427/data_0/20260828-114900_compare/plots/compare_summary_81.png
[COMPARE] Rapport CSV sauvegarde : runs/compare/run_set_505427/data_0/20260828-114900_compare/logs/compare_report.csv
[COMPARE] Rapport JSON sauvegarde : runs/compare/run_set_505427/data_0/20260828-114900_compare/logs/compare_report.json
[COMPARE] Rapport texte sauvegarde : runs/compare/run_set_505427/data_0/20260828-114900_compare/logs/compare_report.txt

=== Exécution Terminée ===
=== [COMPARE] Dataset: data_1 ===
[INFO] Exécution verrouillée sur le GPU : 0
[AVERTISSEMENT] Paramètre 'train' du YAML non reconnu par argparse.
[AVERTISSEMENT] Paramètre 'val' du YAML non reconnu par argparse.
[AVERTISSEMENT] Paramètre 'test' du YAML non reconnu par argparse.
[AVERTISSEMENT] Paramètre 'save_dir' du YAML non reconnu par argparse.
[AVERTISSEMENT] Paramètre 'train_batch_size' du YAML non reconnu par argparse.
[AVERTISSEMENT] Paramètre 'val_batch_size' du YAML non reconnu par argparse.
[AVERTISSEMENT] Paramètre 'test_batch_size' du YAML non reconnu par argparse.
[AVERTISSEMENT] Paramètre 'Loss' du YAML non reconnu par argparse.
[AVERTISSEMENT] Paramètre 'number_layers' du YAML non reconnu par argparse.
[AVERTISSEMENT] Paramètre 'number_pd_layers' du YAML non reconnu par argparse.
[AVERTISSEMENT] Paramètre 'resume' du YAML non reconnu par argparse.
=== Lancement : P3MG | Stratégie : UNROLLING | Mode : COMPARE ===
--- Préparation des DataLoaders ---
[INFO] Chargement des données depuis : ./Dataset/data_1
[INFO] Instanciation des MyDataset...
[INFO] Train: 800 | Val: 100 | Test: 100
[INFO] Résultats sauvegardés dans : runs/compare/run_set_505427/data_1/20260828-163114_compare
--- [COMPARE] Evaluation complete du jeu de test (100 signaux) | Data: data_1 ---
[COMPARE][unrolling][p3mg] Progression : 10/100 signaux evalues.
[COMPARE][unrolling][p3mg] Progression : 20/100 signaux evalues.
[COMPARE][unrolling][p3mg] Progression : 30/100 signaux evalues.
[COMPARE][unrolling][p3mg] Progression : 40/100 signaux evalues.
[COMPARE][unrolling][p3mg] Progression : 50/100 signaux evalues.
[COMPARE][unrolling][p3mg] Progression : 60/100 signaux evalues.
[COMPARE][unrolling][p3mg] Progression : 70/100 signaux evalues.
[COMPARE][unrolling][p3mg] Progression : 80/100 signaux evalues.
[COMPARE][unrolling][p3mg] Progression : 90/100 signaux evalues.
[COMPARE][unrolling][p3mg] Progression : 100/100 signaux evalues.
[COMPARE][unrolling][p3mg] MSE=9.5552e-06 SNR=-4.9605e+00 (poids: runs/p3mg/unrolling/data_1/20260826-171040_full/checkpoints/best_model.pt)
[COMPARE][unrolling][ista] Progression : 10/100 signaux evalues.
[COMPARE][unrolling][ista] Progression : 20/100 signaux evalues.
[COMPARE][unrolling][ista] Progression : 30/100 signaux evalues.
[COMPARE][unrolling][ista] Progression : 40/100 signaux evalues.
[COMPARE][unrolling][ista] Progression : 50/100 signaux evalues.
[COMPARE][unrolling][ista] Progression : 60/100 signaux evalues.
[COMPARE][unrolling][ista] Progression : 70/100 signaux evalues.
[COMPARE][unrolling][ista] Progression : 80/100 signaux evalues.
[COMPARE][unrolling][ista] Progression : 90/100 signaux evalues.
[COMPARE][unrolling][ista] Progression : 100/100 signaux evalues.
[COMPARE][unrolling][ista] MSE=2.3389e-05 SNR=-4.9396e-01 (poids: runs/ista/unrolling/data_1/20260827-141532_full/checkpoints/best_model.pt)
[COMPARE][unrolling][hq] Progression : 10/100 signaux evalues.
[COMPARE][unrolling][hq] Progression : 20/100 signaux evalues.
[COMPARE][unrolling][hq] Progression : 30/100 signaux evalues.
[COMPARE][unrolling][hq] Progression : 40/100 signaux evalues.
[COMPARE][unrolling][hq] Progression : 50/100 signaux evalues.
[COMPARE][unrolling][hq] Progression : 60/100 signaux evalues.
[COMPARE][unrolling][hq] Progression : 70/100 signaux evalues.
[COMPARE][unrolling][hq] Progression : 80/100 signaux evalues.
[COMPARE][unrolling][hq] Progression : 90/100 signaux evalues.
[COMPARE][unrolling][hq] Progression : 100/100 signaux evalues.
[COMPARE][unrolling][hq] MSE=1.8946e-05 SNR=-1.4813e+00 (poids: runs/hq/unrolling/data_1/20260826-220323_full/checkpoints/best_model.pt)
[COMPARE][unrolling][pd] Progression : 10/100 signaux evalues.
[COMPARE][unrolling][pd] Progression : 20/100 signaux evalues.
[COMPARE][unrolling][pd] Progression : 30/100 signaux evalues.
[COMPARE][unrolling][pd] Progression : 40/100 signaux evalues.
[COMPARE][unrolling][pd] Progression : 50/100 signaux evalues.
[COMPARE][unrolling][pd] Progression : 60/100 signaux evalues.
[COMPARE][unrolling][pd] Progression : 70/100 signaux evalues.
[COMPARE][unrolling][pd] Progression : 80/100 signaux evalues.
[COMPARE][unrolling][pd] Progression : 90/100 signaux evalues.
[COMPARE][unrolling][pd] Progression : 100/100 signaux evalues.
[COMPARE][unrolling][pd] MSE=1.9281e-05 SNR=-1.3645e+00 (poids: runs/pd/unrolling/data_1/20260826-221120_full/checkpoints/best_model.pt)
[COMPARE][unrolling][pmms] Progression : 10/100 signaux evalues.
[COMPARE][unrolling][pmms] Progression : 20/100 signaux evalues.
[COMPARE][unrolling][pmms] Progression : 30/100 signaux evalues.
[COMPARE][unrolling][pmms] Progression : 40/100 signaux evalues.
[COMPARE][unrolling][pmms] Progression : 50/100 signaux evalues.
[COMPARE][unrolling][pmms] Progression : 60/100 signaux evalues.
[COMPARE][unrolling][pmms] Progression : 70/100 signaux evalues.
[COMPARE][unrolling][pmms] Progression : 80/100 signaux evalues.
[COMPARE][unrolling][pmms] Progression : 90/100 signaux evalues.
[COMPARE][unrolling][pmms] Progression : 100/100 signaux evalues.
[COMPARE][unrolling][pmms] MSE=2.2355e-05 SNR=-6.9604e-01 (poids: runs/pmms/unrolling/data_1/20260826-203437_full/checkpoints/best_model.pt)
[COMPARE][random_search][p3mg] Debut evaluation : 100 signaux, 10000 iterations/signal.
[COMPARE][random_search][p3mg] Progression : 10/100 signaux evalues.
[COMPARE][random_search][p3mg] Progression : 20/100 signaux evalues.
[COMPARE][random_search][p3mg] Progression : 30/100 signaux evalues.
[COMPARE][random_search][p3mg] Progression : 40/100 signaux evalues.
[COMPARE][random_search][p3mg] Progression : 50/100 signaux evalues.
[COMPARE][random_search][p3mg] Progression : 60/100 signaux evalues.
[COMPARE][random_search][p3mg] Progression : 70/100 signaux evalues.
[COMPARE][random_search][p3mg] Progression : 80/100 signaux evalues.
[COMPARE][random_search][p3mg] Progression : 90/100 signaux evalues.
[COMPARE][random_search][p3mg] Progression : 100/100 signaux evalues.
[COMPARE][random_search][p3mg] MSE=1.5443e-05 SNR=-2.7103e+00 (params: runs/p3mg/random_search/data_1/20260827-142132_full/checkpoints/best_params.json)
[COMPARE][random_search][ista] Debut evaluation : 100 signaux, 10000 iterations/signal.
[COMPARE][random_search][ista] Progression : 10/100 signaux evalues.
[COMPARE][random_search][ista] Progression : 20/100 signaux evalues.
[COMPARE][random_search][ista] Progression : 30/100 signaux evalues.
[COMPARE][random_search][ista] Progression : 40/100 signaux evalues.
[COMPARE][random_search][ista] Progression : 50/100 signaux evalues.
[COMPARE][random_search][ista] Progression : 60/100 signaux evalues.
[COMPARE][random_search][ista] Progression : 70/100 signaux evalues.
[COMPARE][random_search][ista] Progression : 80/100 signaux evalues.
[COMPARE][random_search][ista] Progression : 90/100 signaux evalues.
[COMPARE][random_search][ista] Progression : 100/100 signaux evalues.
[COMPARE][random_search][ista] MSE=1.8251e-05 SNR=-1.6192e+00 (params: runs/ista/random_search/data_1/20260827-141532_full/checkpoints/best_params.json)
[COMPARE][random_search][hq] Debut evaluation : 100 signaux, 10000 iterations/signal.
[COMPARE][random_search][hq] Progression : 10/100 signaux evalues.
[COMPARE][random_search][hq] Progression : 20/100 signaux evalues.
[COMPARE][random_search][hq] Progression : 30/100 signaux evalues.
[COMPARE][random_search][hq] Progression : 40/100 signaux evalues.
[COMPARE][random_search][hq] Progression : 50/100 signaux evalues.
[COMPARE][random_search][hq] Progression : 60/100 signaux evalues.
[COMPARE][random_search][hq] Progression : 70/100 signaux evalues.
[COMPARE][random_search][hq] Progression : 80/100 signaux evalues.
[COMPARE][random_search][hq] Progression : 90/100 signaux evalues.
[COMPARE][random_search][hq] Progression : 100/100 signaux evalues.
[COMPARE][random_search][hq] MSE=6.5831e-05 SNR=-2.8950e-01 (params: runs/hq/random_search/data_1/20260826-220358_full/checkpoints/best_params.json)
[COMPARE][random_search][pd] Debut evaluation : 100 signaux, 10000 iterations/signal.
[COMPARE][random_search][pd] Progression : 10/100 signaux evalues.
[COMPARE][random_search][pd] Progression : 20/100 signaux evalues.
[COMPARE][random_search][pd] Progression : 30/100 signaux evalues.
[COMPARE][random_search][pd] Progression : 40/100 signaux evalues.
[COMPARE][random_search][pd] Progression : 50/100 signaux evalues.
[COMPARE][random_search][pd] Progression : 60/100 signaux evalues.
[COMPARE][random_search][pd] Progression : 70/100 signaux evalues.
[COMPARE][random_search][pd] Progression : 80/100 signaux evalues.
[COMPARE][random_search][pd] Progression : 90/100 signaux evalues.
[COMPARE][random_search][pd] Progression : 100/100 signaux evalues.
[COMPARE][random_search][pd] MSE=1.0736e-05 SNR=-4.4372e+00 (params: runs/pd/random_search/data_1/20260826-221705_full/checkpoints/best_params.json)
[COMPARE][random_search][pmms] Debut evaluation : 100 signaux, 10000 iterations/signal.
[COMPARE][random_search][pmms] Progression : 10/100 signaux evalues.
[COMPARE][random_search][pmms] Progression : 20/100 signaux evalues.
[COMPARE][random_search][pmms] Progression : 30/100 signaux evalues.
[COMPARE][random_search][pmms] Progression : 40/100 signaux evalues.
[COMPARE][random_search][pmms] Progression : 50/100 signaux evalues.
[COMPARE][random_search][pmms] Progression : 60/100 signaux evalues.
[COMPARE][random_search][pmms] Progression : 70/100 signaux evalues.
[COMPARE][random_search][pmms] Progression : 80/100 signaux evalues.
[COMPARE][random_search][pmms] Progression : 90/100 signaux evalues.
[COMPARE][random_search][pmms] Progression : 100/100 signaux evalues.
[COMPARE][random_search][pmms] MSE=2.1949e-05 SNR=-7.7862e-01 (params: runs/pmms/random_search/data_1/20260826-210156_full/checkpoints/best_params.json)
[COMPARE][deep_learning][fcae] Progression : 10/100 signaux evalues.
[COMPARE][deep_learning][fcae] Progression : 20/100 signaux evalues.
[COMPARE][deep_learning][fcae] Progression : 30/100 signaux evalues.
[COMPARE][deep_learning][fcae] Progression : 40/100 signaux evalues.
[COMPARE][deep_learning][fcae] Progression : 50/100 signaux evalues.
[COMPARE][deep_learning][fcae] Progression : 60/100 signaux evalues.
[COMPARE][deep_learning][fcae] Progression : 70/100 signaux evalues.
[COMPARE][deep_learning][fcae] Progression : 80/100 signaux evalues.
[COMPARE][deep_learning][fcae] Progression : 90/100 signaux evalues.
[COMPARE][deep_learning][fcae] Progression : 100/100 signaux evalues.
[COMPARE][deep_learning][fcae] MSE=1.5212e-05 SNR=-2.5436e+00 (poids: runs/fcae/unrolling/data_1/20260827-120221_full/checkpoints/best_model.pt)
[COMPARE][deep_learning][fctn] Progression : 10/100 signaux evalues.
[COMPARE][deep_learning][fctn] Progression : 20/100 signaux evalues.
[COMPARE][deep_learning][fctn] Progression : 30/100 signaux evalues.
[COMPARE][deep_learning][fctn] Progression : 40/100 signaux evalues.
[COMPARE][deep_learning][fctn] Progression : 50/100 signaux evalues.
[COMPARE][deep_learning][fctn] Progression : 60/100 signaux evalues.
[COMPARE][deep_learning][fctn] Progression : 70/100 signaux evalues.
[COMPARE][deep_learning][fctn] Progression : 80/100 signaux evalues.
[COMPARE][deep_learning][fctn] Progression : 90/100 signaux evalues.
[COMPARE][deep_learning][fctn] Progression : 100/100 signaux evalues.
[COMPARE][deep_learning][fctn] MSE=1.9310e-05 SNR=-1.3699e+00 (poids: runs/fctn/unrolling/data_1/20260827-120230_full/checkpoints/best_model.pt)
[COMPARE][deep_learning][fcun] Progression : 10/100 signaux evalues.
[COMPARE][deep_learning][fcun] Progression : 20/100 signaux evalues.
[COMPARE][deep_learning][fcun] Progression : 30/100 signaux evalues.
[COMPARE][deep_learning][fcun] Progression : 40/100 signaux evalues.
[COMPARE][deep_learning][fcun] Progression : 50/100 signaux evalues.
[COMPARE][deep_learning][fcun] Progression : 60/100 signaux evalues.
[COMPARE][deep_learning][fcun] Progression : 70/100 signaux evalues.
[COMPARE][deep_learning][fcun] Progression : 80/100 signaux evalues.
[COMPARE][deep_learning][fcun] Progression : 90/100 signaux evalues.
[COMPARE][deep_learning][fcun] Progression : 100/100 signaux evalues.
[COMPARE][deep_learning][fcun] MSE=1.0681e-05 SNR=-4.1312e+00 (poids: runs/fcun/unrolling/data_1/20260827-120235_full/checkpoints/best_model.pt)
[COMPARE][deep_learning][resu] Progression : 10/100 signaux evalues.
[COMPARE][deep_learning][resu] Progression : 20/100 signaux evalues.
[COMPARE][deep_learning][resu] Progression : 30/100 signaux evalues.
[COMPARE][deep_learning][resu] Progression : 40/100 signaux evalues.
[COMPARE][deep_learning][resu] Progression : 50/100 signaux evalues.
[COMPARE][deep_learning][resu] Progression : 60/100 signaux evalues.
[COMPARE][deep_learning][resu] Progression : 70/100 signaux evalues.
[COMPARE][deep_learning][resu] Progression : 80/100 signaux evalues.
[COMPARE][deep_learning][resu] Progression : 90/100 signaux evalues.
[COMPARE][deep_learning][resu] Progression : 100/100 signaux evalues.
[COMPARE][deep_learning][resu] MSE=2.6123e-05 SNR=-3.6658e-03 (poids: runs/resu/unrolling/data_1/20260827-120300_full/checkpoints/best_model.pt)
[COMPARE] Graphique sauvegarde : runs/compare/run_set_505427/data_1/20260828-163114_compare/plots/signals/compare_signal_81_p3mg_unrolling.png
[COMPARE] Graphique sauvegarde : runs/compare/run_set_505427/data_1/20260828-163114_compare/plots/signals/compare_signal_81_ista_unrolling.png
[COMPARE] Graphique sauvegarde : runs/compare/run_set_505427/data_1/20260828-163114_compare/plots/signals/compare_signal_81_hq_unrolling.png
[COMPARE] Graphique sauvegarde : runs/compare/run_set_505427/data_1/20260828-163114_compare/plots/signals/compare_signal_81_pd_unrolling.png
[COMPARE] Graphique sauvegarde : runs/compare/run_set_505427/data_1/20260828-163114_compare/plots/signals/compare_signal_81_pmms_unrolling.png
[COMPARE] Graphique sauvegarde : runs/compare/run_set_505427/data_1/20260828-163114_compare/plots/signals/compare_signal_81_p3mg_random_search.png
[COMPARE] Graphique sauvegarde : runs/compare/run_set_505427/data_1/20260828-163114_compare/plots/signals/compare_signal_81_ista_random_search.png
[COMPARE] Graphique sauvegarde : runs/compare/run_set_505427/data_1/20260828-163114_compare/plots/signals/compare_signal_81_hq_random_search.png
[COMPARE] Graphique sauvegarde : runs/compare/run_set_505427/data_1/20260828-163114_compare/plots/signals/compare_signal_81_pd_random_search.png
[COMPARE] Graphique sauvegarde : runs/compare/run_set_505427/data_1/20260828-163114_compare/plots/signals/compare_signal_81_pmms_random_search.png
[COMPARE] Graphique sauvegarde : runs/compare/run_set_505427/data_1/20260828-163114_compare/plots/signals/compare_signal_81_fcae_deep_learning.png
[COMPARE] Graphique sauvegarde : runs/compare/run_set_505427/data_1/20260828-163114_compare/plots/signals/compare_signal_81_fctn_deep_learning.png
[COMPARE] Graphique sauvegarde : runs/compare/run_set_505427/data_1/20260828-163114_compare/plots/signals/compare_signal_81_fcun_deep_learning.png
[COMPARE] Graphique sauvegarde : runs/compare/run_set_505427/data_1/20260828-163114_compare/plots/signals/compare_signal_81_resu_deep_learning.png
[COMPARE] Graphique recapitulatif sauvegarde : runs/compare/run_set_505427/data_1/20260828-163114_compare/plots/compare_summary_81.png
[COMPARE] Rapport CSV sauvegarde : runs/compare/run_set_505427/data_1/20260828-163114_compare/logs/compare_report.csv
[COMPARE] Rapport JSON sauvegarde : runs/compare/run_set_505427/data_1/20260828-163114_compare/logs/compare_report.json
[COMPARE] Rapport texte sauvegarde : runs/compare/run_set_505427/data_1/20260828-163114_compare/logs/compare_report.txt

=== Exécution Terminée ===
=== [COMPARE] Dataset: data_2 ===
[INFO] Exécution verrouillée sur le GPU : 0
[AVERTISSEMENT] Paramètre 'train' du YAML non reconnu par argparse.
[AVERTISSEMENT] Paramètre 'val' du YAML non reconnu par argparse.
[AVERTISSEMENT] Paramètre 'test' du YAML non reconnu par argparse.
[AVERTISSEMENT] Paramètre 'save_dir' du YAML non reconnu par argparse.
[AVERTISSEMENT] Paramètre 'train_batch_size' du YAML non reconnu par argparse.
[AVERTISSEMENT] Paramètre 'val_batch_size' du YAML non reconnu par argparse.
[AVERTISSEMENT] Paramètre 'test_batch_size' du YAML non reconnu par argparse.
[AVERTISSEMENT] Paramètre 'Loss' du YAML non reconnu par argparse.
[AVERTISSEMENT] Paramètre 'number_layers' du YAML non reconnu par argparse.
[AVERTISSEMENT] Paramètre 'number_pd_layers' du YAML non reconnu par argparse.
[AVERTISSEMENT] Paramètre 'resume' du YAML non reconnu par argparse.
=== Lancement : P3MG | Stratégie : UNROLLING | Mode : COMPARE ===
--- Préparation des DataLoaders ---
[INFO] Chargement des données depuis : ./Dataset/data_2
[INFO] Instanciation des MyDataset...
[INFO] Train: 800 | Val: 100 | Test: 100
[INFO] Résultats sauvegardés dans : runs/compare/run_set_505427/data_2/20260828-211332_compare
--- [COMPARE] Evaluation complete du jeu de test (100 signaux) | Data: data_2 ---
[COMPARE][unrolling][p3mg] Progression : 10/100 signaux evalues.
[COMPARE][unrolling][p3mg] Progression : 20/100 signaux evalues.
[COMPARE][unrolling][p3mg] Progression : 30/100 signaux evalues.
[COMPARE][unrolling][p3mg] Progression : 40/100 signaux evalues.
[COMPARE][unrolling][p3mg] Progression : 50/100 signaux evalues.
[COMPARE][unrolling][p3mg] Progression : 60/100 signaux evalues.
[COMPARE][unrolling][p3mg] Progression : 70/100 signaux evalues.
[COMPARE][unrolling][p3mg] Progression : 80/100 signaux evalues.
[COMPARE][unrolling][p3mg] Progression : 90/100 signaux evalues.
[COMPARE][unrolling][p3mg] Progression : 100/100 signaux evalues.
[COMPARE][unrolling][p3mg] MSE=8.4314e-06 SNR=-1.4232e+00 (poids: runs/p3mg/unrolling/data_2/20260826-224854_full/checkpoints/best_model.pt)
[COMPARE][unrolling][ista] Progression : 10/100 signaux evalues.
[COMPARE][unrolling][ista] Progression : 20/100 signaux evalues.
[COMPARE][unrolling][ista] Progression : 30/100 signaux evalues.
[COMPARE][unrolling][ista] Progression : 40/100 signaux evalues.
[COMPARE][unrolling][ista] Progression : 50/100 signaux evalues.
[COMPARE][unrolling][ista] Progression : 60/100 signaux evalues.
[COMPARE][unrolling][ista] Progression : 70/100 signaux evalues.
[COMPARE][unrolling][ista] Progression : 80/100 signaux evalues.
[COMPARE][unrolling][ista] Progression : 90/100 signaux evalues.
[COMPARE][unrolling][ista] Progression : 100/100 signaux evalues.
[COMPARE][unrolling][ista] MSE=9.8899e-06 SNR=-6.9642e-01 (poids: runs/ista/unrolling/data_2/20260827-141611_full/checkpoints/best_model.pt)
[COMPARE][unrolling][hq] Progression : 10/100 signaux evalues.
[COMPARE][unrolling][hq] Progression : 20/100 signaux evalues.
[COMPARE][unrolling][hq] Progression : 30/100 signaux evalues.
[COMPARE][unrolling][hq] Progression : 40/100 signaux evalues.
[COMPARE][unrolling][hq] Progression : 50/100 signaux evalues.
[COMPARE][unrolling][hq] Progression : 60/100 signaux evalues.
[COMPARE][unrolling][hq] Progression : 70/100 signaux evalues.
[COMPARE][unrolling][hq] Progression : 80/100 signaux evalues.
[COMPARE][unrolling][hq] Progression : 90/100 signaux evalues.
[COMPARE][unrolling][hq] Progression : 100/100 signaux evalues.
[COMPARE][unrolling][hq] MSE=8.9645e-06 SNR=-1.1341e+00 (poids: runs/hq/unrolling/data_2/20260827-011452_full/checkpoints/best_model.pt)
[COMPARE][unrolling][pd] Progression : 10/100 signaux evalues.
[COMPARE][unrolling][pd] Progression : 20/100 signaux evalues.
[COMPARE][unrolling][pd] Progression : 30/100 signaux evalues.
[COMPARE][unrolling][pd] Progression : 40/100 signaux evalues.
[COMPARE][unrolling][pd] Progression : 50/100 signaux evalues.
[COMPARE][unrolling][pd] Progression : 60/100 signaux evalues.
[COMPARE][unrolling][pd] Progression : 70/100 signaux evalues.
[COMPARE][unrolling][pd] Progression : 80/100 signaux evalues.
[COMPARE][unrolling][pd] Progression : 90/100 signaux evalues.
[COMPARE][unrolling][pd] Progression : 100/100 signaux evalues.
[COMPARE][unrolling][pd] MSE=9.1029e-06 SNR=-1.0630e+00 (poids: runs/pd/unrolling/data_2/20260827-012301_full/checkpoints/best_model.pt)
[COMPARE][unrolling][pmms] Progression : 10/100 signaux evalues.
[COMPARE][unrolling][pmms] Progression : 20/100 signaux evalues.
[COMPARE][unrolling][pmms] Progression : 30/100 signaux evalues.
[COMPARE][unrolling][pmms] Progression : 40/100 signaux evalues.
[COMPARE][unrolling][pmms] Progression : 50/100 signaux evalues.
[COMPARE][unrolling][pmms] Progression : 60/100 signaux evalues.
[COMPARE][unrolling][pmms] Progression : 70/100 signaux evalues.
[COMPARE][unrolling][pmms] Progression : 80/100 signaux evalues.
[COMPARE][unrolling][pmms] Progression : 90/100 signaux evalues.
[COMPARE][unrolling][pmms] Progression : 100/100 signaux evalues.
[COMPARE][unrolling][pmms] MSE=9.5700e-06 SNR=-8.4258e-01 (poids: runs/pmms/unrolling/data_2/20260826-234301_full/checkpoints/best_model.pt)
[COMPARE][random_search][p3mg] Debut evaluation : 100 signaux, 10000 iterations/signal.
[COMPARE][random_search][p3mg] Progression : 10/100 signaux evalues.
[COMPARE][random_search][p3mg] Progression : 20/100 signaux evalues.
[COMPARE][random_search][p3mg] Progression : 30/100 signaux evalues.
[COMPARE][random_search][p3mg] Progression : 40/100 signaux evalues.
[COMPARE][random_search][p3mg] Progression : 50/100 signaux evalues.
[COMPARE][random_search][p3mg] Progression : 60/100 signaux evalues.
[COMPARE][random_search][p3mg] Progression : 70/100 signaux evalues.
[COMPARE][random_search][p3mg] Progression : 80/100 signaux evalues.
[COMPARE][random_search][p3mg] Progression : 90/100 signaux evalues.
[COMPARE][random_search][p3mg] Progression : 100/100 signaux evalues.
[COMPARE][random_search][p3mg] MSE=8.4560e-06 SNR=-1.4455e+00 (params: runs/p3mg/random_search/data_2/20260827-142205_full/checkpoints/best_params.json)
[COMPARE][random_search][ista] Debut evaluation : 100 signaux, 10000 iterations/signal.
[COMPARE][random_search][ista] Progression : 10/100 signaux evalues.
[COMPARE][random_search][ista] Progression : 20/100 signaux evalues.
[COMPARE][random_search][ista] Progression : 30/100 signaux evalues.
[COMPARE][random_search][ista] Progression : 40/100 signaux evalues.
[COMPARE][random_search][ista] Progression : 50/100 signaux evalues.
[COMPARE][random_search][ista] Progression : 60/100 signaux evalues.
[COMPARE][random_search][ista] Progression : 70/100 signaux evalues.
[COMPARE][random_search][ista] Progression : 80/100 signaux evalues.
[COMPARE][random_search][ista] Progression : 90/100 signaux evalues.
[COMPARE][random_search][ista] Progression : 100/100 signaux evalues.
[COMPARE][random_search][ista] MSE=8.7692e-06 SNR=-1.2310e+00 (params: runs/ista/random_search/data_2/20260827-141636_full/checkpoints/best_params.json)
[COMPARE][random_search][hq] Debut evaluation : 100 signaux, 10000 iterations/signal.
[COMPARE][random_search][hq] Progression : 10/100 signaux evalues.
[COMPARE][random_search][hq] Progression : 20/100 signaux evalues.
[COMPARE][random_search][hq] Progression : 30/100 signaux evalues.
[COMPARE][random_search][hq] Progression : 40/100 signaux evalues.
[COMPARE][random_search][hq] Progression : 50/100 signaux evalues.
[COMPARE][random_search][hq] Progression : 60/100 signaux evalues.
[COMPARE][random_search][hq] Progression : 70/100 signaux evalues.
[COMPARE][random_search][hq] Progression : 80/100 signaux evalues.
[COMPARE][random_search][hq] Progression : 90/100 signaux evalues.
[COMPARE][random_search][hq] Progression : 100/100 signaux evalues.
[COMPARE][random_search][hq] MSE=8.9616e-06 SNR=-1.1357e+00 (params: runs/hq/random_search/data_2/20260827-012250_full/checkpoints/best_params.json)
[COMPARE][random_search][pd] Debut evaluation : 100 signaux, 10000 iterations/signal.
[COMPARE][random_search][pd] Progression : 10/100 signaux evalues.
[COMPARE][random_search][pd] Progression : 20/100 signaux evalues.
[COMPARE][random_search][pd] Progression : 30/100 signaux evalues.
[COMPARE][random_search][pd] Progression : 40/100 signaux evalues.
[COMPARE][random_search][pd] Progression : 50/100 signaux evalues.
[COMPARE][random_search][pd] Progression : 60/100 signaux evalues.
[COMPARE][random_search][pd] Progression : 70/100 signaux evalues.
[COMPARE][random_search][pd] Progression : 80/100 signaux evalues.
[COMPARE][random_search][pd] Progression : 90/100 signaux evalues.
[COMPARE][random_search][pd] Progression : 100/100 signaux evalues.
[COMPARE][random_search][pd] MSE=8.2659e-06 SNR=-1.5151e+00 (params: runs/pd/random_search/data_2/20260827-013430_full/checkpoints/best_params.json)
[COMPARE][random_search][pmms] Debut evaluation : 100 signaux, 10000 iterations/signal.
[COMPARE][random_search][pmms] Progression : 10/100 signaux evalues.
[COMPARE][random_search][pmms] Progression : 20/100 signaux evalues.
[COMPARE][random_search][pmms] Progression : 30/100 signaux evalues.
[COMPARE][random_search][pmms] Progression : 40/100 signaux evalues.
[COMPARE][random_search][pmms] Progression : 50/100 signaux evalues.
[COMPARE][random_search][pmms] Progression : 60/100 signaux evalues.
[COMPARE][random_search][pmms] Progression : 70/100 signaux evalues.
[COMPARE][random_search][pmms] Progression : 80/100 signaux evalues.
[COMPARE][random_search][pmms] Progression : 90/100 signaux evalues.
[COMPARE][random_search][pmms] Progression : 100/100 signaux evalues.
[COMPARE][random_search][pmms] MSE=9.4892e-06 SNR=-8.8014e-01 (params: runs/pmms/random_search/data_2/20260827-001117_full/checkpoints/best_params.json)
[COMPARE][deep_learning][fcae] Progression : 10/100 signaux evalues.
[COMPARE][deep_learning][fcae] Progression : 20/100 signaux evalues.
[COMPARE][deep_learning][fcae] Progression : 30/100 signaux evalues.
[COMPARE][deep_learning][fcae] Progression : 40/100 signaux evalues.
[COMPARE][deep_learning][fcae] Progression : 50/100 signaux evalues.
[COMPARE][deep_learning][fcae] Progression : 60/100 signaux evalues.
[COMPARE][deep_learning][fcae] Progression : 70/100 signaux evalues.
[COMPARE][deep_learning][fcae] Progression : 80/100 signaux evalues.
[COMPARE][deep_learning][fcae] Progression : 90/100 signaux evalues.
[COMPARE][deep_learning][fcae] Progression : 100/100 signaux evalues.
[COMPARE][deep_learning][fcae] MSE=7.3942e-06 SNR=-2.0015e+00 (poids: runs/fcae/unrolling/data_2/20260827-120300_full/checkpoints/best_model.pt)
[COMPARE][deep_learning][fctn] Progression : 10/100 signaux evalues.
[COMPARE][deep_learning][fctn] Progression : 20/100 signaux evalues.
[COMPARE][deep_learning][fctn] Progression : 30/100 signaux evalues.
[COMPARE][deep_learning][fctn] Progression : 40/100 signaux evalues.
[COMPARE][deep_learning][fctn] Progression : 50/100 signaux evalues.
[COMPARE][deep_learning][fctn] Progression : 60/100 signaux evalues.
[COMPARE][deep_learning][fctn] Progression : 70/100 signaux evalues.
[COMPARE][deep_learning][fctn] Progression : 80/100 signaux evalues.
[COMPARE][deep_learning][fctn] Progression : 90/100 signaux evalues.
[COMPARE][deep_learning][fctn] Progression : 100/100 signaux evalues.
[COMPARE][deep_learning][fctn] MSE=8.8004e-06 SNR=-1.2263e+00 (poids: runs/fctn/unrolling/data_2/20260827-120306_full/checkpoints/best_model.pt)
[COMPARE][deep_learning][fcun] Progression : 10/100 signaux evalues.
[COMPARE][deep_learning][fcun] Progression : 20/100 signaux evalues.
[COMPARE][deep_learning][fcun] Progression : 30/100 signaux evalues.
[COMPARE][deep_learning][fcun] Progression : 40/100 signaux evalues.
[COMPARE][deep_learning][fcun] Progression : 50/100 signaux evalues.
[COMPARE][deep_learning][fcun] Progression : 60/100 signaux evalues.
[COMPARE][deep_learning][fcun] Progression : 70/100 signaux evalues.
[COMPARE][deep_learning][fcun] Progression : 80/100 signaux evalues.
[COMPARE][deep_learning][fcun] Progression : 90/100 signaux evalues.
[COMPARE][deep_learning][fcun] Progression : 100/100 signaux evalues.
[COMPARE][deep_learning][fcun] MSE=6.7616e-06 SNR=-2.4362e+00 (poids: runs/fcun/unrolling/data_2/20260827-120340_full/checkpoints/best_model.pt)
[COMPARE][deep_learning][resu] Progression : 10/100 signaux evalues.
[COMPARE][deep_learning][resu] Progression : 20/100 signaux evalues.
[COMPARE][deep_learning][resu] Progression : 30/100 signaux evalues.
[COMPARE][deep_learning][resu] Progression : 40/100 signaux evalues.
[COMPARE][deep_learning][resu] Progression : 50/100 signaux evalues.
[COMPARE][deep_learning][resu] Progression : 60/100 signaux evalues.
[COMPARE][deep_learning][resu] Progression : 70/100 signaux evalues.
[COMPARE][deep_learning][resu] Progression : 80/100 signaux evalues.
[COMPARE][deep_learning][resu] Progression : 90/100 signaux evalues.
[COMPARE][deep_learning][resu] Progression : 100/100 signaux evalues.
[COMPARE][deep_learning][resu] MSE=1.1574e-05 SNR=-2.6425e-03 (poids: runs/resu/unrolling/data_2/20260827-120348_full/checkpoints/best_model.pt)
[COMPARE] Graphique sauvegarde : runs/compare/run_set_505427/data_2/20260828-211332_compare/plots/signals/compare_signal_81_p3mg_unrolling.png
[COMPARE] Graphique sauvegarde : runs/compare/run_set_505427/data_2/20260828-211332_compare/plots/signals/compare_signal_81_ista_unrolling.png
[COMPARE] Graphique sauvegarde : runs/compare/run_set_505427/data_2/20260828-211332_compare/plots/signals/compare_signal_81_hq_unrolling.png
[COMPARE] Graphique sauvegarde : runs/compare/run_set_505427/data_2/20260828-211332_compare/plots/signals/compare_signal_81_pd_unrolling.png
[COMPARE] Graphique sauvegarde : runs/compare/run_set_505427/data_2/20260828-211332_compare/plots/signals/compare_signal_81_pmms_unrolling.png
[COMPARE] Graphique sauvegarde : runs/compare/run_set_505427/data_2/20260828-211332_compare/plots/signals/compare_signal_81_p3mg_random_search.png
[COMPARE] Graphique sauvegarde : runs/compare/run_set_505427/data_2/20260828-211332_compare/plots/signals/compare_signal_81_ista_random_search.png
[COMPARE] Graphique sauvegarde : runs/compare/run_set_505427/data_2/20260828-211332_compare/plots/signals/compare_signal_81_hq_random_search.png
[COMPARE] Graphique sauvegarde : runs/compare/run_set_505427/data_2/20260828-211332_compare/plots/signals/compare_signal_81_pd_random_search.png
[COMPARE] Graphique sauvegarde : runs/compare/run_set_505427/data_2/20260828-211332_compare/plots/signals/compare_signal_81_pmms_random_search.png
[COMPARE] Graphique sauvegarde : runs/compare/run_set_505427/data_2/20260828-211332_compare/plots/signals/compare_signal_81_fcae_deep_learning.png
[COMPARE] Graphique sauvegarde : runs/compare/run_set_505427/data_2/20260828-211332_compare/plots/signals/compare_signal_81_fctn_deep_learning.png
[COMPARE] Graphique sauvegarde : runs/compare/run_set_505427/data_2/20260828-211332_compare/plots/signals/compare_signal_81_fcun_deep_learning.png
[COMPARE] Graphique sauvegarde : runs/compare/run_set_505427/data_2/20260828-211332_compare/plots/signals/compare_signal_81_resu_deep_learning.png
[COMPARE] Graphique recapitulatif sauvegarde : runs/compare/run_set_505427/data_2/20260828-211332_compare/plots/compare_summary_81.png
[COMPARE] Rapport CSV sauvegarde : runs/compare/run_set_505427/data_2/20260828-211332_compare/logs/compare_report.csv
[COMPARE] Rapport JSON sauvegarde : runs/compare/run_set_505427/data_2/20260828-211332_compare/logs/compare_report.json
[COMPARE] Rapport texte sauvegarde : runs/compare/run_set_505427/data_2/20260828-211332_compare/logs/compare_report.txt

=== Exécution Terminée ===
--- Runs bruts consolides sous : runs/compare/run_set_505427/ ---
--- Job de comparaison termine ---
