no change     /scratch/mkalla/miniconda3/condabin/conda
no change     /scratch/mkalla/miniconda3/bin/conda
no change     /scratch/mkalla/miniconda3/bin/conda-env
no change     /scratch/mkalla/miniconda3/bin/activate
no change     /scratch/mkalla/miniconda3/bin/deactivate
no change     /scratch/mkalla/miniconda3/etc/profile.d/conda.sh
no change     /scratch/mkalla/miniconda3/etc/fish/conf.d/conda.fish
no change     /scratch/mkalla/miniconda3/shell/condabin/Conda.psm1
no change     /scratch/mkalla/miniconda3/shell/condabin/conda-hook.ps1
no change     /scratch/mkalla/miniconda3/lib/python3.12/site-packages/xontrib/conda.xsh
no change     /scratch/mkalla/miniconda3/etc/profile.d/conda.csh
no change     /home/opis/mkalla/.bashrc
No action taken.
--- Job Slurm ID: 504048 | Mode: compare | Critere: SNR | run_set: run_set_504048 ---
=== [COMPARE] Dataset: data_0 ===
[INFO] Exécution verrouillée sur le GPU : 0
[AVERTISSEMENT] Paramètre 'train' du YAML non reconnu par argparse.
[AVERTISSEMENT] Paramètre 'val' du YAML non reconnu par argparse.
[AVERTISSEMENT] Paramètre 'test' du YAML non reconnu par argparse.
[AVERTISSEMENT] Paramètre 'save_dir' du YAML non reconnu par argparse.
[AVERTISSEMENT] Paramètre 'train_batch_size' du YAML non reconnu par argparse.
[AVERTISSEMENT] Paramètre 'val_batch_size' du YAML non reconnu par argparse.
[AVERTISSEMENT] Paramètre 'test_batch_size' du YAML non reconnu par argparse.
[AVERTISSEMENT] Paramètre 'Loss' du YAML non reconnu par argparse.
[AVERTISSEMENT] Paramètre 'number_layers' du YAML non reconnu par argparse.
[AVERTISSEMENT] Paramètre 'number_pd_layers' du YAML non reconnu par argparse.
[AVERTISSEMENT] Paramètre 'resume' du YAML non reconnu par argparse.
=== Lancement : P3MG | Stratégie : UNROLLING | Mode : COMPARE ===
--- Préparation des DataLoaders ---
[INFO] Chargement des données depuis : ./Dataset/data_0
[INFO] Instanciation des MyDataset...
[INFO] Train: 800 | Val: 100 | Test: 100
[INFO] Résultats sauvegardés dans : runs/compare/run_set_504048/data_0/20260827-105309_compare
--- [COMPARE] Evaluation complete du jeu de test (100 signaux) | Data: data_0 ---
[COMPARE][unrolling][p3mg] Progression : 10/100 signaux evalues.
[COMPARE][unrolling][p3mg] Progression : 20/100 signaux evalues.
[COMPARE][unrolling][p3mg] Progression : 30/100 signaux evalues.
[COMPARE][unrolling][p3mg] Progression : 40/100 signaux evalues.
[COMPARE][unrolling][p3mg] Progression : 50/100 signaux evalues.
[COMPARE][unrolling][p3mg] Progression : 60/100 signaux evalues.
[COMPARE][unrolling][p3mg] Progression : 70/100 signaux evalues.
[COMPARE][unrolling][p3mg] Progression : 80/100 signaux evalues.
[COMPARE][unrolling][p3mg] Progression : 90/100 signaux evalues.
