no change     /scratch/mkalla/miniconda3/condabin/conda
no change     /scratch/mkalla/miniconda3/bin/conda
no change     /scratch/mkalla/miniconda3/bin/conda-env
no change     /scratch/mkalla/miniconda3/bin/activate
no change     /scratch/mkalla/miniconda3/bin/deactivate
no change     /scratch/mkalla/miniconda3/etc/profile.d/conda.sh
no change     /scratch/mkalla/miniconda3/etc/fish/conf.d/conda.fish
no change     /scratch/mkalla/miniconda3/shell/condabin/Conda.psm1
no change     /scratch/mkalla/miniconda3/shell/condabin/conda-hook.ps1
no change     /scratch/mkalla/miniconda3/lib/python3.12/site-packages/xontrib/conda.xsh
no change     /scratch/mkalla/miniconda3/etc/profile.d/conda.csh
no change     /home/opis/mkalla/.bashrc
No action taken.
--- Job Slurm ID: 515816 | Mode: compare | Critere: SNR | run_set: run_set_515816 ---
=== [COMPARE] Dataset: data_0 ===
[INFO] Exécution verrouillée sur le GPU : 0
[AVERTISSEMENT] Paramètre 'train' du YAML non reconnu par argparse.
[AVERTISSEMENT] Paramètre 'val' du YAML non reconnu par argparse.
[AVERTISSEMENT] Paramètre 'test' du YAML non reconnu par argparse.
[AVERTISSEMENT] Paramètre 'save_dir' du YAML non reconnu par argparse.
[AVERTISSEMENT] Paramètre 'train_batch_size' du YAML non reconnu par argparse.
[AVERTISSEMENT] Paramètre 'val_batch_size' du YAML non reconnu par argparse.
[AVERTISSEMENT] Paramètre 'test_batch_size' du YAML non reconnu par argparse.
[AVERTISSEMENT] Paramètre 'Loss' du YAML non reconnu par argparse.
[AVERTISSEMENT] Paramètre 'number_layers' du YAML non reconnu par argparse.
[AVERTISSEMENT] Paramètre 'number_pd_layers' du YAML non reconnu par argparse.
[AVERTISSEMENT] Paramètre 'resume' du YAML non reconnu par argparse.
=== Lancement : P3MG | Stratégie : UNROLLING | Mode : COMPARE ===
--- Préparation des DataLoaders ---
[INFO] Chargement des données depuis : ./Dataset/data_0
[INFO] Instanciation des MyDataset...
[INFO] Train: 800 | Val: 100 | Test: 100
[INFO] Résultats sauvegardés dans : runs/compare/run_set_515816/data_0/20260902-132402_compare
--- [COMPARE] Evaluation complete du jeu de test (100 signaux) | Data: data_0 ---
[COMPARE][unrolling][p3mg] Progression : 10/100 signaux evalues.
[COMPARE][unrolling][p3mg] Progression : 20/100 signaux evalues.
[COMPARE][unrolling][p3mg] Progression : 30/100 signaux evalues.
[COMPARE][unrolling][p3mg] Progression : 40/100 signaux evalues.
[COMPARE][unrolling][p3mg] Progression : 50/100 signaux evalues.
[COMPARE][unrolling][p3mg] Progression : 60/100 signaux evalues.
[COMPARE][unrolling][p3mg] Progression : 70/100 signaux evalues.
[COMPARE][unrolling][p3mg] Progression : 80/100 signaux evalues.
[COMPARE][unrolling][p3mg] Progression : 90/100 signaux evalues.
[COMPARE][unrolling][p3mg] Progression : 100/100 signaux evalues.
[TORCH-PROFILE] p3mg_unrolling | CPU self time: 31371.03 ms | CPU mem peak: 184.01 MB | CUDA self time: 13362.94 ms | CUDA mem peak: 57248.54 MB
[COMPARE][unrolling][p3mg] MSE=9.8918e-06 SNR=-4.7461e+00 Temps=39.1332s (3.9133e-01s/signal) (poids: runs/p3mg/unrolling/data_0/20260826-154236_full/checkpoints/best_model.pt)
[COMPARE][unrolling][ista] Progression : 10/100 signaux evalues.
[COMPARE][unrolling][ista] Progression : 20/100 signaux evalues.
[COMPARE][unrolling][ista] Progression : 30/100 signaux evalues.
[COMPARE][unrolling][ista] Progression : 40/100 signaux evalues.
[COMPARE][unrolling][ista] Progression : 50/100 signaux evalues.
[COMPARE][unrolling][ista] Progression : 60/100 signaux evalues.
[COMPARE][unrolling][ista] Progression : 70/100 signaux evalues.
[COMPARE][unrolling][ista] Progression : 80/100 signaux evalues.
[COMPARE][unrolling][ista] Progression : 90/100 signaux evalues.
[COMPARE][unrolling][ista] Progression : 100/100 signaux evalues.
[TORCH-PROFILE] ista_unrolling | CPU self time: 1791.48 ms | CPU mem peak: 0.69 MB | CUDA self time: 2827.21 ms | CUDA mem peak: 128.27 MB
[COMPARE][unrolling][ista] MSE=2.3379e-05 SNR=-4.9579e-01 Temps=1.9383s (1.9383e-02s/signal) (poids: runs/ista/unrolling/data_0/20260827-141437_full/checkpoints/best_model.pt)
[COMPARE][unrolling][hq] Progression : 10/100 signaux evalues.
[COMPARE][unrolling][hq] Progression : 20/100 signaux evalues.
[COMPARE][unrolling][hq] Progression : 30/100 signaux evalues.
[COMPARE][unrolling][hq] Progression : 40/100 signaux evalues.
[COMPARE][unrolling][hq] Progression : 50/100 signaux evalues.
[COMPARE][unrolling][hq] Progression : 60/100 signaux evalues.
[COMPARE][unrolling][hq] Progression : 70/100 signaux evalues.
[COMPARE][unrolling][hq] Progression : 80/100 signaux evalues.
[COMPARE][unrolling][hq] Progression : 90/100 signaux evalues.
[COMPARE][unrolling][hq] Progression : 100/100 signaux evalues.
[TORCH-PROFILE] hq_unrolling | CPU self time: 3077.53 ms | CPU mem peak: 0.01 MB | CUDA self time: 2476.28 ms | CUDA mem peak: 3892.09 MB
[COMPARE][unrolling][hq] MSE=1.8946e-05 SNR=-1.4813e+00 Temps=3.5841s (3.5841e-02s/signal) (poids: runs/hq/unrolling/data_0/20260826-162333_full/checkpoints/best_model.pt)
[COMPARE][unrolling][pd] Progression : 10/100 signaux evalues.
[COMPARE][unrolling][pd] Progression : 20/100 signaux evalues.
[COMPARE][unrolling][pd] Progression : 30/100 signaux evalues.
[COMPARE][unrolling][pd] Progression : 40/100 signaux evalues.
[COMPARE][unrolling][pd] Progression : 50/100 signaux evalues.
[COMPARE][unrolling][pd] Progression : 60/100 signaux evalues.
[COMPARE][unrolling][pd] Progression : 70/100 signaux evalues.
[COMPARE][unrolling][pd] Progression : 80/100 signaux evalues.
[COMPARE][unrolling][pd] Progression : 90/100 signaux evalues.
[COMPARE][unrolling][pd] Progression : 100/100 signaux evalues.
[TORCH-PROFILE] pd_unrolling | CPU self time: 3802.59 ms | CPU mem peak: 0.73 MB | CUDA self time: 3406.72 ms | CUDA mem peak: 213.77 MB
[COMPARE][unrolling][pd] MSE=1.9281e-05 SNR=-1.3645e+00 Temps=4.4474s (4.4474e-02s/signal) (poids: runs/pd/unrolling/data_0/20260826-163239_full/checkpoints/best_model.pt)
[COMPARE][unrolling][pmms] Progression : 10/100 signaux evalues.
[COMPARE][unrolling][pmms] Progression : 20/100 signaux evalues.
[COMPARE][unrolling][pmms] Progression : 30/100 signaux evalues.
[COMPARE][unrolling][pmms] Progression : 40/100 signaux evalues.
[COMPARE][unrolling][pmms] Progression : 50/100 signaux evalues.
[COMPARE][unrolling][pmms] Progression : 60/100 signaux evalues.
[COMPARE][unrolling][pmms] Progression : 70/100 signaux evalues.
[COMPARE][unrolling][pmms] Progression : 80/100 signaux evalues.
[COMPARE][unrolling][pmms] Progression : 90/100 signaux evalues.
[COMPARE][unrolling][pmms] Progression : 100/100 signaux evalues.
[TORCH-PROFILE] pmms_unrolling | CPU self time: 4305.27 ms | CPU mem peak: 0.04 MB | CUDA self time: 1753.94 ms | CUDA mem peak: 28869.48 MB
[COMPARE][unrolling][pmms] MSE=2.2360e-05 SNR=-6.9514e-01 Temps=5.2680s (5.2680e-02s/signal) (poids: runs/pmms/unrolling/data_0/20260826-154241_full/checkpoints/best_model.pt)
[COMPARE][random_search][p3mg] Debut evaluation : 100 signaux, 10000 iterations/signal.
[COMPARE][random_search][p3mg] Progression : 10/100 signaux evalues.
[COMPARE][random_search][p3mg] Progression : 20/100 signaux evalues.
[COMPARE][random_search][p3mg] Progression : 30/100 signaux evalues.
[COMPARE][random_search][p3mg] Progression : 40/100 signaux evalues.
[AVERTISSEMENT] Echec de 'compare' pour data_0, poursuite avec les datasets restants.
=== [COMPARE] Dataset: data_1 ===
[INFO] Exécution verrouillée sur le GPU : 0
[AVERTISSEMENT] Paramètre 'train' du YAML non reconnu par argparse.
[AVERTISSEMENT] Paramètre 'val' du YAML non reconnu par argparse.
[AVERTISSEMENT] Paramètre 'test' du YAML non reconnu par argparse.
[AVERTISSEMENT] Paramètre 'save_dir' du YAML non reconnu par argparse.
[AVERTISSEMENT] Paramètre 'train_batch_size' du YAML non reconnu par argparse.
[AVERTISSEMENT] Paramètre 'val_batch_size' du YAML non reconnu par argparse.
[AVERTISSEMENT] Paramètre 'test_batch_size' du YAML non reconnu par argparse.
[AVERTISSEMENT] Paramètre 'Loss' du YAML non reconnu par argparse.
[AVERTISSEMENT] Paramètre 'number_layers' du YAML non reconnu par argparse.
[AVERTISSEMENT] Paramètre 'number_pd_layers' du YAML non reconnu par argparse.
[AVERTISSEMENT] Paramètre 'resume' du YAML non reconnu par argparse.
=== Lancement : P3MG | Stratégie : UNROLLING | Mode : COMPARE ===
--- Préparation des DataLoaders ---
[INFO] Chargement des données depuis : ./Dataset/data_1
[INFO] Instanciation des MyDataset...
[INFO] Train: 800 | Val: 100 | Test: 100
[INFO] Résultats sauvegardés dans : runs/compare/run_set_515816/data_1/20260902-165237_compare
--- [COMPARE] Evaluation complete du jeu de test (100 signaux) | Data: data_1 ---
[COMPARE][unrolling][p3mg] Progression : 10/100 signaux evalues.
[COMPARE][unrolling][p3mg] Progression : 20/100 signaux evalues.
[COMPARE][unrolling][p3mg] Progression : 30/100 signaux evalues.
[COMPARE][unrolling][p3mg] Progression : 40/100 signaux evalues.
[COMPARE][unrolling][p3mg] Progression : 50/100 signaux evalues.
[COMPARE][unrolling][p3mg] Progression : 60/100 signaux evalues.
[COMPARE][unrolling][p3mg] Progression : 70/100 signaux evalues.
[COMPARE][unrolling][p3mg] Progression : 80/100 signaux evalues.
[COMPARE][unrolling][p3mg] Progression : 90/100 signaux evalues.
[COMPARE][unrolling][p3mg] Progression : 100/100 signaux evalues.
[TORCH-PROFILE] p3mg_unrolling | CPU self time: 33698.55 ms | CPU mem peak: 184.01 MB | CUDA self time: 13369.62 ms | CUDA mem peak: 57248.54 MB
[COMPARE][unrolling][p3mg] MSE=9.5552e-06 SNR=-4.9605e+00 Temps=40.6572s (4.0657e-01s/signal) (poids: runs/p3mg/unrolling/data_1/20260826-171040_full/checkpoints/best_model.pt)
[COMPARE][unrolling][ista] Progression : 10/100 signaux evalues.
[COMPARE][unrolling][ista] Progression : 20/100 signaux evalues.
[COMPARE][unrolling][ista] Progression : 30/100 signaux evalues.
[COMPARE][unrolling][ista] Progression : 40/100 signaux evalues.
[COMPARE][unrolling][ista] Progression : 50/100 signaux evalues.
[COMPARE][unrolling][ista] Progression : 60/100 signaux evalues.
[COMPARE][unrolling][ista] Progression : 70/100 signaux evalues.
[COMPARE][unrolling][ista] Progression : 80/100 signaux evalues.
[COMPARE][unrolling][ista] Progression : 90/100 signaux evalues.
[COMPARE][unrolling][ista] Progression : 100/100 signaux evalues.
[TORCH-PROFILE] ista_unrolling | CPU self time: 2460.86 ms | CPU mem peak: 0.69 MB | CUDA self time: 2834.55 ms | CUDA mem peak: 128.27 MB
[COMPARE][unrolling][ista] MSE=2.3389e-05 SNR=-4.9396e-01 Temps=2.6091s (2.6091e-02s/signal) (poids: runs/ista/unrolling/data_1/20260827-141532_full/checkpoints/best_model.pt)
[COMPARE][unrolling][hq] Progression : 10/100 signaux evalues.
[COMPARE][unrolling][hq] Progression : 20/100 signaux evalues.
[COMPARE][unrolling][hq] Progression : 30/100 signaux evalues.
[COMPARE][unrolling][hq] Progression : 40/100 signaux evalues.
[COMPARE][unrolling][hq] Progression : 50/100 signaux evalues.
[COMPARE][unrolling][hq] Progression : 60/100 signaux evalues.
[COMPARE][unrolling][hq] Progression : 70/100 signaux evalues.
[COMPARE][unrolling][hq] Progression : 80/100 signaux evalues.
[COMPARE][unrolling][hq] Progression : 90/100 signaux evalues.
[COMPARE][unrolling][hq] Progression : 100/100 signaux evalues.
[TORCH-PROFILE] hq_unrolling | CPU self time: 3287.37 ms | CPU mem peak: 0.01 MB | CUDA self time: 2478.33 ms | CUDA mem peak: 3892.09 MB
[COMPARE][unrolling][hq] MSE=1.8946e-05 SNR=-1.4813e+00 Temps=3.7926s (3.7926e-02s/signal) (poids: runs/hq/unrolling/data_1/20260826-220323_full/checkpoints/best_model.pt)
[COMPARE][unrolling][pd] Progression : 10/100 signaux evalues.
[COMPARE][unrolling][pd] Progression : 20/100 signaux evalues.
[COMPARE][unrolling][pd] Progression : 30/100 signaux evalues.
[COMPARE][unrolling][pd] Progression : 40/100 signaux evalues.
[COMPARE][unrolling][pd] Progression : 50/100 signaux evalues.
[COMPARE][unrolling][pd] Progression : 60/100 signaux evalues.
[COMPARE][unrolling][pd] Progression : 70/100 signaux evalues.
[COMPARE][unrolling][pd] Progression : 80/100 signaux evalues.
[COMPARE][unrolling][pd] Progression : 90/100 signaux evalues.
[COMPARE][unrolling][pd] Progression : 100/100 signaux evalues.
[TORCH-PROFILE] pd_unrolling | CPU self time: 3779.24 ms | CPU mem peak: 0.73 MB | CUDA self time: 3423.10 ms | CUDA mem peak: 213.77 MB
[COMPARE][unrolling][pd] MSE=1.9281e-05 SNR=-1.3645e+00 Temps=4.4144s (4.4144e-02s/signal) (poids: runs/pd/unrolling/data_1/20260826-221120_full/checkpoints/best_model.pt)
[COMPARE][unrolling][pmms] Progression : 10/100 signaux evalues.
[COMPARE][unrolling][pmms] Progression : 20/100 signaux evalues.
[COMPARE][unrolling][pmms] Progression : 30/100 signaux evalues.
[COMPARE][unrolling][pmms] Progression : 40/100 signaux evalues.
[COMPARE][unrolling][pmms] Progression : 50/100 signaux evalues.
[COMPARE][unrolling][pmms] Progression : 60/100 signaux evalues.
[COMPARE][unrolling][pmms] Progression : 70/100 signaux evalues.
[COMPARE][unrolling][pmms] Progression : 80/100 signaux evalues.
[COMPARE][unrolling][pmms] Progression : 90/100 signaux evalues.
[COMPARE][unrolling][pmms] Progression : 100/100 signaux evalues.
[TORCH-PROFILE] pmms_unrolling | CPU self time: 4561.40 ms | CPU mem peak: 0.04 MB | CUDA self time: 1753.71 ms | CUDA mem peak: 28869.48 MB
[COMPARE][unrolling][pmms] MSE=2.2355e-05 SNR=-6.9604e-01 Temps=5.5304s (5.5304e-02s/signal) (poids: runs/pmms/unrolling/data_1/20260826-203437_full/checkpoints/best_model.pt)
[COMPARE][random_search][p3mg] Debut evaluation : 100 signaux, 10000 iterations/signal.
[COMPARE][random_search][p3mg] Progression : 10/100 signaux evalues.
[COMPARE][random_search][p3mg] Progression : 20/100 signaux evalues.
[COMPARE][random_search][p3mg] Progression : 30/100 signaux evalues.
[COMPARE][random_search][p3mg] Progression : 40/100 signaux evalues.
[AVERTISSEMENT] Echec de 'compare' pour data_1, poursuite avec les datasets restants.
=== [COMPARE] Dataset: data_2 ===
[INFO] Exécution verrouillée sur le GPU : 0
[AVERTISSEMENT] Paramètre 'train' du YAML non reconnu par argparse.
[AVERTISSEMENT] Paramètre 'val' du YAML non reconnu par argparse.
[AVERTISSEMENT] Paramètre 'test' du YAML non reconnu par argparse.
[AVERTISSEMENT] Paramètre 'save_dir' du YAML non reconnu par argparse.
[AVERTISSEMENT] Paramètre 'train_batch_size' du YAML non reconnu par argparse.
[AVERTISSEMENT] Paramètre 'val_batch_size' du YAML non reconnu par argparse.
[AVERTISSEMENT] Paramètre 'test_batch_size' du YAML non reconnu par argparse.
[AVERTISSEMENT] Paramètre 'Loss' du YAML non reconnu par argparse.
[AVERTISSEMENT] Paramètre 'number_layers' du YAML non reconnu par argparse.
[AVERTISSEMENT] Paramètre 'number_pd_layers' du YAML non reconnu par argparse.
[AVERTISSEMENT] Paramètre 'resume' du YAML non reconnu par argparse.
=== Lancement : P3MG | Stratégie : UNROLLING | Mode : COMPARE ===
--- Préparation des DataLoaders ---
[INFO] Chargement des données depuis : ./Dataset/data_2
[INFO] Instanciation des MyDataset...
[INFO] Train: 800 | Val: 100 | Test: 100
[INFO] Résultats sauvegardés dans : runs/compare/run_set_515816/data_2/20260902-202334_compare
--- [COMPARE] Evaluation complete du jeu de test (100 signaux) | Data: data_2 ---
[COMPARE][unrolling][p3mg] Progression : 10/100 signaux evalues.
[COMPARE][unrolling][p3mg] Progression : 20/100 signaux evalues.
[COMPARE][unrolling][p3mg] Progression : 30/100 signaux evalues.
[COMPARE][unrolling][p3mg] Progression : 40/100 signaux evalues.
[COMPARE][unrolling][p3mg] Progression : 50/100 signaux evalues.
[COMPARE][unrolling][p3mg] Progression : 60/100 signaux evalues.
[COMPARE][unrolling][p3mg] Progression : 70/100 signaux evalues.
[COMPARE][unrolling][p3mg] Progression : 80/100 signaux evalues.
[COMPARE][unrolling][p3mg] Progression : 90/100 signaux evalues.
[COMPARE][unrolling][p3mg] Progression : 100/100 signaux evalues.
[TORCH-PROFILE] p3mg_unrolling | CPU self time: 32616.05 ms | CPU mem peak: 184.01 MB | CUDA self time: 13366.94 ms | CUDA mem peak: 57248.54 MB
[COMPARE][unrolling][p3mg] MSE=8.4314e-06 SNR=-1.4232e+00 Temps=40.4029s (4.0403e-01s/signal) (poids: runs/p3mg/unrolling/data_2/20260826-224854_full/checkpoints/best_model.pt)
[COMPARE][unrolling][ista] Progression : 10/100 signaux evalues.
[COMPARE][unrolling][ista] Progression : 20/100 signaux evalues.
[COMPARE][unrolling][ista] Progression : 30/100 signaux evalues.
[COMPARE][unrolling][ista] Progression : 40/100 signaux evalues.
[COMPARE][unrolling][ista] Progression : 50/100 signaux evalues.
[COMPARE][unrolling][ista] Progression : 60/100 signaux evalues.
[COMPARE][unrolling][ista] Progression : 70/100 signaux evalues.
[COMPARE][unrolling][ista] Progression : 80/100 signaux evalues.
[COMPARE][unrolling][ista] Progression : 90/100 signaux evalues.
[COMPARE][unrolling][ista] Progression : 100/100 signaux evalues.
[TORCH-PROFILE] ista_unrolling | CPU self time: 1824.15 ms | CPU mem peak: 0.69 MB | CUDA self time: 2812.74 ms | CUDA mem peak: 128.27 MB
[COMPARE][unrolling][ista] MSE=9.8899e-06 SNR=-6.9642e-01 Temps=1.9781s (1.9781e-02s/signal) (poids: runs/ista/unrolling/data_2/20260827-141611_full/checkpoints/best_model.pt)
[COMPARE][unrolling][hq] Progression : 10/100 signaux evalues.
[COMPARE][unrolling][hq] Progression : 20/100 signaux evalues.
[COMPARE][unrolling][hq] Progression : 30/100 signaux evalues.
[COMPARE][unrolling][hq] Progression : 40/100 signaux evalues.
[COMPARE][unrolling][hq] Progression : 50/100 signaux evalues.
[COMPARE][unrolling][hq] Progression : 60/100 signaux evalues.
[COMPARE][unrolling][hq] Progression : 70/100 signaux evalues.
[COMPARE][unrolling][hq] Progression : 80/100 signaux evalues.
[COMPARE][unrolling][hq] Progression : 90/100 signaux evalues.
[COMPARE][unrolling][hq] Progression : 100/100 signaux evalues.
[TORCH-PROFILE] hq_unrolling | CPU self time: 3081.07 ms | CPU mem peak: 0.01 MB | CUDA self time: 2472.44 ms | CUDA mem peak: 3892.09 MB
[COMPARE][unrolling][hq] MSE=8.9645e-06 SNR=-1.1341e+00 Temps=3.5740s (3.5740e-02s/signal) (poids: runs/hq/unrolling/data_2/20260827-011452_full/checkpoints/best_model.pt)
[COMPARE][unrolling][pd] Progression : 10/100 signaux evalues.
[COMPARE][unrolling][pd] Progression : 20/100 signaux evalues.
[COMPARE][unrolling][pd] Progression : 30/100 signaux evalues.
[COMPARE][unrolling][pd] Progression : 40/100 signaux evalues.
[COMPARE][unrolling][pd] Progression : 50/100 signaux evalues.
[COMPARE][unrolling][pd] Progression : 60/100 signaux evalues.
[COMPARE][unrolling][pd] Progression : 70/100 signaux evalues.
[COMPARE][unrolling][pd] Progression : 80/100 signaux evalues.
[COMPARE][unrolling][pd] Progression : 90/100 signaux evalues.
[COMPARE][unrolling][pd] Progression : 100/100 signaux evalues.
[TORCH-PROFILE] pd_unrolling | CPU self time: 3761.24 ms | CPU mem peak: 0.73 MB | CUDA self time: 3410.80 ms | CUDA mem peak: 213.77 MB
[COMPARE][unrolling][pd] MSE=9.1029e-06 SNR=-1.0630e+00 Temps=4.3889s (4.3889e-02s/signal) (poids: runs/pd/unrolling/data_2/20260827-012301_full/checkpoints/best_model.pt)
[COMPARE][unrolling][pmms] Progression : 10/100 signaux evalues.
[COMPARE][unrolling][pmms] Progression : 20/100 signaux evalues.
[COMPARE][unrolling][pmms] Progression : 30/100 signaux evalues.
[COMPARE][unrolling][pmms] Progression : 40/100 signaux evalues.
[COMPARE][unrolling][pmms] Progression : 50/100 signaux evalues.
[COMPARE][unrolling][pmms] Progression : 60/100 signaux evalues.
[COMPARE][unrolling][pmms] Progression : 70/100 signaux evalues.
[COMPARE][unrolling][pmms] Progression : 80/100 signaux evalues.
[COMPARE][unrolling][pmms] Progression : 90/100 signaux evalues.
[COMPARE][unrolling][pmms] Progression : 100/100 signaux evalues.
[TORCH-PROFILE] pmms_unrolling | CPU self time: 4407.11 ms | CPU mem peak: 0.04 MB | CUDA self time: 1752.24 ms | CUDA mem peak: 28869.48 MB
[COMPARE][unrolling][pmms] MSE=9.5700e-06 SNR=-8.4258e-01 Temps=5.3778s (5.3778e-02s/signal) (poids: runs/pmms/unrolling/data_2/20260826-234301_full/checkpoints/best_model.pt)
[COMPARE][random_search][p3mg] Debut evaluation : 100 signaux, 10000 iterations/signal.
[COMPARE][random_search][p3mg] Progression : 10/100 signaux evalues.
[COMPARE][random_search][p3mg] Progression : 20/100 signaux evalues.
[COMPARE][random_search][p3mg] Progression : 30/100 signaux evalues.
[COMPARE][random_search][p3mg] Progression : 40/100 signaux evalues.
[AVERTISSEMENT] Echec de 'compare' pour data_2, poursuite avec les datasets restants.
--- Runs bruts consolides sous : runs/compare/run_set_515816/ ---
--- Job de comparaison termine ---
