no change     /scratch/mkalla/miniconda3/condabin/conda
no change     /scratch/mkalla/miniconda3/bin/conda
no change     /scratch/mkalla/miniconda3/bin/conda-env
no change     /scratch/mkalla/miniconda3/bin/activate
no change     /scratch/mkalla/miniconda3/bin/deactivate
no change     /scratch/mkalla/miniconda3/etc/profile.d/conda.sh
no change     /scratch/mkalla/miniconda3/etc/fish/conf.d/conda.fish
no change     /scratch/mkalla/miniconda3/shell/condabin/Conda.psm1
no change     /scratch/mkalla/miniconda3/shell/condabin/conda-hook.ps1
no change     /scratch/mkalla/miniconda3/lib/python3.12/site-packages/xontrib/conda.xsh
no change     /scratch/mkalla/miniconda3/etc/profile.d/conda.csh
no change     /home/opis/mkalla/.bashrc
No action taken.
--- Job Slurm ID: 522650 | Mode: compare | Critere: SNR | run_set: run_set_522650 ---
=== [COMPARE] Dataset: data_0 ===
[INFO] Exécution verrouillée sur le GPU : 0
[AVERTISSEMENT] Paramètre 'train' du YAML non reconnu par argparse.
[AVERTISSEMENT] Paramètre 'val' du YAML non reconnu par argparse.
[AVERTISSEMENT] Paramètre 'test' du YAML non reconnu par argparse.
[AVERTISSEMENT] Paramètre 'save_dir' du YAML non reconnu par argparse.
[AVERTISSEMENT] Paramètre 'train_batch_size' du YAML non reconnu par argparse.
[AVERTISSEMENT] Paramètre 'val_batch_size' du YAML non reconnu par argparse.
[AVERTISSEMENT] Paramètre 'test_batch_size' du YAML non reconnu par argparse.
[AVERTISSEMENT] Paramètre 'Loss' du YAML non reconnu par argparse.
[AVERTISSEMENT] Paramètre 'number_layers' du YAML non reconnu par argparse.
[AVERTISSEMENT] Paramètre 'number_pd_layers' du YAML non reconnu par argparse.
[AVERTISSEMENT] Paramètre 'resume' du YAML non reconnu par argparse.
=== Lancement : P3MG | Stratégie : UNROLLING | Mode : COMPARE ===
--- Préparation des DataLoaders ---
[INFO] Chargement des données depuis : ./Dataset/data_0
[INFO] Instanciation des MyDataset...
[INFO] Train: 800 | Val: 100 | Test: 100
[INFO] Résultats sauvegardés dans : runs/compare/run_set_522650/data_0/20260903-114453_compare
--- [COMPARE] Evaluation complete du jeu de test (100 signaux) | Data: data_0 ---
[COMPARE][unrolling][p3mg] Progression : 10/100 signaux evalues.
[TORCH-PROFILE] p3mg_unrolling | CPU self time: 9172.05 ms | CPU mem peak: 18.98 MB | CUDA self time: 2225.83 ms | CUDA mem peak: 5724.85 MB
[COMPARE][unrolling][p3mg] Progression : 20/100 signaux evalues.
[COMPARE][unrolling][p3mg] Progression : 30/100 signaux evalues.
[COMPARE][unrolling][p3mg] Progression : 40/100 signaux evalues.
[COMPARE][unrolling][p3mg] Progression : 50/100 signaux evalues.
[COMPARE][unrolling][p3mg] Progression : 60/100 signaux evalues.
[COMPARE][unrolling][p3mg] Progression : 70/100 signaux evalues.
[COMPARE][unrolling][p3mg] Progression : 80/100 signaux evalues.
[COMPARE][unrolling][p3mg] Progression : 90/100 signaux evalues.
[COMPARE][unrolling][p3mg] Progression : 100/100 signaux evalues.
[COMPARE][unrolling][p3mg] MSE=9.8918e-06 SNR=-4.7461e+00 Temps=59.0025s (5.9002e-01s/signal) (poids: runs/p3mg/unrolling/data_0/20260826-154236_full/checkpoints/best_model.pt)
[COMPARE][unrolling][hq] Progression : 10/100 signaux evalues.
[TORCH-PROFILE] hq_unrolling | CPU self time: 646.58 ms | CPU mem peak: 0.01 MB | CUDA self time: 343.90 ms | CUDA mem peak: 389.21 MB
[COMPARE][unrolling][hq] Progression : 20/100 signaux evalues.
[COMPARE][unrolling][hq] Progression : 30/100 signaux evalues.
[COMPARE][unrolling][hq] Progression : 40/100 signaux evalues.
[COMPARE][unrolling][hq] Progression : 50/100 signaux evalues.
[COMPARE][unrolling][hq] Progression : 60/100 signaux evalues.
[COMPARE][unrolling][hq] Progression : 70/100 signaux evalues.
[COMPARE][unrolling][hq] Progression : 80/100 signaux evalues.
[COMPARE][unrolling][hq] Progression : 90/100 signaux evalues.
[COMPARE][unrolling][hq] Progression : 100/100 signaux evalues.
[COMPARE][unrolling][hq] MSE=1.8946e-05 SNR=-1.4813e+00 Temps=5.2112s (5.2112e-02s/signal) (poids: runs/hq/unrolling/data_0/20260826-162333_full/checkpoints/best_model.pt)
[COMPARE][random_search][p3mg] Debut evaluation : 100 signaux, 10000 iterations/signal.
[COMPARE][random_search][p3mg] Progression : 10/100 signaux evalues.
[AVERTISSEMENT] Echec de 'compare' pour data_0, poursuite avec les datasets restants.
=== [COMPARE] Dataset: data_1 ===
[INFO] Exécution verrouillée sur le GPU : 0
[AVERTISSEMENT] Paramètre 'train' du YAML non reconnu par argparse.
[AVERTISSEMENT] Paramètre 'val' du YAML non reconnu par argparse.
[AVERTISSEMENT] Paramètre 'test' du YAML non reconnu par argparse.
[AVERTISSEMENT] Paramètre 'save_dir' du YAML non reconnu par argparse.
[AVERTISSEMENT] Paramètre 'train_batch_size' du YAML non reconnu par argparse.
[AVERTISSEMENT] Paramètre 'val_batch_size' du YAML non reconnu par argparse.
[AVERTISSEMENT] Paramètre 'test_batch_size' du YAML non reconnu par argparse.
[AVERTISSEMENT] Paramètre 'Loss' du YAML non reconnu par argparse.
[AVERTISSEMENT] Paramètre 'number_layers' du YAML non reconnu par argparse.
[AVERTISSEMENT] Paramètre 'number_pd_layers' du YAML non reconnu par argparse.
[AVERTISSEMENT] Paramètre 'resume' du YAML non reconnu par argparse.
=== Lancement : P3MG | Stratégie : UNROLLING | Mode : COMPARE ===
--- Préparation des DataLoaders ---
[INFO] Chargement des données depuis : ./Dataset/data_1
[INFO] Instanciation des MyDataset...
[INFO] Train: 800 | Val: 100 | Test: 100
[INFO] Résultats sauvegardés dans : runs/compare/run_set_522650/data_1/20260903-124439_compare
--- [COMPARE] Evaluation complete du jeu de test (100 signaux) | Data: data_1 ---
[COMPARE][unrolling][p3mg] Progression : 10/100 signaux evalues.
[TORCH-PROFILE] p3mg_unrolling | CPU self time: 14565.76 ms | CPU mem peak: 18.98 MB | CUDA self time: 2225.25 ms | CUDA mem peak: 5724.85 MB
[COMPARE][unrolling][p3mg] Progression : 20/100 signaux evalues.
[COMPARE][unrolling][p3mg] Progression : 30/100 signaux evalues.
[COMPARE][unrolling][p3mg] Progression : 40/100 signaux evalues.
[COMPARE][unrolling][p3mg] Progression : 50/100 signaux evalues.
[COMPARE][unrolling][p3mg] Progression : 60/100 signaux evalues.
[COMPARE][unrolling][p3mg] Progression : 70/100 signaux evalues.
[COMPARE][unrolling][p3mg] Progression : 80/100 signaux evalues.
[COMPARE][unrolling][p3mg] Progression : 90/100 signaux evalues.
[COMPARE][unrolling][p3mg] Progression : 100/100 signaux evalues.
[COMPARE][unrolling][p3mg] MSE=9.5552e-06 SNR=-4.9605e+00 Temps=65.0112s (6.5011e-01s/signal) (poids: runs/p3mg/unrolling/data_1/20260826-171040_full/checkpoints/best_model.pt)
[COMPARE][unrolling][hq] Progression : 10/100 signaux evalues.
[TORCH-PROFILE] hq_unrolling | CPU self time: 831.60 ms | CPU mem peak: 0.01 MB | CUDA self time: 343.90 ms | CUDA mem peak: 389.21 MB
[COMPARE][unrolling][hq] Progression : 20/100 signaux evalues.
[COMPARE][unrolling][hq] Progression : 30/100 signaux evalues.
[COMPARE][unrolling][hq] Progression : 40/100 signaux evalues.
[COMPARE][unrolling][hq] Progression : 50/100 signaux evalues.
[COMPARE][unrolling][hq] Progression : 60/100 signaux evalues.
[COMPARE][unrolling][hq] Progression : 70/100 signaux evalues.
[COMPARE][unrolling][hq] Progression : 80/100 signaux evalues.
[COMPARE][unrolling][hq] Progression : 90/100 signaux evalues.
[COMPARE][unrolling][hq] Progression : 100/100 signaux evalues.
[COMPARE][unrolling][hq] MSE=1.8946e-05 SNR=-1.4813e+00 Temps=5.4249s (5.4249e-02s/signal) (poids: runs/hq/unrolling/data_1/20260826-220323_full/checkpoints/best_model.pt)
[COMPARE][random_search][p3mg] Debut evaluation : 100 signaux, 10000 iterations/signal.
[COMPARE][random_search][p3mg] Progression : 10/100 signaux evalues.
[AVERTISSEMENT] Echec de 'compare' pour data_1, poursuite avec les datasets restants.
=== [COMPARE] Dataset: data_2 ===
[INFO] Exécution verrouillée sur le GPU : 0
[AVERTISSEMENT] Paramètre 'train' du YAML non reconnu par argparse.
[AVERTISSEMENT] Paramètre 'val' du YAML non reconnu par argparse.
[AVERTISSEMENT] Paramètre 'test' du YAML non reconnu par argparse.
[AVERTISSEMENT] Paramètre 'save_dir' du YAML non reconnu par argparse.
[AVERTISSEMENT] Paramètre 'train_batch_size' du YAML non reconnu par argparse.
[AVERTISSEMENT] Paramètre 'val_batch_size' du YAML non reconnu par argparse.
[AVERTISSEMENT] Paramètre 'test_batch_size' du YAML non reconnu par argparse.
[AVERTISSEMENT] Paramètre 'Loss' du YAML non reconnu par argparse.
[AVERTISSEMENT] Paramètre 'number_layers' du YAML non reconnu par argparse.
[AVERTISSEMENT] Paramètre 'number_pd_layers' du YAML non reconnu par argparse.
[AVERTISSEMENT] Paramètre 'resume' du YAML non reconnu par argparse.
=== Lancement : P3MG | Stratégie : UNROLLING | Mode : COMPARE ===
--- Préparation des DataLoaders ---
[INFO] Chargement des données depuis : ./Dataset/data_2
[INFO] Instanciation des MyDataset...
[INFO] Train: 800 | Val: 100 | Test: 100
[INFO] Résultats sauvegardés dans : runs/compare/run_set_522650/data_2/20260903-134251_compare
--- [COMPARE] Evaluation complete du jeu de test (100 signaux) | Data: data_2 ---
[COMPARE][unrolling][p3mg] Progression : 10/100 signaux evalues.
[TORCH-PROFILE] p3mg_unrolling | CPU self time: 9576.41 ms | CPU mem peak: 18.98 MB | CUDA self time: 2222.38 ms | CUDA mem peak: 5724.85 MB
[COMPARE][unrolling][p3mg] Progression : 20/100 signaux evalues.
[COMPARE][unrolling][p3mg] Progression : 30/100 signaux evalues.
[COMPARE][unrolling][p3mg] Progression : 40/100 signaux evalues.
[COMPARE][unrolling][p3mg] Progression : 50/100 signaux evalues.
[COMPARE][unrolling][p3mg] Progression : 60/100 signaux evalues.
[COMPARE][unrolling][p3mg] Progression : 70/100 signaux evalues.
[COMPARE][unrolling][p3mg] Progression : 80/100 signaux evalues.
[COMPARE][unrolling][p3mg] Progression : 90/100 signaux evalues.
[COMPARE][unrolling][p3mg] Progression : 100/100 signaux evalues.
[COMPARE][unrolling][p3mg] MSE=8.4314e-06 SNR=-1.4232e+00 Temps=60.0329s (6.0033e-01s/signal) (poids: runs/p3mg/unrolling/data_2/20260826-224854_full/checkpoints/best_model.pt)
[COMPARE][unrolling][hq] Progression : 10/100 signaux evalues.
[TORCH-PROFILE] hq_unrolling | CPU self time: 890.83 ms | CPU mem peak: 0.01 MB | CUDA self time: 343.49 ms | CUDA mem peak: 389.21 MB
[COMPARE][unrolling][hq] Progression : 20/100 signaux evalues.
[COMPARE][unrolling][hq] Progression : 30/100 signaux evalues.
[COMPARE][unrolling][hq] Progression : 40/100 signaux evalues.
[COMPARE][unrolling][hq] Progression : 50/100 signaux evalues.
[COMPARE][unrolling][hq] Progression : 60/100 signaux evalues.
[COMPARE][unrolling][hq] Progression : 70/100 signaux evalues.
[COMPARE][unrolling][hq] Progression : 80/100 signaux evalues.
[COMPARE][unrolling][hq] Progression : 90/100 signaux evalues.
[COMPARE][unrolling][hq] Progression : 100/100 signaux evalues.
[COMPARE][unrolling][hq] MSE=8.9645e-06 SNR=-1.1341e+00 Temps=5.5234s (5.5234e-02s/signal) (poids: runs/hq/unrolling/data_2/20260827-011452_full/checkpoints/best_model.pt)
[COMPARE][random_search][p3mg] Debut evaluation : 100 signaux, 10000 iterations/signal.
[COMPARE][random_search][p3mg] Progression : 10/100 signaux evalues.
[AVERTISSEMENT] Echec de 'compare' pour data_2, poursuite avec les datasets restants.
--- Runs bruts consolides sous : runs/compare/run_set_522650/ ---
--- Job de comparaison termine ---
