no change     /scratch/mkalla/miniconda3/condabin/conda
no change     /scratch/mkalla/miniconda3/bin/conda
no change     /scratch/mkalla/miniconda3/bin/conda-env
no change     /scratch/mkalla/miniconda3/bin/activate
no change     /scratch/mkalla/miniconda3/bin/deactivate
no change     /scratch/mkalla/miniconda3/etc/profile.d/conda.sh
no change     /scratch/mkalla/miniconda3/etc/fish/conf.d/conda.fish
no change     /scratch/mkalla/miniconda3/shell/condabin/Conda.psm1
no change     /scratch/mkalla/miniconda3/shell/condabin/conda-hook.ps1
no change     /scratch/mkalla/miniconda3/lib/python3.12/site-packages/xontrib/conda.xsh
no change     /scratch/mkalla/miniconda3/etc/profile.d/conda.csh
no change     /home/opis/mkalla/.bashrc
No action taken.
--- Job Slurm ID: 527534 | Mode: compare | Critere: SNR | run_set: run_set_527534 ---
=== [COMPARE] Dataset: data_0 ===
[INFO] Exécution verrouillée sur le GPU : 0
[AVERTISSEMENT] Paramètre 'train' du YAML non reconnu par argparse.
[AVERTISSEMENT] Paramètre 'val' du YAML non reconnu par argparse.
[AVERTISSEMENT] Paramètre 'test' du YAML non reconnu par argparse.
[AVERTISSEMENT] Paramètre 'save_dir' du YAML non reconnu par argparse.
[AVERTISSEMENT] Paramètre 'train_batch_size' du YAML non reconnu par argparse.
[AVERTISSEMENT] Paramètre 'val_batch_size' du YAML non reconnu par argparse.
[AVERTISSEMENT] Paramètre 'test_batch_size' du YAML non reconnu par argparse.
[AVERTISSEMENT] Paramètre 'Loss' du YAML non reconnu par argparse.
[AVERTISSEMENT] Paramètre 'number_layers' du YAML non reconnu par argparse.
[AVERTISSEMENT] Paramètre 'number_pd_layers' du YAML non reconnu par argparse.
[AVERTISSEMENT] Paramètre 'resume' du YAML non reconnu par argparse.
=== Lancement : P3MG | Stratégie : UNROLLING | Mode : COMPARE ===
--- Préparation des DataLoaders ---
[INFO] Chargement des données depuis : ./Dataset/data_0
[INFO] Instanciation des MyDataset...
[INFO] Train: 800 | Val: 100 | Test: 100
[INFO] Résultats sauvegardés dans : runs/compare/run_set_527534/data_0/20260903-235957_compare
--- [COMPARE] Evaluation complete du jeu de test (100 signaux) | Data: data_0 ---
[COMPARE][unrolling][p3mg] Progression : 10/100 signaux evalues.
[COMPARE][unrolling][p3mg] Progression : 20/100 signaux evalues.
[COMPARE][unrolling][p3mg] Progression : 30/100 signaux evalues.
[COMPARE][unrolling][p3mg] Progression : 40/100 signaux evalues.
[COMPARE][unrolling][p3mg] Progression : 50/100 signaux evalues.
[COMPARE][unrolling][p3mg] Progression : 60/100 signaux evalues.
[COMPARE][unrolling][p3mg] Progression : 70/100 signaux evalues.
[COMPARE][unrolling][p3mg] Progression : 80/100 signaux evalues.
[COMPARE][unrolling][p3mg] Progression : 90/100 signaux evalues.
[COMPARE][unrolling][p3mg] Progression : 100/100 signaux evalues.
[COMPARE][unrolling][p3mg] MSE=9.8918e-06 SNR=-9.4923e+00 Temps=43.6527s (4.3653e-01s/signal) (poids: runs/p3mg/unrolling/data_0/20260826-154236_full/checkpoints/best_model.pt)
[COMPARE][unrolling][hq] Progression : 10/100 signaux evalues.
[COMPARE][unrolling][hq] Progression : 20/100 signaux evalues.
[COMPARE][unrolling][hq] Progression : 30/100 signaux evalues.
[COMPARE][unrolling][hq] Progression : 40/100 signaux evalues.
[COMPARE][unrolling][hq] Progression : 50/100 signaux evalues.
[COMPARE][unrolling][hq] Progression : 60/100 signaux evalues.
[COMPARE][unrolling][hq] Progression : 70/100 signaux evalues.
[COMPARE][unrolling][hq] Progression : 80/100 signaux evalues.
[COMPARE][unrolling][hq] Progression : 90/100 signaux evalues.
[COMPARE][unrolling][hq] Progression : 100/100 signaux evalues.
[COMPARE][unrolling][hq] MSE=1.8946e-05 SNR=-2.9627e+00 Temps=4.0767s (4.0767e-02s/signal) (poids: runs/hq/unrolling/data_0/20260826-162333_full/checkpoints/best_model.pt)
[COMPARE][random_search][p3mg] Debut evaluation : 100 signaux, 5000 iterations/signal.
[COMPARE][random_search][p3mg] Progression : 10/100 signaux evalues.
[COMPARE][random_search][p3mg] Progression : 20/100 signaux evalues.
[COMPARE][random_search][p3mg] Progression : 30/100 signaux evalues.
[COMPARE][random_search][p3mg] Progression : 40/100 signaux evalues.
[COMPARE][random_search][p3mg] Progression : 50/100 signaux evalues.
[COMPARE][random_search][p3mg] Progression : 60/100 signaux evalues.
[COMPARE][random_search][p3mg] Progression : 70/100 signaux evalues.
[COMPARE][random_search][p3mg] Progression : 80/100 signaux evalues.
[COMPARE][random_search][p3mg] Progression : 90/100 signaux evalues.
[COMPARE][random_search][p3mg] Progression : 100/100 signaux evalues.
[COMPARE][random_search][p3mg] MSE=1.2973e-05 SNR=-6.7109e+00 Temps=7153.9722s (7.1540e+01s/signal) (params: runs/p3mg/random_search/data_0/20260903-191429_train/checkpoints/best_params.json)
[COMPARE][random_search][ista] Debut evaluation : 100 signaux, 5000 iterations/signal.
[COMPARE][random_search][ista] Progression : 10/100 signaux evalues.
[COMPARE][random_search][ista] Progression : 20/100 signaux evalues.
[COMPARE][random_search][ista] Progression : 30/100 signaux evalues.
[COMPARE][random_search][ista] Progression : 40/100 signaux evalues.
[COMPARE][random_search][ista] Progression : 50/100 signaux evalues.
[COMPARE][random_search][ista] Progression : 60/100 signaux evalues.
[COMPARE][random_search][ista] Progression : 70/100 signaux evalues.
[COMPARE][random_search][ista] Progression : 80/100 signaux evalues.
[COMPARE][random_search][ista] Progression : 90/100 signaux evalues.
[COMPARE][random_search][ista] Progression : 100/100 signaux evalues.
[COMPARE][random_search][ista] MSE=2.1304e-05 SNR=-1.8235e+00 Temps=78.4232s (7.8423e-01s/signal) (params: runs/ista/random_search/data_0/20260903-192715_train/checkpoints/best_params.json)
[COMPARE][random_search][hq] Debut evaluation : 100 signaux, 5000 iterations/signal.
[COMPARE][random_search][hq] Progression : 10/100 signaux evalues.
[COMPARE][random_search][hq] Progression : 20/100 signaux evalues.
[COMPARE][random_search][hq] Progression : 30/100 signaux evalues.
[COMPARE][random_search][hq] Progression : 40/100 signaux evalues.
[COMPARE][random_search][hq] Progression : 50/100 signaux evalues.
[COMPARE][random_search][hq] Progression : 60/100 signaux evalues.
[COMPARE][random_search][hq] Progression : 70/100 signaux evalues.
[COMPARE][random_search][hq] Progression : 80/100 signaux evalues.
[COMPARE][random_search][hq] Progression : 90/100 signaux evalues.
[COMPARE][random_search][hq] Progression : 100/100 signaux evalues.
[COMPARE][random_search][hq] MSE=6.5831e-05 SNR=-5.7899e-01 Temps=542.3750s (5.4238e+00s/signal) (params: runs/hq/random_search/data_0/20260826-163149_full/checkpoints/best_params.json)
[COMPARE][random_search][pd] Debut evaluation : 100 signaux, 5000 iterations/signal.
[COMPARE][random_search][pd] Progression : 10/100 signaux evalues.
[COMPARE][random_search][pd] Progression : 20/100 signaux evalues.
[COMPARE][random_search][pd] Progression : 30/100 signaux evalues.
[COMPARE][random_search][pd] Progression : 40/100 signaux evalues.
[COMPARE][random_search][pd] Progression : 50/100 signaux evalues.
[COMPARE][random_search][pd] Progression : 60/100 signaux evalues.
[COMPARE][random_search][pd] Progression : 70/100 signaux evalues.
[COMPARE][random_search][pd] Progression : 80/100 signaux evalues.
[COMPARE][random_search][pd] Progression : 90/100 signaux evalues.
[COMPARE][random_search][pd] Progression : 100/100 signaux evalues.
[COMPARE][random_search][pd] MSE=1.1794e-05 SNR=-7.6457e+00 Temps=367.4743s (3.6747e+00s/signal) (params: runs/pd/random_search/data_0/20260826-164331_full/checkpoints/best_params.json)
[COMPARE][deep_learning][fcae] Progression : 10/100 signaux evalues.
[COMPARE][deep_learning][fcae] Progression : 20/100 signaux evalues.
[COMPARE][deep_learning][fcae] Progression : 30/100 signaux evalues.
[COMPARE][deep_learning][fcae] Progression : 40/100 signaux evalues.
[COMPARE][deep_learning][fcae] Progression : 50/100 signaux evalues.
[COMPARE][deep_learning][fcae] Progression : 60/100 signaux evalues.
[COMPARE][deep_learning][fcae] Progression : 70/100 signaux evalues.
[COMPARE][deep_learning][fcae] Progression : 80/100 signaux evalues.
[COMPARE][deep_learning][fcae] Progression : 90/100 signaux evalues.
[COMPARE][deep_learning][fcae] Progression : 100/100 signaux evalues.
[COMPARE][deep_learning][fcae] MSE=1.5212e-05 SNR=-5.0873e+00 Temps=0.1973s (1.9730e-03s/signal) (poids: runs/fcae/unrolling/data_0/20260827-120142_full/checkpoints/best_model.pt)
[COMPARE][deep_learning][fcun] Progression : 10/100 signaux evalues.
[COMPARE][deep_learning][fcun] Progression : 20/100 signaux evalues.
[COMPARE][deep_learning][fcun] Progression : 30/100 signaux evalues.
[COMPARE][deep_learning][fcun] Progression : 40/100 signaux evalues.
[COMPARE][deep_learning][fcun] Progression : 50/100 signaux evalues.
[COMPARE][deep_learning][fcun] Progression : 60/100 signaux evalues.
[COMPARE][deep_learning][fcun] Progression : 70/100 signaux evalues.
[COMPARE][deep_learning][fcun] Progression : 80/100 signaux evalues.
[COMPARE][deep_learning][fcun] Progression : 90/100 signaux evalues.
[COMPARE][deep_learning][fcun] Progression : 100/100 signaux evalues.
[COMPARE][deep_learning][fcun] MSE=1.0681e-05 SNR=-8.2625e+00 Temps=0.1074s (1.0738e-03s/signal) (poids: runs/fcun/unrolling/data_0/20260827-120142_full/checkpoints/best_model.pt)
[COMPARE][deep_learning][fctn] Progression : 10/100 signaux evalues.
[COMPARE][deep_learning][fctn] Progression : 20/100 signaux evalues.
[COMPARE][deep_learning][fctn] Progression : 30/100 signaux evalues.
[COMPARE][deep_learning][fctn] Progression : 40/100 signaux evalues.
[COMPARE][deep_learning][fctn] Progression : 50/100 signaux evalues.
[COMPARE][deep_learning][fctn] Progression : 60/100 signaux evalues.
[COMPARE][deep_learning][fctn] Progression : 70/100 signaux evalues.
[COMPARE][deep_learning][fctn] Progression : 80/100 signaux evalues.
[COMPARE][deep_learning][fctn] Progression : 90/100 signaux evalues.
[COMPARE][deep_learning][fctn] Progression : 100/100 signaux evalues.
[COMPARE][deep_learning][fctn] MSE=1.9310e-05 SNR=-2.7397e+00 Temps=0.4835s (4.8353e-03s/signal) (poids: runs/fctn/unrolling/data_0/20260827-120142_full/checkpoints/best_model.pt)
[COMPARE] Graphique sauvegarde : runs/compare/run_set_527534/data_0/20260903-235957_compare/plots/signals/compare_signal_81_p3mg_unrolling.png
[COMPARE] Graphique sauvegarde : runs/compare/run_set_527534/data_0/20260903-235957_compare/plots/signals/compare_signal_81_hq_unrolling.png
[COMPARE] Graphique sauvegarde : runs/compare/run_set_527534/data_0/20260903-235957_compare/plots/signals/compare_signal_81_p3mg_random_search.png
[COMPARE] Graphique sauvegarde : runs/compare/run_set_527534/data_0/20260903-235957_compare/plots/signals/compare_signal_81_ista_random_search.png
[COMPARE] Graphique sauvegarde : runs/compare/run_set_527534/data_0/20260903-235957_compare/plots/signals/compare_signal_81_hq_random_search.png
[COMPARE] Graphique sauvegarde : runs/compare/run_set_527534/data_0/20260903-235957_compare/plots/signals/compare_signal_81_pd_random_search.png
[COMPARE] Graphique sauvegarde : runs/compare/run_set_527534/data_0/20260903-235957_compare/plots/signals/compare_signal_81_fcae_deep_learning.png
[COMPARE] Graphique sauvegarde : runs/compare/run_set_527534/data_0/20260903-235957_compare/plots/signals/compare_signal_81_fcun_deep_learning.png
[COMPARE] Graphique sauvegarde : runs/compare/run_set_527534/data_0/20260903-235957_compare/plots/signals/compare_signal_81_fctn_deep_learning.png
[COMPARE] Graphique recapitulatif sauvegarde : runs/compare/run_set_527534/data_0/20260903-235957_compare/plots/compare_summary_81.png
[COMPARE] Graphique de temps sauvegarde : runs/compare/run_set_527534/data_0/20260903-235957_compare/plots/compare_timing.png
[COMPARE] Rapport CSV sauvegarde : runs/compare/run_set_527534/data_0/20260903-235957_compare/logs/compare_report.csv
[COMPARE] Rapport JSON sauvegarde : runs/compare/run_set_527534/data_0/20260903-235957_compare/logs/compare_report.json
[COMPARE] Rapport texte sauvegarde : runs/compare/run_set_527534/data_0/20260903-235957_compare/logs/compare_report.txt

=== Exécution Terminée ===
=== [COMPARE] Dataset: data_1 ===
[INFO] Exécution verrouillée sur le GPU : 0
[AVERTISSEMENT] Paramètre 'train' du YAML non reconnu par argparse.
[AVERTISSEMENT] Paramètre 'val' du YAML non reconnu par argparse.
[AVERTISSEMENT] Paramètre 'test' du YAML non reconnu par argparse.
[AVERTISSEMENT] Paramètre 'save_dir' du YAML non reconnu par argparse.
[AVERTISSEMENT] Paramètre 'train_batch_size' du YAML non reconnu par argparse.
[AVERTISSEMENT] Paramètre 'val_batch_size' du YAML non reconnu par argparse.
[AVERTISSEMENT] Paramètre 'test_batch_size' du YAML non reconnu par argparse.
[AVERTISSEMENT] Paramètre 'Loss' du YAML non reconnu par argparse.
[AVERTISSEMENT] Paramètre 'number_layers' du YAML non reconnu par argparse.
[AVERTISSEMENT] Paramètre 'number_pd_layers' du YAML non reconnu par argparse.
[AVERTISSEMENT] Paramètre 'resume' du YAML non reconnu par argparse.
=== Lancement : P3MG | Stratégie : UNROLLING | Mode : COMPARE ===
--- Préparation des DataLoaders ---
[INFO] Chargement des données depuis : ./Dataset/data_1
[INFO] Instanciation des MyDataset...
[INFO] Train: 800 | Val: 100 | Test: 100
[INFO] Résultats sauvegardés dans : runs/compare/run_set_527534/data_1/20260904-021755_compare
--- [COMPARE] Evaluation complete du jeu de test (100 signaux) | Data: data_1 ---
[COMPARE][unrolling][p3mg] Progression : 10/100 signaux evalues.
[COMPARE][unrolling][p3mg] Progression : 20/100 signaux evalues.
[COMPARE][unrolling][p3mg] Progression : 30/100 signaux evalues.
[COMPARE][unrolling][p3mg] Progression : 40/100 signaux evalues.
[COMPARE][unrolling][p3mg] Progression : 50/100 signaux evalues.
[COMPARE][unrolling][p3mg] Progression : 60/100 signaux evalues.
[COMPARE][unrolling][p3mg] Progression : 70/100 signaux evalues.
[COMPARE][unrolling][p3mg] Progression : 80/100 signaux evalues.
[COMPARE][unrolling][p3mg] Progression : 90/100 signaux evalues.
[COMPARE][unrolling][p3mg] Progression : 100/100 signaux evalues.
[COMPARE][unrolling][p3mg] MSE=9.5552e-06 SNR=-9.9210e+00 Temps=43.7559s (4.3756e-01s/signal) (poids: runs/p3mg/unrolling/data_1/20260826-171040_full/checkpoints/best_model.pt)
[COMPARE][unrolling][hq] Progression : 10/100 signaux evalues.
[COMPARE][unrolling][hq] Progression : 20/100 signaux evalues.
[COMPARE][unrolling][hq] Progression : 30/100 signaux evalues.
[COMPARE][unrolling][hq] Progression : 40/100 signaux evalues.
[COMPARE][unrolling][hq] Progression : 50/100 signaux evalues.
[COMPARE][unrolling][hq] Progression : 60/100 signaux evalues.
[COMPARE][unrolling][hq] Progression : 70/100 signaux evalues.
[COMPARE][unrolling][hq] Progression : 80/100 signaux evalues.
[COMPARE][unrolling][hq] Progression : 90/100 signaux evalues.
[COMPARE][unrolling][hq] Progression : 100/100 signaux evalues.
[COMPARE][unrolling][hq] MSE=1.8946e-05 SNR=-2.9627e+00 Temps=4.0567s (4.0567e-02s/signal) (poids: runs/hq/unrolling/data_1/20260826-220323_full/checkpoints/best_model.pt)
[COMPARE][random_search][p3mg] Debut evaluation : 100 signaux, 5000 iterations/signal.
[COMPARE][random_search][p3mg] Progression : 10/100 signaux evalues.
[COMPARE][random_search][p3mg] Progression : 20/100 signaux evalues.
[COMPARE][random_search][p3mg] Progression : 30/100 signaux evalues.
[COMPARE][random_search][p3mg] Progression : 40/100 signaux evalues.
[COMPARE][random_search][p3mg] Progression : 50/100 signaux evalues.
[COMPARE][random_search][p3mg] Progression : 60/100 signaux evalues.
[COMPARE][random_search][p3mg] Progression : 70/100 signaux evalues.
[COMPARE][random_search][p3mg] Progression : 80/100 signaux evalues.
[COMPARE][random_search][p3mg] Progression : 90/100 signaux evalues.
[COMPARE][random_search][p3mg] Progression : 100/100 signaux evalues.
[COMPARE][random_search][p3mg] MSE=1.2973e-05 SNR=-6.7109e+00 Temps=7055.2535s (7.0553e+01s/signal) (params: runs/p3mg/random_search/data_1/20260903-192835_train/checkpoints/best_params.json)
[COMPARE][random_search][ista] Debut evaluation : 100 signaux, 5000 iterations/signal.
[COMPARE][random_search][ista] Progression : 10/100 signaux evalues.
[COMPARE][random_search][ista] Progression : 20/100 signaux evalues.
[COMPARE][random_search][ista] Progression : 30/100 signaux evalues.
[COMPARE][random_search][ista] Progression : 40/100 signaux evalues.
[COMPARE][random_search][ista] Progression : 50/100 signaux evalues.
[COMPARE][random_search][ista] Progression : 60/100 signaux evalues.
[COMPARE][random_search][ista] Progression : 70/100 signaux evalues.
[COMPARE][random_search][ista] Progression : 80/100 signaux evalues.
[COMPARE][random_search][ista] Progression : 90/100 signaux evalues.
[COMPARE][random_search][ista] Progression : 100/100 signaux evalues.
[COMPARE][random_search][ista] MSE=2.1304e-05 SNR=-1.8235e+00 Temps=77.4160s (7.7416e-01s/signal) (params: runs/ista/random_search/data_1/20260903-194108_train/checkpoints/best_params.json)
[COMPARE][random_search][hq] Debut evaluation : 100 signaux, 5000 iterations/signal.
[COMPARE][random_search][hq] Progression : 10/100 signaux evalues.
[COMPARE][random_search][hq] Progression : 20/100 signaux evalues.
[COMPARE][random_search][hq] Progression : 30/100 signaux evalues.
[COMPARE][random_search][hq] Progression : 40/100 signaux evalues.
[COMPARE][random_search][hq] Progression : 50/100 signaux evalues.
[COMPARE][random_search][hq] Progression : 60/100 signaux evalues.
[COMPARE][random_search][hq] Progression : 70/100 signaux evalues.
[COMPARE][random_search][hq] Progression : 80/100 signaux evalues.
[COMPARE][random_search][hq] Progression : 90/100 signaux evalues.
[COMPARE][random_search][hq] Progression : 100/100 signaux evalues.
[COMPARE][random_search][hq] MSE=6.5831e-05 SNR=-5.7899e-01 Temps=538.8314s (5.3883e+00s/signal) (params: runs/hq/random_search/data_1/20260826-220358_full/checkpoints/best_params.json)
[COMPARE][random_search][pd] Debut evaluation : 100 signaux, 5000 iterations/signal.
[COMPARE][random_search][pd] Progression : 10/100 signaux evalues.
[COMPARE][random_search][pd] Progression : 20/100 signaux evalues.
[COMPARE][random_search][pd] Progression : 30/100 signaux evalues.
[COMPARE][random_search][pd] Progression : 40/100 signaux evalues.
[COMPARE][random_search][pd] Progression : 50/100 signaux evalues.
[COMPARE][random_search][pd] Progression : 60/100 signaux evalues.
[COMPARE][random_search][pd] Progression : 70/100 signaux evalues.
[COMPARE][random_search][pd] Progression : 80/100 signaux evalues.
[COMPARE][random_search][pd] Progression : 90/100 signaux evalues.
[COMPARE][random_search][pd] Progression : 100/100 signaux evalues.
[COMPARE][random_search][pd] MSE=1.1794e-05 SNR=-7.6457e+00 Temps=363.0886s (3.6309e+00s/signal) (params: runs/pd/random_search/data_1/20260826-221705_full/checkpoints/best_params.json)
[COMPARE][deep_learning][fcae] Progression : 10/100 signaux evalues.
[COMPARE][deep_learning][fcae] Progression : 20/100 signaux evalues.
[COMPARE][deep_learning][fcae] Progression : 30/100 signaux evalues.
[COMPARE][deep_learning][fcae] Progression : 40/100 signaux evalues.
[COMPARE][deep_learning][fcae] Progression : 50/100 signaux evalues.
[COMPARE][deep_learning][fcae] Progression : 60/100 signaux evalues.
[COMPARE][deep_learning][fcae] Progression : 70/100 signaux evalues.
[COMPARE][deep_learning][fcae] Progression : 80/100 signaux evalues.
[COMPARE][deep_learning][fcae] Progression : 90/100 signaux evalues.
[COMPARE][deep_learning][fcae] Progression : 100/100 signaux evalues.
[COMPARE][deep_learning][fcae] MSE=1.5212e-05 SNR=-5.0873e+00 Temps=0.0627s (6.2708e-04s/signal) (poids: runs/fcae/unrolling/data_1/20260827-120221_full/checkpoints/best_model.pt)
[COMPARE][deep_learning][fcun] Progression : 10/100 signaux evalues.
[COMPARE][deep_learning][fcun] Progression : 20/100 signaux evalues.
[COMPARE][deep_learning][fcun] Progression : 30/100 signaux evalues.
[COMPARE][deep_learning][fcun] Progression : 40/100 signaux evalues.
[COMPARE][deep_learning][fcun] Progression : 50/100 signaux evalues.
[COMPARE][deep_learning][fcun] Progression : 60/100 signaux evalues.
[COMPARE][deep_learning][fcun] Progression : 70/100 signaux evalues.
[COMPARE][deep_learning][fcun] Progression : 80/100 signaux evalues.
[COMPARE][deep_learning][fcun] Progression : 90/100 signaux evalues.
[COMPARE][deep_learning][fcun] Progression : 100/100 signaux evalues.
[COMPARE][deep_learning][fcun] MSE=1.0681e-05 SNR=-8.2625e+00 Temps=0.1081s (1.0809e-03s/signal) (poids: runs/fcun/unrolling/data_1/20260827-120235_full/checkpoints/best_model.pt)
[COMPARE][deep_learning][fctn] Progression : 10/100 signaux evalues.
[COMPARE][deep_learning][fctn] Progression : 20/100 signaux evalues.
[COMPARE][deep_learning][fctn] Progression : 30/100 signaux evalues.
[COMPARE][deep_learning][fctn] Progression : 40/100 signaux evalues.
[COMPARE][deep_learning][fctn] Progression : 50/100 signaux evalues.
[COMPARE][deep_learning][fctn] Progression : 60/100 signaux evalues.
[COMPARE][deep_learning][fctn] Progression : 70/100 signaux evalues.
[COMPARE][deep_learning][fctn] Progression : 80/100 signaux evalues.
[COMPARE][deep_learning][fctn] Progression : 90/100 signaux evalues.
[COMPARE][deep_learning][fctn] Progression : 100/100 signaux evalues.
[COMPARE][deep_learning][fctn] MSE=1.9310e-05 SNR=-2.7397e+00 Temps=0.1889s (1.8894e-03s/signal) (poids: runs/fctn/unrolling/data_1/20260827-120230_full/checkpoints/best_model.pt)
[COMPARE] Graphique sauvegarde : runs/compare/run_set_527534/data_1/20260904-021755_compare/plots/signals/compare_signal_81_p3mg_unrolling.png
[COMPARE] Graphique sauvegarde : runs/compare/run_set_527534/data_1/20260904-021755_compare/plots/signals/compare_signal_81_hq_unrolling.png
[COMPARE] Graphique sauvegarde : runs/compare/run_set_527534/data_1/20260904-021755_compare/plots/signals/compare_signal_81_p3mg_random_search.png
[COMPARE] Graphique sauvegarde : runs/compare/run_set_527534/data_1/20260904-021755_compare/plots/signals/compare_signal_81_ista_random_search.png
[COMPARE] Graphique sauvegarde : runs/compare/run_set_527534/data_1/20260904-021755_compare/plots/signals/compare_signal_81_hq_random_search.png
[COMPARE] Graphique sauvegarde : runs/compare/run_set_527534/data_1/20260904-021755_compare/plots/signals/compare_signal_81_pd_random_search.png
[COMPARE] Graphique sauvegarde : runs/compare/run_set_527534/data_1/20260904-021755_compare/plots/signals/compare_signal_81_fcae_deep_learning.png
[COMPARE] Graphique sauvegarde : runs/compare/run_set_527534/data_1/20260904-021755_compare/plots/signals/compare_signal_81_fcun_deep_learning.png
[COMPARE] Graphique sauvegarde : runs/compare/run_set_527534/data_1/20260904-021755_compare/plots/signals/compare_signal_81_fctn_deep_learning.png
[COMPARE] Graphique recapitulatif sauvegarde : runs/compare/run_set_527534/data_1/20260904-021755_compare/plots/compare_summary_81.png
[COMPARE] Graphique de temps sauvegarde : runs/compare/run_set_527534/data_1/20260904-021755_compare/plots/compare_timing.png
[COMPARE] Rapport CSV sauvegarde : runs/compare/run_set_527534/data_1/20260904-021755_compare/logs/compare_report.csv
[COMPARE] Rapport JSON sauvegarde : runs/compare/run_set_527534/data_1/20260904-021755_compare/logs/compare_report.json
[COMPARE] Rapport texte sauvegarde : runs/compare/run_set_527534/data_1/20260904-021755_compare/logs/compare_report.txt

=== Exécution Terminée ===
=== [COMPARE] Dataset: data_2 ===
[INFO] Exécution verrouillée sur le GPU : 0
[AVERTISSEMENT] Paramètre 'train' du YAML non reconnu par argparse.
[AVERTISSEMENT] Paramètre 'val' du YAML non reconnu par argparse.
[AVERTISSEMENT] Paramètre 'test' du YAML non reconnu par argparse.
[AVERTISSEMENT] Paramètre 'save_dir' du YAML non reconnu par argparse.
[AVERTISSEMENT] Paramètre 'train_batch_size' du YAML non reconnu par argparse.
[AVERTISSEMENT] Paramètre 'val_batch_size' du YAML non reconnu par argparse.
[AVERTISSEMENT] Paramètre 'test_batch_size' du YAML non reconnu par argparse.
[AVERTISSEMENT] Paramètre 'Loss' du YAML non reconnu par argparse.
[AVERTISSEMENT] Paramètre 'number_layers' du YAML non reconnu par argparse.
[AVERTISSEMENT] Paramètre 'number_pd_layers' du YAML non reconnu par argparse.
[AVERTISSEMENT] Paramètre 'resume' du YAML non reconnu par argparse.
=== Lancement : P3MG | Stratégie : UNROLLING | Mode : COMPARE ===
--- Préparation des DataLoaders ---
[INFO] Chargement des données depuis : ./Dataset/data_2
[INFO] Instanciation des MyDataset...
[INFO] Train: 800 | Val: 100 | Test: 100
[INFO] Résultats sauvegardés dans : runs/compare/run_set_527534/data_2/20260904-043409_compare
--- [COMPARE] Evaluation complete du jeu de test (100 signaux) | Data: data_2 ---
[COMPARE][unrolling][p3mg] Progression : 10/100 signaux evalues.
[COMPARE][unrolling][p3mg] Progression : 20/100 signaux evalues.
[COMPARE][unrolling][p3mg] Progression : 30/100 signaux evalues.
[COMPARE][unrolling][p3mg] Progression : 40/100 signaux evalues.
[COMPARE][unrolling][p3mg] Progression : 50/100 signaux evalues.
[COMPARE][unrolling][p3mg] Progression : 60/100 signaux evalues.
[COMPARE][unrolling][p3mg] Progression : 70/100 signaux evalues.
[COMPARE][unrolling][p3mg] Progression : 80/100 signaux evalues.
[COMPARE][unrolling][p3mg] Progression : 90/100 signaux evalues.
[COMPARE][unrolling][p3mg] Progression : 100/100 signaux evalues.
[COMPARE][unrolling][p3mg] MSE=8.4314e-06 SNR=-2.8464e+00 Temps=43.1699s (4.3170e-01s/signal) (poids: runs/p3mg/unrolling/data_2/20260826-224854_full/checkpoints/best_model.pt)
[COMPARE][unrolling][hq] Progression : 10/100 signaux evalues.
[COMPARE][unrolling][hq] Progression : 20/100 signaux evalues.
[COMPARE][unrolling][hq] Progression : 30/100 signaux evalues.
[COMPARE][unrolling][hq] Progression : 40/100 signaux evalues.
[COMPARE][unrolling][hq] Progression : 50/100 signaux evalues.
[COMPARE][unrolling][hq] Progression : 60/100 signaux evalues.
[COMPARE][unrolling][hq] Progression : 70/100 signaux evalues.
[COMPARE][unrolling][hq] Progression : 80/100 signaux evalues.
[COMPARE][unrolling][hq] Progression : 90/100 signaux evalues.
[COMPARE][unrolling][hq] Progression : 100/100 signaux evalues.
[COMPARE][unrolling][hq] MSE=8.9645e-06 SNR=-2.2683e+00 Temps=4.0807s (4.0807e-02s/signal) (poids: runs/hq/unrolling/data_2/20260827-011452_full/checkpoints/best_model.pt)
[COMPARE][random_search][p3mg] Debut evaluation : 100 signaux, 5000 iterations/signal.
[COMPARE][random_search][p3mg] Progression : 10/100 signaux evalues.
[COMPARE][random_search][p3mg] Progression : 20/100 signaux evalues.
[COMPARE][random_search][p3mg] Progression : 30/100 signaux evalues.
[COMPARE][random_search][p3mg] Progression : 40/100 signaux evalues.
[COMPARE][random_search][p3mg] Progression : 50/100 signaux evalues.
[COMPARE][random_search][p3mg] Progression : 60/100 signaux evalues.
[COMPARE][random_search][p3mg] Progression : 70/100 signaux evalues.
[COMPARE][random_search][p3mg] Progression : 80/100 signaux evalues.
[COMPARE][random_search][p3mg] Progression : 90/100 signaux evalues.
[COMPARE][random_search][p3mg] Progression : 100/100 signaux evalues.
[COMPARE][random_search][p3mg] MSE=8.4352e-06 SNR=-2.9098e+00 Temps=6988.2117s (6.9882e+01s/signal) (params: runs/p3mg/random_search/data_2/20260903-194228_train/checkpoints/best_params.json)
[COMPARE][random_search][ista] Debut evaluation : 100 signaux, 5000 iterations/signal.
[COMPARE][random_search][ista] Progression : 10/100 signaux evalues.
[COMPARE][random_search][ista] Progression : 20/100 signaux evalues.
[COMPARE][random_search][ista] Progression : 30/100 signaux evalues.
[COMPARE][random_search][ista] Progression : 40/100 signaux evalues.
[COMPARE][random_search][ista] Progression : 50/100 signaux evalues.
[COMPARE][random_search][ista] Progression : 60/100 signaux evalues.
[COMPARE][random_search][ista] Progression : 70/100 signaux evalues.
[COMPARE][random_search][ista] Progression : 80/100 signaux evalues.
[COMPARE][random_search][ista] Progression : 90/100 signaux evalues.
[COMPARE][random_search][ista] Progression : 100/100 signaux evalues.
[COMPARE][random_search][ista] MSE=1.0470e-05 SNR=-8.9495e-01 Temps=76.1369s (7.6137e-01s/signal) (params: runs/ista/random_search/data_2/20260903-195515_train/checkpoints/best_params.json)
[COMPARE][random_search][hq] Debut evaluation : 100 signaux, 5000 iterations/signal.
[COMPARE][random_search][hq] Progression : 10/100 signaux evalues.
[COMPARE][random_search][hq] Progression : 20/100 signaux evalues.
[COMPARE][random_search][hq] Progression : 30/100 signaux evalues.
[COMPARE][random_search][hq] Progression : 40/100 signaux evalues.
[COMPARE][random_search][hq] Progression : 50/100 signaux evalues.
[COMPARE][random_search][hq] Progression : 60/100 signaux evalues.
[COMPARE][random_search][hq] Progression : 70/100 signaux evalues.
[COMPARE][random_search][hq] Progression : 80/100 signaux evalues.
[COMPARE][random_search][hq] Progression : 90/100 signaux evalues.
[COMPARE][random_search][hq] Progression : 100/100 signaux evalues.
[COMPARE][random_search][hq] MSE=8.9616e-06 SNR=-2.2715e+00 Temps=536.8972s (5.3690e+00s/signal) (params: runs/hq/random_search/data_2/20260827-012250_full/checkpoints/best_params.json)
[COMPARE][random_search][pd] Debut evaluation : 100 signaux, 5000 iterations/signal.
[COMPARE][random_search][pd] Progression : 10/100 signaux evalues.
[COMPARE][random_search][pd] Progression : 20/100 signaux evalues.
[COMPARE][random_search][pd] Progression : 30/100 signaux evalues.
[COMPARE][random_search][pd] Progression : 40/100 signaux evalues.
[COMPARE][random_search][pd] Progression : 50/100 signaux evalues.
[COMPARE][random_search][pd] Progression : 60/100 signaux evalues.
[COMPARE][random_search][pd] Progression : 70/100 signaux evalues.
[COMPARE][random_search][pd] Progression : 80/100 signaux evalues.
[COMPARE][random_search][pd] Progression : 90/100 signaux evalues.
[COMPARE][random_search][pd] Progression : 100/100 signaux evalues.
[COMPARE][random_search][pd] MSE=8.2659e-06 SNR=-3.0300e+00 Temps=361.8699s (3.6187e+00s/signal) (params: runs/pd/random_search/data_2/20260827-013430_full/checkpoints/best_params.json)
[COMPARE][deep_learning][fcae] Progression : 10/100 signaux evalues.
[COMPARE][deep_learning][fcae] Progression : 20/100 signaux evalues.
[COMPARE][deep_learning][fcae] Progression : 30/100 signaux evalues.
[COMPARE][deep_learning][fcae] Progression : 40/100 signaux evalues.
[COMPARE][deep_learning][fcae] Progression : 50/100 signaux evalues.
[COMPARE][deep_learning][fcae] Progression : 60/100 signaux evalues.
[COMPARE][deep_learning][fcae] Progression : 70/100 signaux evalues.
[COMPARE][deep_learning][fcae] Progression : 80/100 signaux evalues.
[COMPARE][deep_learning][fcae] Progression : 90/100 signaux evalues.
[COMPARE][deep_learning][fcae] Progression : 100/100 signaux evalues.
[COMPARE][deep_learning][fcae] MSE=7.3942e-06 SNR=-4.0031e+00 Temps=0.0626s (6.2599e-04s/signal) (poids: runs/fcae/unrolling/data_2/20260827-120300_full/checkpoints/best_model.pt)
[COMPARE][deep_learning][fcun] Progression : 10/100 signaux evalues.
[COMPARE][deep_learning][fcun] Progression : 20/100 signaux evalues.
[COMPARE][deep_learning][fcun] Progression : 30/100 signaux evalues.
[COMPARE][deep_learning][fcun] Progression : 40/100 signaux evalues.
[COMPARE][deep_learning][fcun] Progression : 50/100 signaux evalues.
[COMPARE][deep_learning][fcun] Progression : 60/100 signaux evalues.
[COMPARE][deep_learning][fcun] Progression : 70/100 signaux evalues.
[COMPARE][deep_learning][fcun] Progression : 80/100 signaux evalues.
[COMPARE][deep_learning][fcun] Progression : 90/100 signaux evalues.
[COMPARE][deep_learning][fcun] Progression : 100/100 signaux evalues.
[COMPARE][deep_learning][fcun] MSE=6.7616e-06 SNR=-4.8724e+00 Temps=0.1084s (1.0836e-03s/signal) (poids: runs/fcun/unrolling/data_2/20260827-120340_full/checkpoints/best_model.pt)
[COMPARE][deep_learning][fctn] Progression : 10/100 signaux evalues.
[COMPARE][deep_learning][fctn] Progression : 20/100 signaux evalues.
[COMPARE][deep_learning][fctn] Progression : 30/100 signaux evalues.
[COMPARE][deep_learning][fctn] Progression : 40/100 signaux evalues.
[COMPARE][deep_learning][fctn] Progression : 50/100 signaux evalues.
[COMPARE][deep_learning][fctn] Progression : 60/100 signaux evalues.
[COMPARE][deep_learning][fctn] Progression : 70/100 signaux evalues.
[COMPARE][deep_learning][fctn] Progression : 80/100 signaux evalues.
[COMPARE][deep_learning][fctn] Progression : 90/100 signaux evalues.
[COMPARE][deep_learning][fctn] Progression : 100/100 signaux evalues.
[COMPARE][deep_learning][fctn] MSE=8.8004e-06 SNR=-2.4526e+00 Temps=0.1916s (1.9165e-03s/signal) (poids: runs/fctn/unrolling/data_2/20260827-120306_full/checkpoints/best_model.pt)
[COMPARE] Graphique sauvegarde : runs/compare/run_set_527534/data_2/20260904-043409_compare/plots/signals/compare_signal_81_p3mg_unrolling.png
[COMPARE] Graphique sauvegarde : runs/compare/run_set_527534/data_2/20260904-043409_compare/plots/signals/compare_signal_81_hq_unrolling.png
[COMPARE] Graphique sauvegarde : runs/compare/run_set_527534/data_2/20260904-043409_compare/plots/signals/compare_signal_81_p3mg_random_search.png
[COMPARE] Graphique sauvegarde : runs/compare/run_set_527534/data_2/20260904-043409_compare/plots/signals/compare_signal_81_ista_random_search.png
[COMPARE] Graphique sauvegarde : runs/compare/run_set_527534/data_2/20260904-043409_compare/plots/signals/compare_signal_81_hq_random_search.png
[COMPARE] Graphique sauvegarde : runs/compare/run_set_527534/data_2/20260904-043409_compare/plots/signals/compare_signal_81_pd_random_search.png
[COMPARE] Graphique sauvegarde : runs/compare/run_set_527534/data_2/20260904-043409_compare/plots/signals/compare_signal_81_fcae_deep_learning.png
[COMPARE] Graphique sauvegarde : runs/compare/run_set_527534/data_2/20260904-043409_compare/plots/signals/compare_signal_81_fcun_deep_learning.png
[COMPARE] Graphique sauvegarde : runs/compare/run_set_527534/data_2/20260904-043409_compare/plots/signals/compare_signal_81_fctn_deep_learning.png
[COMPARE] Graphique recapitulatif sauvegarde : runs/compare/run_set_527534/data_2/20260904-043409_compare/plots/compare_summary_81.png
[COMPARE] Graphique de temps sauvegarde : runs/compare/run_set_527534/data_2/20260904-043409_compare/plots/compare_timing.png
[COMPARE] Rapport CSV sauvegarde : runs/compare/run_set_527534/data_2/20260904-043409_compare/logs/compare_report.csv
[COMPARE] Rapport JSON sauvegarde : runs/compare/run_set_527534/data_2/20260904-043409_compare/logs/compare_report.json
[COMPARE] Rapport texte sauvegarde : runs/compare/run_set_527534/data_2/20260904-043409_compare/logs/compare_report.txt

=== Exécution Terminée ===
--- Runs bruts consolides sous : runs/compare/run_set_527534/ ---
--- Job de comparaison termine ---
