no change     /scratch/mkalla/miniconda3/condabin/conda
no change     /scratch/mkalla/miniconda3/bin/conda
no change     /scratch/mkalla/miniconda3/bin/conda-env
no change     /scratch/mkalla/miniconda3/bin/activate
no change     /scratch/mkalla/miniconda3/bin/deactivate
no change     /scratch/mkalla/miniconda3/etc/profile.d/conda.sh
no change     /scratch/mkalla/miniconda3/etc/fish/conf.d/conda.fish
no change     /scratch/mkalla/miniconda3/shell/condabin/Conda.psm1
no change     /scratch/mkalla/miniconda3/shell/condabin/conda-hook.ps1
no change     /scratch/mkalla/miniconda3/lib/python3.12/site-packages/xontrib/conda.xsh
no change     /scratch/mkalla/miniconda3/etc/profile.d/conda.csh
no change     /home/opis/mkalla/.bashrc
No action taken.
--- Demarrage du Job Slurm ID: 515821 ---
--- Modele: P3MG (sans FC_block) | Data: data_0 | Run tag: no_fc_block ---
[INFO] Exécution verrouillée sur le GPU : 0
[AVERTISSEMENT] Paramètre 'train' du YAML non reconnu par argparse.
[AVERTISSEMENT] Paramètre 'val' du YAML non reconnu par argparse.
[AVERTISSEMENT] Paramètre 'test' du YAML non reconnu par argparse.
[AVERTISSEMENT] Paramètre 'save_dir' du YAML non reconnu par argparse.
[AVERTISSEMENT] Paramètre 'train_batch_size' du YAML non reconnu par argparse.
[AVERTISSEMENT] Paramètre 'val_batch_size' du YAML non reconnu par argparse.
[AVERTISSEMENT] Paramètre 'test_batch_size' du YAML non reconnu par argparse.
[AVERTISSEMENT] Paramètre 'Loss' du YAML non reconnu par argparse.
[AVERTISSEMENT] Paramètre 'number_layers' du YAML non reconnu par argparse.
[AVERTISSEMENT] Paramètre 'number_pd_layers' du YAML non reconnu par argparse.
[AVERTISSEMENT] Paramètre 'resume' du YAML non reconnu par argparse.
=== Lancement : P3MG | Stratégie : UNROLLING | Mode : FULL ===
--- Préparation des DataLoaders ---
[INFO] Chargement des données depuis : ./Dataset/data_0
[INFO] Instanciation des MyDataset...
[INFO] Train: 800 | Val: 100 | Test: 100
[INFO] Résultats sauvegardés dans : runs/p3mg/unrolling/no_fc_block/20260902-132420_full
[INFO] Modèle P3MG instancié.
--- [TRAIN] P3MG (UNROLLING) | Epochs: 50 | Loss: MSE ---
Ep 1/50 | Tr: 1.7747e-05 | Val: 1.6103e-05 | T: 193.1s
Ep 2/50 | Tr: 1.7065e-05 | Val: 1.5461e-05 | T: 192.8s
Ep 3/50 | Tr: 1.6405e-05 | Val: 1.4883e-05 | T: 192.8s
Ep 4/50 | Tr: 1.6242e-05 | Val: 1.4936e-05 | T: 192.8s
Ep 5/50 | Tr: 1.5970e-05 | Val: 1.4713e-05 | T: 192.2s
Ep 6/50 | Tr: 1.5612e-05 | Val: 1.4192e-05 | T: 194.3s
Ep 7/50 | Tr: 1.5603e-05 | Val: 1.4541e-05 | T: 194.2s
Ep 8/50 | Tr: 1.5252e-05 | Val: 1.3932e-05 | T: 194.5s
Ep 9/50 | Tr: 1.4883e-05 | Val: 1.3672e-05 | T: 193.4s
Ep 10/50 | Tr: 1.4760e-05 | Val: 1.3733e-05 | T: 194.0s
Ep 11/50 | Tr: 1.4638e-05 | Val: 1.3607e-05 | T: 195.2s
Ep 12/50 | Tr: 1.4565e-05 | Val: 1.3765e-05 | T: 194.1s
Ep 13/50 | Tr: 1.4505e-05 | Val: 1.3698e-05 | T: 194.4s
Ep 14/50 | Tr: 1.4470e-05 | Val: 1.3651e-05 | T: 195.3s
Ep 15/50 | Tr: 1.4390e-05 | Val: 1.3264e-05 | T: 194.2s
Ep 16/50 | Tr: 1.4463e-05 | Val: 1.3323e-05 | T: 194.7s
Ep 17/50 | Tr: 1.4455e-05 | Val: 1.3605e-05 | T: 195.2s
Ep 18/50 | Tr: 1.4385e-05 | Val: 1.3545e-05 | T: 194.7s
Ep 19/50 | Tr: 1.4346e-05 | Val: 1.3521e-05 | T: 193.9s
Ep 20/50 | Tr: 1.4318e-05 | Val: 1.3493e-05 | T: 194.2s
Ep 21/50 | Tr: 1.4307e-05 | Val: 1.3502e-05 | T: 202.4s
Ep 22/50 | Tr: 1.4293e-05 | Val: 1.3423e-05 | T: 194.5s
Ep 23/50 | Tr: 1.4288e-05 | Val: 1.3421e-05 | T: 194.2s
Ep 24/50 | Tr: 1.4250e-05 | Val: 1.3415e-05 | T: 195.8s
Ep 25/50 | Tr: 1.4233e-05 | Val: 1.3398e-05 | T: 195.1s
Ep 26/50 | Tr: 1.4226e-05 | Val: 1.3351e-05 | T: 200.6s
Ep 27/50 | Tr: 1.4192e-05 | Val: 1.3347e-05 | T: 195.7s
Ep 28/50 | Tr: 1.4225e-05 | Val: 1.3305e-05 | T: 194.3s
Ep 29/50 | Tr: 1.4302e-05 | Val: 1.3259e-05 | T: 196.1s
Ep 30/50 | Tr: 1.4276e-05 | Val: 1.3300e-05 | T: 195.2s
Ep 31/50 | Tr: 1.4270e-05 | Val: 1.3286e-05 | T: 201.2s
Ep 32/50 | Tr: 1.4267e-05 | Val: 1.3289e-05 | T: 203.1s
Ep 33/50 | Tr: 1.4260e-05 | Val: 1.3251e-05 | T: 197.2s
Ep 34/50 | Tr: 1.4236e-05 | Val: 1.3173e-05 | T: 201.9s
Ep 35/50 | Tr: 1.4259e-05 | Val: 1.3192e-05 | T: 201.4s
Ep 36/50 | Tr: 1.4246e-05 | Val: 1.3250e-05 | T: 204.7s
Ep 37/50 | Tr: 1.4226e-05 | Val: 1.3233e-05 | T: 204.4s
Ep 38/50 | Tr: 1.4225e-05 | Val: 1.3227e-05 | T: 205.3s
Ep 39/50 | Tr: 1.4214e-05 | Val: 1.3230e-05 | T: 205.1s
Ep 40/50 | Tr: 1.4208e-05 | Val: 1.3244e-05 | T: 205.5s
Ep 41/50 | Tr: 1.4203e-05 | Val: 1.3241e-05 | T: 4524.1s
Ep 42/50 | Tr: 1.4247e-05 | Val: 1.3208e-05 | T: 193.6s
Ep 43/50 | Tr: 1.4241e-05 | Val: 1.3226e-05 | T: 193.1s
Ep 44/50 | Tr: 1.4238e-05 | Val: 1.3335e-05 | T: 192.5s
Ep 45/50 | Tr: 1.4211e-05 | Val: 1.3327e-05 | T: 191.2s
Ep 46/50 | Tr: 1.4196e-05 | Val: 1.3326e-05 | T: 192.2s
Ep 47/50 | Tr: 1.4197e-05 | Val: 1.3330e-05 | T: 193.1s
Ep 48/50 | Tr: 1.4194e-05 | Val: 1.3182e-05 | T: 194.3s
Ep 49/50 | Tr: 1.4205e-05 | Val: 1.3154e-05 | T: 194.2s
Ep 50/50 | Tr: 1.4229e-05 | Val: 1.3139e-05 | T: 194.2s
[MEM-PROFILE] train_p3mg_unrolling | Duree: 14267.1s | CPU peak: 20.32 MB | GPU peak alloc: 920.93 MB | GPU peak reserve: 938.00 MB
--- [TRAIN] Terminé en 237.79 min ---
--- [TEST] P3MG (UNROLLING) | Metric: MSE | Samples: 100 ---
[INFO] Chargement des poids depuis : runs/p3mg/unrolling/no_fc_block/20260902-132420_full/checkpoints/best_model.pt
[RESULT] Mean MSE: 1.6127e-05 | Median: 1.5540e-05 | Std: 7.3643e-06 | Best: 5.0783e-06 | Worst: 3.8613e-05

=== Exécution Terminée ===
--- Job P3MG (sans FC_block) termine ---
