no change     /scratch/mkalla/miniconda3/condabin/conda
no change     /scratch/mkalla/miniconda3/bin/conda
no change     /scratch/mkalla/miniconda3/bin/conda-env
no change     /scratch/mkalla/miniconda3/bin/activate
no change     /scratch/mkalla/miniconda3/bin/deactivate
no change     /scratch/mkalla/miniconda3/etc/profile.d/conda.sh
no change     /scratch/mkalla/miniconda3/etc/fish/conf.d/conda.fish
no change     /scratch/mkalla/miniconda3/shell/condabin/Conda.psm1
no change     /scratch/mkalla/miniconda3/shell/condabin/conda-hook.ps1
no change     /scratch/mkalla/miniconda3/lib/python3.12/site-packages/xontrib/conda.xsh
no change     /scratch/mkalla/miniconda3/etc/profile.d/conda.csh
no change     /home/opis/mkalla/.bashrc
No action taken.
--- Job Slurm ID: 510961 | Quick Compare | Data: data_0 ---
[QUICK_COMPARE] Signal selectionne : index 78 / 100 (data_folder=data_0)
[QUICK_COMPARE] Resultats sauvegardes dans : quick_compare_results/job_510961/20260831-144910_signal78
[QUICK_COMPARE] Sauvegarde : quick_compare_results/job_510961/20260831-144910_signal78/p3mg_unrolling.png
[QUICK_COMPARE] Sauvegarde : quick_compare_results/job_510961/20260831-144910_signal78/ista_unrolling.png
[QUICK_COMPARE] Sauvegarde : quick_compare_results/job_510961/20260831-144910_signal78/hq_unrolling.png
[QUICK_COMPARE] Sauvegarde : quick_compare_results/job_510961/20260831-144910_signal78/pd_unrolling.png
[QUICK_COMPARE] Sauvegarde : quick_compare_results/job_510961/20260831-144910_signal78/pmms_unrolling.png
[QUICK_COMPARE] Sauvegarde : quick_compare_results/job_510961/20260831-144910_signal78/p3mg_random_search.png
[QUICK_COMPARE] Sauvegarde : quick_compare_results/job_510961/20260831-144910_signal78/ista_random_search.png
[QUICK_COMPARE] Sauvegarde : quick_compare_results/job_510961/20260831-144910_signal78/hq_random_search.png
[QUICK_COMPARE] Sauvegarde : quick_compare_results/job_510961/20260831-144910_signal78/pd_random_search.png
[QUICK_COMPARE] Sauvegarde : quick_compare_results/job_510961/20260831-144910_signal78/pmms_random_search.png
[QUICK_COMPARE] Sauvegarde : quick_compare_results/job_510961/20260831-144910_signal78/fcae_deep_learning.png
[QUICK_COMPARE] Sauvegarde : quick_compare_results/job_510961/20260831-144910_signal78/fctn_deep_learning.png
[QUICK_COMPARE] Sauvegarde : quick_compare_results/job_510961/20260831-144910_signal78/fcun_deep_learning.png
[QUICK_COMPARE] Sauvegarde : quick_compare_results/job_510961/20260831-144910_signal78/resu_deep_learning.png
[QUICK_COMPARE] Termine.
--- Job termine ---
