no change     /scratch/mkalla/miniconda3/condabin/conda
no change     /scratch/mkalla/miniconda3/bin/conda
no change     /scratch/mkalla/miniconda3/bin/conda-env
no change     /scratch/mkalla/miniconda3/bin/activate
no change     /scratch/mkalla/miniconda3/bin/deactivate
no change     /scratch/mkalla/miniconda3/etc/profile.d/conda.sh
no change     /scratch/mkalla/miniconda3/etc/fish/conf.d/conda.fish
no change     /scratch/mkalla/miniconda3/shell/condabin/Conda.psm1
no change     /scratch/mkalla/miniconda3/shell/condabin/conda-hook.ps1
no change     /scratch/mkalla/miniconda3/lib/python3.12/site-packages/xontrib/conda.xsh
no change     /scratch/mkalla/miniconda3/etc/profile.d/conda.csh
no change     /home/opis/mkalla/.bashrc
No action taken.
--- Job Slurm ID: 524891 | Quick Compare | Data: data_2 ---
[QUICK_COMPARE] Signal selectionne : index 63 / 100 (data_folder=data_2)
[QUICK_COMPARE] Resultats sauvegardes dans : quick_compare_results/job_524891/20260903-140645_signal63
[QUICK_COMPARE] Sauvegarde : quick_compare_results/job_524891/20260903-140645_signal63/p3mg_unrolling.png
[QUICK_COMPARE] Sauvegarde : quick_compare_results/job_524891/20260903-140645_signal63/hq_unrolling.png
[QUICK_COMPARE] Sauvegarde : quick_compare_results/job_524891/20260903-140645_signal63/p3mg_random_search.png
[QUICK_COMPARE] Sauvegarde : quick_compare_results/job_524891/20260903-140645_signal63/ista_random_search.png
[QUICK_COMPARE] Sauvegarde : quick_compare_results/job_524891/20260903-140645_signal63/hq_random_search.png
[QUICK_COMPARE] Sauvegarde : quick_compare_results/job_524891/20260903-140645_signal63/pd_random_search.png
[QUICK_COMPARE] Sauvegarde : quick_compare_results/job_524891/20260903-140645_signal63/fcae_deep_learning.png
[QUICK_COMPARE] Sauvegarde : quick_compare_results/job_524891/20260903-140645_signal63/fcun_deep_learning.png
[QUICK_COMPARE] Sauvegarde : quick_compare_results/job_524891/20260903-140645_signal63/fctn_deep_learning.png
Mini-rapport de comparaison - signal index 63 (data_folder=data_2)
----------------------------------------------------------------
Methode             Strategie             SNR (dB)           MSE
----------------------------------------------------------------
p3mg                random_search          -0.7486    1.1320e-05
pd                  random_search          -0.8787    1.1152e-05
p3mg                unrolling              -1.0365    1.0951e-05
hq                  random_search          -1.1739    1.0779e-05
hq                  unrolling              -1.2083    1.0737e-05
ista                random_search          -1.4412    1.0453e-05
fctn                deep_learning          -2.3082    9.4596e-06
fcae                deep_learning          -4.5808    7.2819e-06
fcun                deep_learning          -5.0138    6.9278e-06
----------------------------------------------------------------
[QUICK_COMPARE] Mini-rapport sauvegarde : quick_compare_results/job_524891/20260903-140645_signal63/report.txt / quick_compare_results/job_524891/20260903-140645_signal63/report.csv
[QUICK_COMPARE] Termine.
--- Job termine ---
