no change     /scratch/mkalla/miniconda3/condabin/conda
no change     /scratch/mkalla/miniconda3/bin/conda
no change     /scratch/mkalla/miniconda3/bin/conda-env
no change     /scratch/mkalla/miniconda3/bin/activate
no change     /scratch/mkalla/miniconda3/bin/deactivate
no change     /scratch/mkalla/miniconda3/etc/profile.d/conda.sh
no change     /scratch/mkalla/miniconda3/etc/fish/conf.d/conda.fish
no change     /scratch/mkalla/miniconda3/shell/condabin/Conda.psm1
no change     /scratch/mkalla/miniconda3/shell/condabin/conda-hook.ps1
no change     /scratch/mkalla/miniconda3/lib/python3.12/site-packages/xontrib/conda.xsh
no change     /scratch/mkalla/miniconda3/etc/profile.d/conda.csh
no change     /home/opis/mkalla/.bashrc
No action taken.
--- Nombre total de combinaisons definies : 12 ---
--- Job Slurm ID: 543976 | Tache: 0/12 ---
--- Modele: p3mg | Strategie: unrolling | Dataset: data_1 | Mode: full ---
--- Arguments specifiques : --num_layers 30 --num_pd_layers 10 ---
[INFO] Exécution verrouillée sur le GPU : 0
[AVERTISSEMENT] Paramètre 'train' du YAML non reconnu par argparse.
[AVERTISSEMENT] Paramètre 'val' du YAML non reconnu par argparse.
[AVERTISSEMENT] Paramètre 'test' du YAML non reconnu par argparse.
[AVERTISSEMENT] Paramètre 'save_dir' du YAML non reconnu par argparse.
[AVERTISSEMENT] Paramètre 'train_batch_size' du YAML non reconnu par argparse.
[AVERTISSEMENT] Paramètre 'val_batch_size' du YAML non reconnu par argparse.
[AVERTISSEMENT] Paramètre 'test_batch_size' du YAML non reconnu par argparse.
[AVERTISSEMENT] Paramètre 'Loss' du YAML non reconnu par argparse.
[AVERTISSEMENT] Paramètre 'number_layers' du YAML non reconnu par argparse.
[AVERTISSEMENT] Paramètre 'number_pd_layers' du YAML non reconnu par argparse.
[AVERTISSEMENT] Paramètre 'resume' du YAML non reconnu par argparse.
=== Lancement : P3MG | Stratégie : UNROLLING | Mode : FULL ===
--- Préparation des DataLoaders ---
[INFO] Chargement des données depuis : ./Dataset/data_1
[INFO] Instanciation des MyDataset...
[INFO] Train: 800 | Val: 100 | Test: 100
[INFO] Résultats sauvegardés dans : runs/p3mg/unrolling/data_1/20260906-171601_full
[INFO] Modèle P3MG instancié.
--- [TRAIN] P3MG (UNROLLING) | Epochs: 50 | Loss: MSE ---
Ep 1/50 | Tr: 1.9727e-05 | Val: 1.8962e-05 | T: 411.9s
Ep 2/50 | Tr: 1.5565e-05 | Val: 1.2839e-05 | T: 410.7s
Ep 3/50 | Tr: 1.4995e-05 | Val: 1.4322e-05 | T: 405.3s
Ep 4/50 | Tr: 1.4838e-05 | Val: 1.1287e-05 | T: 409.1s
Ep 5/50 | Tr: 1.1186e-05 | Val: 9.4668e-06 | T: 411.8s
Ep 6/50 | Tr: 1.0182e-05 | Val: 9.5283e-06 | T: 411.5s
Ep 7/50 | Tr: 9.9173e-06 | Val: 9.1823e-06 | T: 409.5s
Ep 8/50 | Tr: 9.6819e-06 | Val: 8.8764e-06 | T: 411.5s
Ep 9/50 | Tr: 9.4918e-06 | Val: 8.7677e-06 | T: 410.4s
Ep 10/50 | Tr: 9.4168e-06 | Val: 8.6821e-06 | T: 412.7s
Ep 11/50 | Tr: 9.3690e-06 | Val: 9.9632e-06 | T: 412.5s
Ep 12/50 | Tr: 1.0593e-05 | Val: 9.1989e-06 | T: 413.2s
Ep 13/50 | Tr: 9.7299e-06 | Val: 8.9080e-06 | T: 404.1s
Ep 14/50 | Tr: 9.6662e-06 | Val: 8.9947e-06 | T: 409.3s
Ep 15/50 | Tr: 9.4441e-06 | Val: 8.7457e-06 | T: 412.3s
Ep 16/50 | Tr: 9.3256e-06 | Val: 8.6205e-06 | T: 412.9s
Ep 17/50 | Tr: 9.2269e-06 | Val: 8.8558e-06 | T: 411.1s
Ep 18/50 | Tr: 9.3886e-06 | Val: 8.4410e-06 | T: 410.1s
Ep 19/50 | Tr: 9.1490e-06 | Val: 1.0076e-05 | T: 411.4s
Ep 20/50 | Tr: 1.6816e-05 | Val: 1.3559e-05 | T: 409.2s
Ep 21/50 | Tr: 1.3264e-05 | Val: 1.1773e-05 | T: 412.1s
Ep 22/50 | Tr: 1.2098e-05 | Val: 1.0852e-05 | T: 408.6s
Ep 23/50 | Tr: 1.0987e-05 | Val: 1.0087e-05 | T: 401.9s
Ep 24/50 | Tr: 1.0982e-05 | Val: 9.7743e-06 | T: 410.5s
Ep 25/50 | Tr: 1.0561e-05 | Val: 9.7177e-06 | T: 410.3s
Ep 26/50 | Tr: 1.0483e-05 | Val: 9.6780e-06 | T: 411.2s
Ep 27/50 | Tr: 1.0445e-05 | Val: 9.6261e-06 | T: 411.2s
Ep 28/50 | Tr: 1.0408e-05 | Val: 9.6248e-06 | T: 401.7s
Ep 29/50 | Tr: 1.0365e-05 | Val: 9.5808e-06 | T: 409.3s
Ep 30/50 | Tr: 1.0325e-05 | Val: 9.5229e-06 | T: 410.3s
Ep 31/50 | Tr: 1.0283e-05 | Val: 9.5272e-06 | T: 409.9s
Ep 32/50 | Tr: 1.0260e-05 | Val: 9.4982e-06 | T: 411.7s
Ep 33/50 | Tr: 1.0230e-05 | Val: 9.4732e-06 | T: 412.0s
Ep 34/50 | Tr: 1.0016e-05 | Val: 9.1380e-06 | T: 411.5s
Ep 35/50 | Tr: 9.7822e-06 | Val: 9.0823e-06 | T: 412.5s
Ep 36/50 | Tr: 9.7514e-06 | Val: 9.1069e-06 | T: 405.8s
Ep 37/50 | Tr: 9.7474e-06 | Val: 9.0780e-06 | T: 410.5s
Ep 38/50 | Tr: 9.7343e-06 | Val: 9.0607e-06 | T: 412.6s
Ep 39/50 | Tr: 9.7361e-06 | Val: 9.0694e-06 | T: 413.0s
Ep 40/50 | Tr: 9.7269e-06 | Val: 9.0719e-06 | T: 412.5s
Ep 41/50 | Tr: 9.7199e-06 | Val: 9.0714e-06 | T: 410.7s
Ep 42/50 | Tr: 9.7094e-06 | Val: 9.0687e-06 | T: 409.8s
Ep 43/50 | Tr: 9.7047e-06 | Val: 9.0662e-06 | T: 404.8s
Ep 44/50 | Tr: 9.7134e-06 | Val: 9.0502e-06 | T: 412.1s
Ep 45/50 | Tr: 9.6984e-06 | Val: 9.0543e-06 | T: 411.9s
Ep 46/50 | Tr: 9.6931e-06 | Val: 9.0391e-06 | T: 409.5s
Ep 47/50 | Tr: 9.6898e-06 | Val: 9.0449e-06 | T: 409.7s
Ep 48/50 | Tr: 9.6864e-06 | Val: 9.0397e-06 | T: 403.1s
Ep 49/50 | Tr: 9.6777e-06 | Val: 9.0394e-06 | T: 411.7s
Ep 50/50 | Tr: 9.6764e-06 | Val: 9.0344e-06 | T: 412.4s
[MEM-PROFILE] train_p3mg_unrolling | Duree: 20799.4s | CPU peak: 20.79 MB | GPU peak alloc: 880.50 MB | GPU peak reserve: 900.00 MB
--- [TRAIN] Terminé en 346.66 min ---
--- [TEST] P3MG (UNROLLING) | Metric: MSE | Samples: 100 ---
[INFO] Chargement des poids depuis : runs/p3mg/unrolling/data_1/20260906-171601_full/checkpoints/best_model.pt
[RESULT] Mean MSE: 9.0523e-06 | Median: 8.0827e-06 | Std: 5.2372e-06 | Best: 8.2117e-07 | Worst: 2.3800e-05

=== Exécution Terminée ===
--- Tache 0 (p3mg/unrolling/data_1) terminee ---
