no change     /scratch/mkalla/miniconda3/condabin/conda
no change     /scratch/mkalla/miniconda3/bin/conda
no change     /scratch/mkalla/miniconda3/bin/conda-env
no change     /scratch/mkalla/miniconda3/bin/activate
no change     /scratch/mkalla/miniconda3/bin/deactivate
no change     /scratch/mkalla/miniconda3/etc/profile.d/conda.sh
no change     /scratch/mkalla/miniconda3/etc/fish/conf.d/conda.fish
no change     /scratch/mkalla/miniconda3/shell/condabin/Conda.psm1
no change     /scratch/mkalla/miniconda3/shell/condabin/conda-hook.ps1
no change     /scratch/mkalla/miniconda3/lib/python3.12/site-packages/xontrib/conda.xsh
no change     /scratch/mkalla/miniconda3/etc/profile.d/conda.csh
no change     /home/opis/mkalla/.bashrc
No action taken.
--- Nombre total de combinaisons definies : 9 ---
--- Job Slurm ID: 550136 | Tache: 0/9 ---
--- Modele: pd | Strategie: random_search | Dataset: data_1 | Mode: full ---
--- Arguments specifiques : --num_layers 50 --algo_iters 5000 ---
[INFO] Exécution verrouillée sur le GPU : 0
[AVERTISSEMENT] Paramètre 'train' du YAML non reconnu par argparse.
[AVERTISSEMENT] Paramètre 'val' du YAML non reconnu par argparse.
[AVERTISSEMENT] Paramètre 'test' du YAML non reconnu par argparse.
[AVERTISSEMENT] Paramètre 'save_dir' du YAML non reconnu par argparse.
[AVERTISSEMENT] Paramètre 'train_batch_size' du YAML non reconnu par argparse.
[AVERTISSEMENT] Paramètre 'val_batch_size' du YAML non reconnu par argparse.
[AVERTISSEMENT] Paramètre 'test_batch_size' du YAML non reconnu par argparse.
[AVERTISSEMENT] Paramètre 'Loss' du YAML non reconnu par argparse.
[AVERTISSEMENT] Paramètre 'number_layers' du YAML non reconnu par argparse.
[AVERTISSEMENT] Paramètre 'number_pd_layers' du YAML non reconnu par argparse.
[AVERTISSEMENT] Paramètre 'resume' du YAML non reconnu par argparse.
=== Lancement : PD | Stratégie : RANDOM_SEARCH | Mode : FULL ===
--- Préparation des DataLoaders ---
[INFO] Chargement des données depuis : ./Dataset/data_1
[INFO] Instanciation des MyDataset...
[INFO] Train: 800 | Val: 100 | Test: 100
[INFO] Résultats sauvegardés dans : runs/pd/random_search/data_1/20260907-161855_full
--- [TRAIN] PD (RANDOM_SEARCH) | Trials: 100 | Loss: MSE ---
   [1/100] New Best! tau=1.0000 lambda_tau=6.0438e-04 | Loss=1.1420e-05
   [2/100] New Best! tau=1.0000 lambda_tau=1.6832e-09 | Loss=1.1355e-05
   [20/100] New Best! tau=1.0000 lambda_tau=1.1449e-09 | Loss=1.1355e-05
[MEM-PROFILE] train_pd_random_search | Duree: 2753.5s | CPU peak: 0.07 MB | GPU peak alloc: 17.53 MB | GPU peak reserve: 24.00 MB
[RESULT] Best Params: {'tau': 1.0, 'lambda_tau': np.float64(1.1448743836352926e-09)}
--- [TRAIN] Terminé en 45.89 min ---
--- [TEST] PD (RANDOM_SEARCH) | Metric: MSE | Samples: 100 ---
[INFO] Paramètres chargés depuis runs/pd/random_search/data_1/20260907-161855_full/checkpoints/best_params.json : {'tau': 1.0, 'lambda_tau': 1.1448743836352926e-09}
[INFO] Application sur 10 batchs avec tau=1.0000 lambda_tau=1.1449e-09...
[RESULT] Mean MSE: 9.1791e-06 | Median: 7.8422e-06 | Std: 5.3642e-06 | Best: 9.2739e-07 | Worst: 2.6183e-05

=== Exécution Terminée ===
--- Tache 0 (pd/random_search/data_1) terminee ---
