no change     /scratch/mkalla/miniconda3/condabin/conda
no change     /scratch/mkalla/miniconda3/bin/conda
no change     /scratch/mkalla/miniconda3/bin/conda-env
no change     /scratch/mkalla/miniconda3/bin/activate
no change     /scratch/mkalla/miniconda3/bin/deactivate
no change     /scratch/mkalla/miniconda3/etc/profile.d/conda.sh
no change     /scratch/mkalla/miniconda3/etc/fish/conf.d/conda.fish
no change     /scratch/mkalla/miniconda3/shell/condabin/Conda.psm1
no change     /scratch/mkalla/miniconda3/shell/condabin/conda-hook.ps1
no change     /scratch/mkalla/miniconda3/lib/python3.12/site-packages/xontrib/conda.xsh
no change     /scratch/mkalla/miniconda3/etc/profile.d/conda.csh
no change     /home/opis/mkalla/.bashrc
No action taken.
--- Nombre total de combinaisons definies : 12 ---
--- Job Slurm ID: 543975 | Tache: 11/12 ---
--- Modele: resu | Strategie: unrolling | Dataset: data_1 | Mode: full ---
--- Arguments specifiques : (aucun) ---
[INFO] Exécution verrouillée sur le GPU : 0
[AVERTISSEMENT] Paramètre 'train' du YAML non reconnu par argparse.
[AVERTISSEMENT] Paramètre 'val' du YAML non reconnu par argparse.
[AVERTISSEMENT] Paramètre 'test' du YAML non reconnu par argparse.
[AVERTISSEMENT] Paramètre 'save_dir' du YAML non reconnu par argparse.
[AVERTISSEMENT] Paramètre 'train_batch_size' du YAML non reconnu par argparse.
[AVERTISSEMENT] Paramètre 'val_batch_size' du YAML non reconnu par argparse.
[AVERTISSEMENT] Paramètre 'test_batch_size' du YAML non reconnu par argparse.
[AVERTISSEMENT] Paramètre 'Loss' du YAML non reconnu par argparse.
[AVERTISSEMENT] Paramètre 'number_layers' du YAML non reconnu par argparse.
[AVERTISSEMENT] Paramètre 'number_pd_layers' du YAML non reconnu par argparse.
[AVERTISSEMENT] Paramètre 'resume' du YAML non reconnu par argparse.
=== Lancement : RESU | Stratégie : UNROLLING | Mode : FULL ===
--- Préparation des DataLoaders ---
[INFO] Chargement des données depuis : ./Dataset/data_1
[INFO] Instanciation des MyDataset...
[INFO] Train: 800 | Val: 100 | Test: 100
[INFO] Résultats sauvegardés dans : runs/resu/unrolling/data_1/20260906-185824_full
[INFO] Modèle RESU instancié.
--- [TRAIN] RESU (UNROLLING) | Epochs: 50 | Loss: MSE ---
Ep 1/50 | Tr: 2.0582e-02 | Val: 2.1848e-05 | T: 6.9s
Ep 2/50 | Tr: 2.2337e-05 | Val: 2.1851e-05 | T: 4.2s
Ep 3/50 | Tr: 2.2336e-05 | Val: 2.1851e-05 | T: 4.2s
Ep 4/50 | Tr: 2.2338e-05 | Val: 2.1851e-05 | T: 4.2s
Ep 5/50 | Tr: 2.2341e-05 | Val: 2.1852e-05 | T: 4.2s
Ep 6/50 | Tr: 2.2342e-05 | Val: 2.1852e-05 | T: 4.3s
Ep 7/50 | Tr: 2.2342e-05 | Val: 2.1851e-05 | T: 4.3s
Ep 8/50 | Tr: 2.2339e-05 | Val: 2.1851e-05 | T: 4.3s
Ep 9/50 | Tr: 2.2336e-05 | Val: 2.1850e-05 | T: 4.2s
Ep 10/50 | Tr: 2.2340e-05 | Val: 2.1851e-05 | T: 4.3s
Ep 11/50 | Tr: 2.2338e-05 | Val: 2.1850e-05 | T: 4.3s
Ep 12/50 | Tr: 2.2340e-05 | Val: 2.1852e-05 | T: 4.3s
Ep 13/50 | Tr: 2.2339e-05 | Val: 2.1851e-05 | T: 4.3s
Ep 14/50 | Tr: 2.2340e-05 | Val: 2.1852e-05 | T: 4.3s
Ep 15/50 | Tr: 2.2340e-05 | Val: 2.1851e-05 | T: 4.3s
Ep 16/50 | Tr: 2.2338e-05 | Val: 2.1851e-05 | T: 4.3s
Ep 17/50 | Tr: 2.2346e-05 | Val: 2.1852e-05 | T: 4.3s
Ep 18/50 | Tr: 2.2333e-05 | Val: 2.1851e-05 | T: 4.3s
Ep 19/50 | Tr: 2.2345e-05 | Val: 2.1852e-05 | T: 4.3s
Ep 20/50 | Tr: 2.2339e-05 | Val: 2.1852e-05 | T: 4.3s
Ep 21/50 | Tr: 2.2338e-05 | Val: 2.1852e-05 | T: 4.3s
Ep 22/50 | Tr: 2.2336e-05 | Val: 2.1851e-05 | T: 4.3s
Ep 23/50 | Tr: 2.2334e-05 | Val: 2.1852e-05 | T: 4.3s
Ep 24/50 | Tr: 2.2339e-05 | Val: 2.1852e-05 | T: 4.3s
Ep 25/50 | Tr: 2.2340e-05 | Val: 2.1852e-05 | T: 4.3s
Ep 26/50 | Tr: 2.2345e-05 | Val: 2.1852e-05 | T: 4.3s
Ep 27/50 | Tr: 2.2337e-05 | Val: 2.1852e-05 | T: 4.3s
Ep 28/50 | Tr: 2.2338e-05 | Val: 2.1851e-05 | T: 4.3s
Ep 29/50 | Tr: 2.2336e-05 | Val: 2.1851e-05 | T: 4.3s
Ep 30/50 | Tr: 2.2339e-05 | Val: 2.1851e-05 | T: 4.3s
Ep 31/50 | Tr: 2.2344e-05 | Val: 2.1852e-05 | T: 4.3s
Ep 32/50 | Tr: 2.2336e-05 | Val: 2.1852e-05 | T: 4.3s
Ep 33/50 | Tr: 2.2333e-05 | Val: 2.1851e-05 | T: 4.3s
Ep 34/50 | Tr: 2.3086e-05 | Val: 2.1852e-05 | T: 4.3s
Ep 35/50 | Tr: 2.2340e-05 | Val: 2.1850e-05 | T: 4.3s
Ep 36/50 | Tr: 2.2340e-05 | Val: 2.1852e-05 | T: 4.3s
Ep 37/50 | Tr: 2.2339e-05 | Val: 2.1851e-05 | T: 4.3s
Ep 38/50 | Tr: 2.2337e-05 | Val: 2.1851e-05 | T: 4.3s
Ep 39/50 | Tr: 2.2338e-05 | Val: 2.1851e-05 | T: 4.3s
Ep 40/50 | Tr: 2.2343e-05 | Val: 2.1852e-05 | T: 4.3s
Ep 41/50 | Tr: 2.2336e-05 | Val: 2.1850e-05 | T: 4.3s
Ep 42/50 | Tr: 2.2337e-05 | Val: 2.1852e-05 | T: 4.3s
Ep 43/50 | Tr: 2.2340e-05 | Val: 2.1851e-05 | T: 4.3s
Ep 44/50 | Tr: 2.2339e-05 | Val: 2.1851e-05 | T: 4.3s
Ep 45/50 | Tr: 2.2335e-05 | Val: 2.1851e-05 | T: 4.3s
Ep 46/50 | Tr: 2.2336e-05 | Val: 2.1851e-05 | T: 4.3s
Ep 47/50 | Tr: 2.2336e-05 | Val: 2.1850e-05 | T: 4.3s
Ep 48/50 | Tr: 2.2335e-05 | Val: 2.1852e-05 | T: 4.3s
Ep 49/50 | Tr: 2.2623e-05 | Val: 2.1851e-05 | T: 4.3s
Ep 50/50 | Tr: 2.2336e-05 | Val: 2.1851e-05 | T: 4.3s
[MEM-PROFILE] train_resu_unrolling | Duree: 262.1s | CPU peak: 12.86 MB | GPU peak alloc: 49.62 MB | GPU peak reserve: 56.00 MB
--- [TRAIN] Terminé en 4.37 min ---
--- [TEST] RESU (UNROLLING) | Metric: MSE | Samples: 100 ---
[INFO] Chargement des poids depuis : runs/resu/unrolling/data_1/20260906-185824_full/checkpoints/best_model.pt
[RESULT] Mean MSE: 2.1185e-05 | Median: 2.1301e-05 | Std: 7.0731e-06 | Best: 6.7255e-06 | Worst: 3.7571e-05

=== Exécution Terminée ===
--- Tache 11 (resu/unrolling/data_1) terminee ---
