no change     /scratch/mkalla/miniconda3/condabin/conda
no change     /scratch/mkalla/miniconda3/bin/conda
no change     /scratch/mkalla/miniconda3/bin/conda-env
no change     /scratch/mkalla/miniconda3/bin/activate
no change     /scratch/mkalla/miniconda3/bin/deactivate
no change     /scratch/mkalla/miniconda3/etc/profile.d/conda.sh
no change     /scratch/mkalla/miniconda3/etc/fish/conf.d/conda.fish
no change     /scratch/mkalla/miniconda3/shell/condabin/Conda.psm1
no change     /scratch/mkalla/miniconda3/shell/condabin/conda-hook.ps1
no change     /scratch/mkalla/miniconda3/lib/python3.12/site-packages/xontrib/conda.xsh
no change     /scratch/mkalla/miniconda3/etc/profile.d/conda.csh
no change     /home/opis/mkalla/.bashrc
No action taken.
--- Nombre total de combinaisons definies : 3 ---
--- Job Slurm ID: 504450 | Tache: 2/3 ---
--- Modele: p3mg | Strategie: random_search | Dataset: data_2 | Mode: full ---
[INFO] Exécution verrouillée sur le GPU : 0
[AVERTISSEMENT] Paramètre 'train' du YAML non reconnu par argparse.
[AVERTISSEMENT] Paramètre 'val' du YAML non reconnu par argparse.
[AVERTISSEMENT] Paramètre 'test' du YAML non reconnu par argparse.
[AVERTISSEMENT] Paramètre 'save_dir' du YAML non reconnu par argparse.
[AVERTISSEMENT] Paramètre 'train_batch_size' du YAML non reconnu par argparse.
[AVERTISSEMENT] Paramètre 'val_batch_size' du YAML non reconnu par argparse.
[AVERTISSEMENT] Paramètre 'test_batch_size' du YAML non reconnu par argparse.
[AVERTISSEMENT] Paramètre 'Loss' du YAML non reconnu par argparse.
[AVERTISSEMENT] Paramètre 'number_layers' du YAML non reconnu par argparse.
[AVERTISSEMENT] Paramètre 'number_pd_layers' du YAML non reconnu par argparse.
[AVERTISSEMENT] Paramètre 'resume' du YAML non reconnu par argparse.
=== Lancement : P3MG | Stratégie : RANDOM_SEARCH | Mode : FULL ===
--- Préparation des DataLoaders ---
[INFO] Chargement des données depuis : ./Dataset/data_2
[INFO] Instanciation des MyDataset...
[INFO] Train: 800 | Val: 100 | Test: 100
[INFO] Résultats sauvegardés dans : runs/p3mg/random_search/data_2/20260827-142205_full
--- [TRAIN] P3MG (RANDOM_SEARCH) | Trials: 100 | Loss: MSE ---
   [1/100] New Best! lmbd=6.0438e-04 tau=0.0598 | Loss=8.8069e-06
[RESULT] Best Params: {'lmbd': np.float64(0.0006043781824375978), 'tau': 0.05977140289310721}
--- [TRAIN] Terminé en 977.71 min ---
--- [TEST] P3MG (RANDOM_SEARCH) | Metric: MSE | Samples: 100 ---
[INFO] Paramètres chargés depuis runs/p3mg/random_search/data_2/20260827-142205_full/checkpoints/best_params.json : {'lmbd': 0.0006043781824375978, 'tau': 0.05977140289310721}
[INFO] Application sur 10 batchs avec lmbd=6.0438e-04 tau=0.0598...
[RESULT] Mean MSE: 8.4560e-06 | Median: 8.1835e-06 | Std: 1.8767e-06 | Best: 4.3466e-06 | Worst: 1.3543e-05

=== Exécution Terminée ===
--- Tache 2 (p3mg/random_search/data_2) terminee ---
