no change     /scratch/mkalla/miniconda3/condabin/conda
no change     /scratch/mkalla/miniconda3/bin/conda
no change     /scratch/mkalla/miniconda3/bin/conda-env
no change     /scratch/mkalla/miniconda3/bin/activate
no change     /scratch/mkalla/miniconda3/bin/deactivate
no change     /scratch/mkalla/miniconda3/etc/profile.d/conda.sh
no change     /scratch/mkalla/miniconda3/etc/fish/conf.d/conda.fish
no change     /scratch/mkalla/miniconda3/shell/condabin/Conda.psm1
no change     /scratch/mkalla/miniconda3/shell/condabin/conda-hook.ps1
no change     /scratch/mkalla/miniconda3/lib/python3.12/site-packages/xontrib/conda.xsh
no change     /scratch/mkalla/miniconda3/etc/profile.d/conda.csh
no change     /home/opis/mkalla/.bashrc
No action taken.
--- Nombre total de combinaisons definies : 12 ---
--- Job Slurm ID: 543979 | Tache: 3/12 ---
--- Modele: ista | Strategie: random_search | Dataset: data_1 | Mode: full ---
--- Arguments specifiques : --num_layers 50 --algo_iters 5000 ---
[INFO] Exécution verrouillée sur le GPU : 0
[AVERTISSEMENT] Paramètre 'train' du YAML non reconnu par argparse.
[AVERTISSEMENT] Paramètre 'val' du YAML non reconnu par argparse.
[AVERTISSEMENT] Paramètre 'test' du YAML non reconnu par argparse.
[AVERTISSEMENT] Paramètre 'save_dir' du YAML non reconnu par argparse.
[AVERTISSEMENT] Paramètre 'train_batch_size' du YAML non reconnu par argparse.
[AVERTISSEMENT] Paramètre 'val_batch_size' du YAML non reconnu par argparse.
[AVERTISSEMENT] Paramètre 'test_batch_size' du YAML non reconnu par argparse.
[AVERTISSEMENT] Paramètre 'Loss' du YAML non reconnu par argparse.
[AVERTISSEMENT] Paramètre 'number_layers' du YAML non reconnu par argparse.
[AVERTISSEMENT] Paramètre 'number_pd_layers' du YAML non reconnu par argparse.
[AVERTISSEMENT] Paramètre 'resume' du YAML non reconnu par argparse.
=== Lancement : ISTA | Stratégie : RANDOM_SEARCH | Mode : FULL ===
--- Préparation des DataLoaders ---
[INFO] Chargement des données depuis : ./Dataset/data_1
[INFO] Instanciation des MyDataset...
[INFO] Train: 800 | Val: 100 | Test: 100
[INFO] Résultats sauvegardés dans : runs/ista/random_search/data_1/20260906-171601_full
--- [TRAIN] ISTA (RANDOM_SEARCH) | Trials: 100 | Loss: MSE ---
   [1/100] New Best! lmbd=1.2200e+00 | Loss=1.9165e-05
   [2/100] New Best! lmbd=1.1028e-01 | Loss=1.7842e-05
   [20/100] New Best! lmbd=1.0257e-01 | Loss=1.7734e-05
[MEM-PROFILE] train_ista_random_search | Duree: 152.4s | CPU peak: 0.00 MB | GPU peak alloc: 9.38 MB | GPU peak reserve: 22.00 MB
[RESULT] Best Params: {'lmbd': np.float64(0.10257492255869069)}
--- [TRAIN] Terminé en 2.54 min ---
--- [TEST] ISTA (RANDOM_SEARCH) | Metric: MSE | Samples: 100 ---
[INFO] Paramètres chargés depuis runs/ista/random_search/data_1/20260906-171601_full/checkpoints/best_params.json : {'lmbd': 0.10257492255869069}
[INFO] Application sur 10 batchs avec lmbd=1.0257e-01...
[RESULT] Mean MSE: 1.4578e-05 | Median: 1.4589e-05 | Std: 6.7445e-06 | Best: 2.0195e-06 | Worst: 3.0897e-05

=== Exécution Terminée ===
--- Tache 3 (ista/random_search/data_1) terminee ---
