no change     /scratch/mkalla/miniconda3/condabin/conda
no change     /scratch/mkalla/miniconda3/bin/conda
no change     /scratch/mkalla/miniconda3/bin/conda-env
no change     /scratch/mkalla/miniconda3/bin/activate
no change     /scratch/mkalla/miniconda3/bin/deactivate
no change     /scratch/mkalla/miniconda3/etc/profile.d/conda.sh
no change     /scratch/mkalla/miniconda3/etc/fish/conf.d/conda.fish
no change     /scratch/mkalla/miniconda3/shell/condabin/Conda.psm1
no change     /scratch/mkalla/miniconda3/shell/condabin/conda-hook.ps1
no change     /scratch/mkalla/miniconda3/lib/python3.12/site-packages/xontrib/conda.xsh
no change     /scratch/mkalla/miniconda3/etc/profile.d/conda.csh
no change     /home/opis/mkalla/.bashrc
No action taken.
--- Nombre total de datasets definis : 3 ---
--- Job Slurm ID: 548597 | Tache: 2/3 ---
--- Modele: fista | Strategie: random_search | Dataset: data_2 | Mode: full ---
[INFO] Exécution verrouillée sur le GPU : 0
[AVERTISSEMENT] Paramètre 'train' du YAML non reconnu par argparse.
[AVERTISSEMENT] Paramètre 'val' du YAML non reconnu par argparse.
[AVERTISSEMENT] Paramètre 'test' du YAML non reconnu par argparse.
[AVERTISSEMENT] Paramètre 'save_dir' du YAML non reconnu par argparse.
[AVERTISSEMENT] Paramètre 'train_batch_size' du YAML non reconnu par argparse.
[AVERTISSEMENT] Paramètre 'val_batch_size' du YAML non reconnu par argparse.
[AVERTISSEMENT] Paramètre 'test_batch_size' du YAML non reconnu par argparse.
[AVERTISSEMENT] Paramètre 'Loss' du YAML non reconnu par argparse.
[AVERTISSEMENT] Paramètre 'number_layers' du YAML non reconnu par argparse.
[AVERTISSEMENT] Paramètre 'number_pd_layers' du YAML non reconnu par argparse.
[AVERTISSEMENT] Paramètre 'resume' du YAML non reconnu par argparse.
=== Lancement : FISTA | Stratégie : RANDOM_SEARCH | Mode : FULL ===
--- Préparation des DataLoaders ---
[INFO] Chargement des données depuis : ./Dataset/data_2
[INFO] Instanciation des MyDataset...
[INFO] Train: 800 | Val: 100 | Test: 100
[INFO] Résultats sauvegardés dans : runs/fista/random_search/data_2/20260907-095829_full
--- [TRAIN] FISTA (RANDOM_SEARCH) | Trials: 100 | Loss: MSE ---
   [1/100] New Best! nu=8.0000e-05 | Loss=1.0074e-05
   [3/100] New Best! nu=1.6832e-09 | Loss=9.2553e-06
   [21/100] New Best! nu=1.1449e-09 | Loss=9.1677e-06
[MEM-PROFILE] train_fista_random_search | Duree: 3124.3s | CPU peak: 0.02 MB | GPU peak alloc: 16.91 MB | GPU peak reserve: 24.00 MB
[RESULT] Best Params: {'nu': np.float64(1.1448743836352926e-09)}
--- [TRAIN] Terminé en 52.07 min ---
--- [TEST] FISTA (RANDOM_SEARCH) | Metric: MSE | Samples: 100 ---
[INFO] Paramètres chargés depuis runs/fista/random_search/data_2/20260907-095829_full/checkpoints/best_params.json : {'nu': 1.1448743836352926e-09}
[INFO] Application sur 10 batchs avec nu=1.1449e-09...
[RESULT] Mean MSE: 9.0869e-06 | Median: 8.9788e-06 | Std: 1.3033e-06 | Best: 5.6897e-06 | Worst: 1.2993e-05

=== Exécution Terminée ===
--- Tache 2 (fista/random_search/data_2) terminee ---
