no change     /scratch/mkalla/miniconda3/condabin/conda
no change     /scratch/mkalla/miniconda3/bin/conda
no change     /scratch/mkalla/miniconda3/bin/conda-env
no change     /scratch/mkalla/miniconda3/bin/activate
no change     /scratch/mkalla/miniconda3/bin/deactivate
no change     /scratch/mkalla/miniconda3/etc/profile.d/conda.sh
no change     /scratch/mkalla/miniconda3/etc/fish/conf.d/conda.fish
no change     /scratch/mkalla/miniconda3/shell/condabin/Conda.psm1
no change     /scratch/mkalla/miniconda3/shell/condabin/conda-hook.ps1
no change     /scratch/mkalla/miniconda3/lib/python3.12/site-packages/xontrib/conda.xsh
no change     /scratch/mkalla/miniconda3/etc/profile.d/conda.csh
no change     /home/opis/mkalla/.bashrc
No action taken.
--- Nombre total de combinaisons definies : 30 ---
--- Job Slurm ID: 502218 | Tache: 7/30 ---
--- Modele: hq | Strategie: random_search | Dataset: data_0 | Mode: full ---
--- Arguments specifiques : --num_layers 30 --num_pd_layers 10 --algo_iters 5000 ---
[INFO] Exécution verrouillée sur le GPU : 0
[AVERTISSEMENT] Paramètre 'train' du YAML non reconnu par argparse.
[AVERTISSEMENT] Paramètre 'val' du YAML non reconnu par argparse.
[AVERTISSEMENT] Paramètre 'test' du YAML non reconnu par argparse.
[AVERTISSEMENT] Paramètre 'save_dir' du YAML non reconnu par argparse.
[AVERTISSEMENT] Paramètre 'train_batch_size' du YAML non reconnu par argparse.
[AVERTISSEMENT] Paramètre 'val_batch_size' du YAML non reconnu par argparse.
[AVERTISSEMENT] Paramètre 'test_batch_size' du YAML non reconnu par argparse.
[AVERTISSEMENT] Paramètre 'Loss' du YAML non reconnu par argparse.
[AVERTISSEMENT] Paramètre 'number_layers' du YAML non reconnu par argparse.
[AVERTISSEMENT] Paramètre 'number_pd_layers' du YAML non reconnu par argparse.
[AVERTISSEMENT] Paramètre 'resume' du YAML non reconnu par argparse.
=== Lancement : HQ | Stratégie : RANDOM_SEARCH | Mode : FULL ===
--- Préparation des DataLoaders ---
[INFO] Chargement des données depuis : ./Dataset/data_0
[INFO] Instanciation des MyDataset...
[INFO] Train: 800 | Val: 100 | Test: 100
[INFO] Résultats sauvegardés dans : runs/hq/random_search/data_0/20260826-163149_full
--- [TRAIN] HQ (RANDOM_SEARCH) | Trials: 100 | Loss: MSE ---
   [1/100] New Best! lmbd_cvx=6.0438e-04 lmbd_ncvx=1.6832e-09 gamma=0.5573 | Loss=2.0326e-05
   [40/100] New Best! lmbd_cvx=5.9840e-04 lmbd_ncvx=3.2058e-04 gamma=0.3142 | Loss=2.0323e-05
   [55/100] New Best! lmbd_cvx=1.1748e-07 lmbd_ncvx=1.5355e-01 gamma=1.7207 | Loss=2.0214e-05
[RESULT] Best Params: {'lmbd_cvx': np.float64(1.1747692480771392e-07), 'lmbd_ncvx': np.float64(0.1535528503757831), 'gamma': 1.7206744465049555}
--- [TRAIN] Terminé en 10.53 min ---
--- [TEST] HQ (RANDOM_SEARCH) | Metric: MSE | Samples: 100 ---
[INFO] Paramètres chargés depuis runs/hq/random_search/data_0/20260826-163149_full/checkpoints/best_params.json : {'lmbd_cvx': 1.1747692480771392e-07, 'lmbd_ncvx': 0.1535528503757831, 'gamma': 1.7206744465049555}
[INFO] Application sur 10 batchs avec lmbd_cvx=1.1748e-07 lmbd_ncvx=1.5355e-01 gamma=1.7207...
[RESULT] Mean MSE: 6.5831e-05 | Median: 1.9969e-05 | Std: 1.8273e-04 | Best: 1.1426e-05 | Worst: 8.7862e-04

=== Exécution Terminée ===
--- Tache 7 (hq/random_search/data_0) terminee ---
