no change     /scratch/mkalla/miniconda3/condabin/conda
no change     /scratch/mkalla/miniconda3/bin/conda
no change     /scratch/mkalla/miniconda3/bin/conda-env
no change     /scratch/mkalla/miniconda3/bin/activate
no change     /scratch/mkalla/miniconda3/bin/deactivate
no change     /scratch/mkalla/miniconda3/etc/profile.d/conda.sh
no change     /scratch/mkalla/miniconda3/etc/fish/conf.d/conda.fish
no change     /scratch/mkalla/miniconda3/shell/condabin/Conda.psm1
no change     /scratch/mkalla/miniconda3/shell/condabin/conda-hook.ps1
no change     /scratch/mkalla/miniconda3/lib/python3.12/site-packages/xontrib/conda.xsh
no change     /scratch/mkalla/miniconda3/etc/profile.d/conda.csh
no change     /home/opis/mkalla/.bashrc
No action taken.
--- Nombre total de datasets definis : 3 ---
--- Job Slurm ID: 548988 | Tache: 1/3 ---
--- Modele: ipiano | Strategie: random_search | Dataset: data_1 | Mode: full ---
[INFO] Exécution verrouillée sur le GPU : 0
[AVERTISSEMENT] Paramètre 'train' du YAML non reconnu par argparse.
[AVERTISSEMENT] Paramètre 'val' du YAML non reconnu par argparse.
[AVERTISSEMENT] Paramètre 'test' du YAML non reconnu par argparse.
[AVERTISSEMENT] Paramètre 'save_dir' du YAML non reconnu par argparse.
[AVERTISSEMENT] Paramètre 'train_batch_size' du YAML non reconnu par argparse.
[AVERTISSEMENT] Paramètre 'val_batch_size' du YAML non reconnu par argparse.
[AVERTISSEMENT] Paramètre 'test_batch_size' du YAML non reconnu par argparse.
[AVERTISSEMENT] Paramètre 'Loss' du YAML non reconnu par argparse.
[AVERTISSEMENT] Paramètre 'number_layers' du YAML non reconnu par argparse.
[AVERTISSEMENT] Paramètre 'number_pd_layers' du YAML non reconnu par argparse.
[AVERTISSEMENT] Paramètre 'resume' du YAML non reconnu par argparse.
=== Lancement : IPIANO | Stratégie : RANDOM_SEARCH | Mode : FULL ===
--- Préparation des DataLoaders ---
[INFO] Chargement des données depuis : ./Dataset/data_1
[INFO] Instanciation des MyDataset...
[INFO] Train: 800 | Val: 100 | Test: 100
[INFO] Résultats sauvegardés dans : runs/ipiano/random_search/data_1/20260907-130307_full
--- [TRAIN] IPIANO (RANDOM_SEARCH) | Trials: 100 | Loss: MSE ---
   [1/100] New Best! nu=8.0000e-05 | Loss=2.0887e-05
   [2/100] New Best! nu=6.0438e-04 | Loss=2.0887e-05
   [6/100] New Best! nu=4.5575e-03 | Loss=2.0887e-05
   [8/100] New Best! nu=1.1656e-01 | Loss=2.0875e-05
   [26/100] New Best! nu=4.5138e-01 | Loss=2.0645e-05
[MEM-PROFILE] train_ipiano_random_search | Duree: 3296.8s | CPU peak: 0.02 MB | GPU peak alloc: 10.22 MB | GPU peak reserve: 24.00 MB
[RESULT] Best Params: {'nu': np.float64(0.45137683728166306)}
--- [TRAIN] Terminé en 54.95 min ---
--- [TEST] IPIANO (RANDOM_SEARCH) | Metric: MSE | Samples: 100 ---
[INFO] Paramètres chargés depuis runs/ipiano/random_search/data_1/20260907-130307_full/checkpoints/best_params.json : {'nu': 0.45137683728166306}
[INFO] Application sur 10 batchs avec nu=4.5138e-01...
[RESULT] Mean MSE: 1.8258e-05 | Median: 1.8150e-05 | Std: 6.9695e-06 | Best: 3.9908e-06 | Worst: 3.4179e-05

=== Exécution Terminée ===
--- Tache 1 (ipiano/random_search/data_1) terminee ---
