no change     /scratch/mkalla/miniconda3/condabin/conda
no change     /scratch/mkalla/miniconda3/bin/conda
no change     /scratch/mkalla/miniconda3/bin/conda-env
no change     /scratch/mkalla/miniconda3/bin/activate
no change     /scratch/mkalla/miniconda3/bin/deactivate
no change     /scratch/mkalla/miniconda3/etc/profile.d/conda.sh
no change     /scratch/mkalla/miniconda3/etc/fish/conf.d/conda.fish
no change     /scratch/mkalla/miniconda3/shell/condabin/Conda.psm1
no change     /scratch/mkalla/miniconda3/shell/condabin/conda-hook.ps1
no change     /scratch/mkalla/miniconda3/lib/python3.12/site-packages/xontrib/conda.xsh
no change     /scratch/mkalla/miniconda3/etc/profile.d/conda.csh
no change     /home/opis/mkalla/.bashrc
No action taken.
--- Nombre total de combinaisons definies : 12 ---
--- Job Slurm ID: 544003 | Tache: 6/12 ---
--- Modele: pd | Strategie: unrolling | Dataset: data_1 | Mode: full ---
--- Arguments specifiques : --num_layers 50 ---
[INFO] Exécution verrouillée sur le GPU : 0
[AVERTISSEMENT] Paramètre 'train' du YAML non reconnu par argparse.
[AVERTISSEMENT] Paramètre 'val' du YAML non reconnu par argparse.
[AVERTISSEMENT] Paramètre 'test' du YAML non reconnu par argparse.
[AVERTISSEMENT] Paramètre 'save_dir' du YAML non reconnu par argparse.
[AVERTISSEMENT] Paramètre 'train_batch_size' du YAML non reconnu par argparse.
[AVERTISSEMENT] Paramètre 'val_batch_size' du YAML non reconnu par argparse.
[AVERTISSEMENT] Paramètre 'test_batch_size' du YAML non reconnu par argparse.
[AVERTISSEMENT] Paramètre 'Loss' du YAML non reconnu par argparse.
[AVERTISSEMENT] Paramètre 'number_layers' du YAML non reconnu par argparse.
[AVERTISSEMENT] Paramètre 'number_pd_layers' du YAML non reconnu par argparse.
[AVERTISSEMENT] Paramètre 'resume' du YAML non reconnu par argparse.
=== Lancement : PD | Stratégie : UNROLLING | Mode : FULL ===
--- Préparation des DataLoaders ---
[INFO] Chargement des données depuis : ./Dataset/data_1
[INFO] Instanciation des MyDataset...
[INFO] Train: 800 | Val: 100 | Test: 100
[INFO] Résultats sauvegardés dans : runs/pd/unrolling/data_1/20260906-173600_full
[INFO] Modèle PD instancié.
--- [TRAIN] PD (UNROLLING) | Epochs: 50 | Loss: MSE ---
Ep 1/50 | Tr: 1.7455e-05 | Val: 1.6738e-05 | T: 88.9s
Ep 2/50 | Tr: 1.7035e-05 | Val: 1.6376e-05 | T: 87.7s
Ep 3/50 | Tr: 1.6715e-05 | Val: 1.6102e-05 | T: 87.6s
Ep 4/50 | Tr: 1.6475e-05 | Val: 1.5901e-05 | T: 87.6s
Ep 5/50 | Tr: 1.6299e-05 | Val: 1.5750e-05 | T: 87.5s
Ep 6/50 | Tr: 1.6167e-05 | Val: 1.5637e-05 | T: 88.7s
Ep 7/50 | Tr: 1.6065e-05 | Val: 1.5550e-05 | T: 88.2s
Ep 8/50 | Tr: 1.5986e-05 | Val: 1.5482e-05 | T: 88.2s
Ep 9/50 | Tr: 1.5925e-05 | Val: 1.5427e-05 | T: 88.1s
Ep 10/50 | Tr: 1.5875e-05 | Val: 1.5383e-05 | T: 88.3s
Ep 11/50 | Tr: 1.5835e-05 | Val: 1.5347e-05 | T: 88.3s
Ep 12/50 | Tr: 1.5802e-05 | Val: 1.5317e-05 | T: 88.4s
Ep 13/50 | Tr: 1.5775e-05 | Val: 1.5293e-05 | T: 88.4s
Ep 14/50 | Tr: 1.5752e-05 | Val: 1.5271e-05 | T: 88.3s
Ep 15/50 | Tr: 1.5732e-05 | Val: 1.5253e-05 | T: 88.4s
Ep 16/50 | Tr: 1.5715e-05 | Val: 1.5238e-05 | T: 88.4s
Ep 17/50 | Tr: 1.5701e-05 | Val: 1.5225e-05 | T: 88.4s
Ep 18/50 | Tr: 1.5689e-05 | Val: 1.5213e-05 | T: 88.4s
Ep 19/50 | Tr: 1.5678e-05 | Val: 1.5203e-05 | T: 88.3s
Ep 20/50 | Tr: 1.5668e-05 | Val: 1.5195e-05 | T: 88.6s
Ep 21/50 | Tr: 1.5660e-05 | Val: 1.5187e-05 | T: 88.3s
Ep 22/50 | Tr: 1.5653e-05 | Val: 1.5181e-05 | T: 88.5s
Ep 23/50 | Tr: 1.5647e-05 | Val: 1.5175e-05 | T: 88.5s
Ep 24/50 | Tr: 1.5642e-05 | Val: 1.5170e-05 | T: 88.7s
Ep 25/50 | Tr: 1.5638e-05 | Val: 1.5166e-05 | T: 88.4s
Ep 26/50 | Tr: 1.5634e-05 | Val: 1.5163e-05 | T: 88.2s
Ep 27/50 | Tr: 1.5630e-05 | Val: 1.5160e-05 | T: 88.3s
Ep 28/50 | Tr: 1.5627e-05 | Val: 1.5157e-05 | T: 88.3s
Ep 29/50 | Tr: 1.5625e-05 | Val: 1.5154e-05 | T: 88.4s
Ep 30/50 | Tr: 1.5623e-05 | Val: 1.5152e-05 | T: 88.3s
Ep 31/50 | Tr: 1.5621e-05 | Val: 1.5151e-05 | T: 88.4s
Ep 32/50 | Tr: 1.5619e-05 | Val: 1.5149e-05 | T: 88.5s
Ep 33/50 | Tr: 1.5617e-05 | Val: 1.5147e-05 | T: 88.2s
Ep 34/50 | Tr: 1.5616e-05 | Val: 1.5146e-05 | T: 88.5s
Ep 35/50 | Tr: 1.5615e-05 | Val: 1.5145e-05 | T: 88.2s
Ep 36/50 | Tr: 1.5613e-05 | Val: 1.5144e-05 | T: 88.4s
Ep 37/50 | Tr: 1.5612e-05 | Val: 1.5143e-05 | T: 88.5s
Ep 38/50 | Tr: 1.5611e-05 | Val: 1.5142e-05 | T: 88.6s
Ep 39/50 | Tr: 1.5610e-05 | Val: 1.5141e-05 | T: 88.6s
Ep 40/50 | Tr: 1.5610e-05 | Val: 1.5140e-05 | T: 88.4s
Ep 41/50 | Tr: 1.5609e-05 | Val: 1.5139e-05 | T: 88.4s
Ep 42/50 | Tr: 1.5608e-05 | Val: 1.5138e-05 | T: 88.3s
Ep 43/50 | Tr: 1.5607e-05 | Val: 1.5138e-05 | T: 88.6s
Ep 44/50 | Tr: 1.5607e-05 | Val: 1.5137e-05 | T: 88.3s
Ep 45/50 | Tr: 1.5606e-05 | Val: 1.5136e-05 | T: 88.5s
Ep 46/50 | Tr: 1.5605e-05 | Val: 1.5136e-05 | T: 88.4s
Ep 47/50 | Tr: 1.5605e-05 | Val: 1.5135e-05 | T: 88.4s
Ep 48/50 | Tr: 1.5604e-05 | Val: 1.5135e-05 | T: 88.6s
Ep 49/50 | Tr: 1.5604e-05 | Val: 1.5134e-05 | T: 88.3s
Ep 50/50 | Tr: 1.5603e-05 | Val: 1.5134e-05 | T: 88.3s
[MEM-PROFILE] train_pd_unrolling | Duree: 4507.6s | CPU peak: 7.73 MB | GPU peak alloc: 36.85 MB | GPU peak reserve: 62.00 MB
--- [TRAIN] Terminé en 75.13 min ---
--- [TEST] PD (UNROLLING) | Metric: MSE | Samples: 100 ---
[INFO] Chargement des poids depuis : runs/pd/unrolling/data_1/20260906-173600_full/checkpoints/best_model.pt
[RESULT] Mean MSE: 1.4604e-05 | Median: 1.4653e-05 | Std: 6.7620e-06 | Best: 2.1993e-06 | Worst: 3.1321e-05

=== Exécution Terminée ===
--- Tache 6 (pd/unrolling/data_1) terminee ---
