no change     /scratch/mkalla/miniconda3/condabin/conda
no change     /scratch/mkalla/miniconda3/bin/conda
no change     /scratch/mkalla/miniconda3/bin/conda-env
no change     /scratch/mkalla/miniconda3/bin/activate
no change     /scratch/mkalla/miniconda3/bin/deactivate
no change     /scratch/mkalla/miniconda3/etc/profile.d/conda.sh
no change     /scratch/mkalla/miniconda3/etc/fish/conf.d/conda.fish
no change     /scratch/mkalla/miniconda3/shell/condabin/Conda.psm1
no change     /scratch/mkalla/miniconda3/shell/condabin/conda-hook.ps1
no change     /scratch/mkalla/miniconda3/lib/python3.12/site-packages/xontrib/conda.xsh
no change     /scratch/mkalla/miniconda3/etc/profile.d/conda.csh
no change     /home/opis/mkalla/.bashrc
No action taken.
--- Nombre total de combinaisons definies : 9 ---
--- Job Slurm ID: 550220 | Tache: 7/9 ---
--- Modele: fcun | Strategie: unrolling | Dataset: data_1 | Mode: full ---
--- Arguments specifiques : (aucun) ---
[INFO] Exécution verrouillée sur le GPU : 0
[AVERTISSEMENT] Paramètre 'train' du YAML non reconnu par argparse.
[AVERTISSEMENT] Paramètre 'val' du YAML non reconnu par argparse.
[AVERTISSEMENT] Paramètre 'test' du YAML non reconnu par argparse.
[AVERTISSEMENT] Paramètre 'save_dir' du YAML non reconnu par argparse.
[AVERTISSEMENT] Paramètre 'train_batch_size' du YAML non reconnu par argparse.
[AVERTISSEMENT] Paramètre 'val_batch_size' du YAML non reconnu par argparse.
[AVERTISSEMENT] Paramètre 'test_batch_size' du YAML non reconnu par argparse.
[AVERTISSEMENT] Paramètre 'Loss' du YAML non reconnu par argparse.
[AVERTISSEMENT] Paramètre 'number_layers' du YAML non reconnu par argparse.
[AVERTISSEMENT] Paramètre 'number_pd_layers' du YAML non reconnu par argparse.
[AVERTISSEMENT] Paramètre 'resume' du YAML non reconnu par argparse.
=== Lancement : FCUN | Stratégie : UNROLLING | Mode : FULL ===
--- Préparation des DataLoaders ---
[INFO] Chargement des données depuis : ./Dataset/data_1
[INFO] Instanciation des MyDataset...
[INFO] Train: 800 | Val: 100 | Test: 100
[INFO] Résultats sauvegardés dans : runs/fcun/unrolling/data_1/20260907-163830_full
[INFO] Modèle FCUN instancié.
--- [TRAIN] FCUN (UNROLLING) | Epochs: 50 | Loss: MSE ---
Ep 1/50 | Tr: 1.0355e-02 | Val: 2.1150e-05 | T: 1.8s
Ep 2/50 | Tr: 2.1672e-05 | Val: 2.1112e-05 | T: 1.6s
Ep 3/50 | Tr: 2.1662e-05 | Val: 2.1060e-05 | T: 1.6s
Ep 4/50 | Tr: 2.1627e-05 | Val: 2.0989e-05 | T: 1.6s
Ep 5/50 | Tr: 2.1616e-05 | Val: 2.0994e-05 | T: 1.5s
Ep 6/50 | Tr: 2.1580e-05 | Val: 2.0950e-05 | T: 1.6s
Ep 7/50 | Tr: 2.1632e-05 | Val: 2.0921e-05 | T: 1.6s
Ep 8/50 | Tr: 2.1537e-05 | Val: 2.0863e-05 | T: 1.6s
Ep 9/50 | Tr: 2.1437e-05 | Val: 2.0837e-05 | T: 1.6s
Ep 10/50 | Tr: 2.1440e-05 | Val: 2.0721e-05 | T: 1.6s
Ep 11/50 | Tr: 2.1387e-05 | Val: 2.0641e-05 | T: 1.6s
Ep 12/50 | Tr: 2.1321e-05 | Val: 2.0599e-05 | T: 1.6s
Ep 13/50 | Tr: 2.1264e-05 | Val: 2.0441e-05 | T: 1.6s
Ep 14/50 | Tr: 2.1215e-05 | Val: 2.0358e-05 | T: 1.6s
Ep 15/50 | Tr: 2.1088e-05 | Val: 2.0301e-05 | T: 1.6s
Ep 16/50 | Tr: 2.1011e-05 | Val: 2.0282e-05 | T: 1.6s
Ep 17/50 | Tr: 2.0904e-05 | Val: 2.0042e-05 | T: 1.6s
Ep 18/50 | Tr: 2.0689e-05 | Val: 1.9933e-05 | T: 1.6s
Ep 19/50 | Tr: 2.0517e-05 | Val: 1.9489e-05 | T: 1.6s
Ep 20/50 | Tr: 2.0328e-05 | Val: 1.9513e-05 | T: 1.6s
Ep 21/50 | Tr: 2.0044e-05 | Val: 1.9283e-05 | T: 1.6s
Ep 22/50 | Tr: 1.9775e-05 | Val: 1.8805e-05 | T: 1.6s
Ep 23/50 | Tr: 1.9551e-05 | Val: 1.8496e-05 | T: 1.6s
Ep 24/50 | Tr: 1.9208e-05 | Val: 1.8172e-05 | T: 1.6s
Ep 25/50 | Tr: 1.8966e-05 | Val: 1.7978e-05 | T: 1.6s
Ep 26/50 | Tr: 1.8637e-05 | Val: 1.7552e-05 | T: 1.6s
Ep 27/50 | Tr: 1.8294e-05 | Val: 1.7046e-05 | T: 1.6s
Ep 28/50 | Tr: 1.8029e-05 | Val: 1.6928e-05 | T: 1.6s
Ep 29/50 | Tr: 1.7571e-05 | Val: 1.6317e-05 | T: 1.6s
Ep 30/50 | Tr: 1.7384e-05 | Val: 1.6002e-05 | T: 1.6s
Ep 31/50 | Tr: 1.6951e-05 | Val: 1.5400e-05 | T: 1.6s
Ep 32/50 | Tr: 1.6571e-05 | Val: 1.5146e-05 | T: 1.6s
Ep 33/50 | Tr: 1.6331e-05 | Val: 1.4908e-05 | T: 1.6s
Ep 34/50 | Tr: 1.6178e-05 | Val: 1.4363e-05 | T: 1.6s
Ep 35/50 | Tr: 1.5740e-05 | Val: 1.3877e-05 | T: 1.6s
Ep 36/50 | Tr: 1.5299e-05 | Val: 1.3498e-05 | T: 1.6s
Ep 37/50 | Tr: 1.4963e-05 | Val: 1.3266e-05 | T: 1.6s
Ep 38/50 | Tr: 1.4487e-05 | Val: 1.3070e-05 | T: 1.6s
Ep 39/50 | Tr: 1.4268e-05 | Val: 1.2686e-05 | T: 1.6s
Ep 40/50 | Tr: 1.3838e-05 | Val: 1.1955e-05 | T: 1.6s
Ep 41/50 | Tr: 1.3500e-05 | Val: 1.1704e-05 | T: 1.6s
Ep 42/50 | Tr: 1.3491e-05 | Val: 1.1383e-05 | T: 1.6s
Ep 43/50 | Tr: 1.3152e-05 | Val: 1.1359e-05 | T: 1.6s
Ep 44/50 | Tr: 1.2712e-05 | Val: 1.0982e-05 | T: 1.6s
Ep 45/50 | Tr: 1.3014e-05 | Val: 1.0599e-05 | T: 1.6s
Ep 46/50 | Tr: 1.2760e-05 | Val: 1.0423e-05 | T: 1.6s
Ep 47/50 | Tr: 1.2291e-05 | Val: 1.0314e-05 | T: 1.6s
Ep 48/50 | Tr: 1.2224e-05 | Val: 9.9874e-06 | T: 1.6s
Ep 49/50 | Tr: 1.2368e-05 | Val: 1.0210e-05 | T: 1.6s
Ep 50/50 | Tr: 1.2032e-05 | Val: 1.0050e-05 | T: 1.6s
[MEM-PROFILE] train_fcun_unrolling | Duree: 115.4s | CPU peak: 12.83 MB | GPU peak alloc: 43.59 MB | GPU peak reserve: 56.00 MB
--- [TRAIN] Terminé en 1.92 min ---
--- [TEST] FCUN (UNROLLING) | Metric: MSE | Samples: 100 ---
[INFO] Chargement des poids depuis : runs/fcun/unrolling/data_1/20260907-163830_full/checkpoints/best_model.pt
[RESULT] Mean MSE: 9.2339e-06 | Median: 8.7571e-06 | Std: 4.5756e-06 | Best: 2.3152e-06 | Worst: 2.4028e-05

=== Exécution Terminée ===
--- Tache 7 (fcun/unrolling/data_1) terminee ---
